Archive member included to satisfy reference by file (symbol)

C:/ST/STM32CubeIDE_1.14.1/STM32CubeIDE/plugins/com.st.stm32cube.ide.mcu.externaltools.gnu-tools-for-stm32.12.3.rel1.win32_1.0.100.202403111256/tools/bin/../lib/gcc/arm-none-eabi/12.3.1/../../../../arm-none-eabi/lib/thumb/v7e-m+fp/hard\libc_nano.a(libc_a-exit.o)
                              C:/ST/STM32CubeIDE_1.14.1/STM32CubeIDE/plugins/com.st.stm32cube.ide.mcu.externaltools.gnu-tools-for-stm32.12.3.rel1.win32_1.0.100.202403111256/tools/bin/../lib/gcc/arm-none-eabi/12.3.1/../../../../arm-none-eabi/lib/thumb/v7e-m+fp/hard/crt0.o (exit)
C:/ST/STM32CubeIDE_1.14.1/STM32CubeIDE/plugins/com.st.stm32cube.ide.mcu.externaltools.gnu-tools-for-stm32.12.3.rel1.win32_1.0.100.202403111256/tools/bin/../lib/gcc/arm-none-eabi/12.3.1/../../../../arm-none-eabi/lib/thumb/v7e-m+fp/hard\libc_nano.a(libc_a-findfp.o)
                              C:/ST/STM32CubeIDE_1.14.1/STM32CubeIDE/plugins/com.st.stm32cube.ide.mcu.externaltools.gnu-tools-for-stm32.12.3.rel1.win32_1.0.100.202403111256/tools/bin/../lib/gcc/arm-none-eabi/12.3.1/../../../../arm-none-eabi/lib/thumb/v7e-m+fp/hard\libc_nano.a(libc_a-exit.o) (__stdio_exit_handler)
C:/ST/STM32CubeIDE_1.14.1/STM32CubeIDE/plugins/com.st.stm32cube.ide.mcu.externaltools.gnu-tools-for-stm32.12.3.rel1.win32_1.0.100.202403111256/tools/bin/../lib/gcc/arm-none-eabi/12.3.1/../../../../arm-none-eabi/lib/thumb/v7e-m+fp/hard\libc_nano.a(libc_a-fwalk.o)
                              C:/ST/STM32CubeIDE_1.14.1/STM32CubeIDE/plugins/com.st.stm32cube.ide.mcu.externaltools.gnu-tools-for-stm32.12.3.rel1.win32_1.0.100.202403111256/tools/bin/../lib/gcc/arm-none-eabi/12.3.1/../../../../arm-none-eabi/lib/thumb/v7e-m+fp/hard\libc_nano.a(libc_a-findfp.o) (_fwalk_sglue)
C:/ST/STM32CubeIDE_1.14.1/STM32CubeIDE/plugins/com.st.stm32cube.ide.mcu.externaltools.gnu-tools-for-stm32.12.3.rel1.win32_1.0.100.202403111256/tools/bin/../lib/gcc/arm-none-eabi/12.3.1/../../../../arm-none-eabi/lib/thumb/v7e-m+fp/hard\libc_nano.a(libc_a-stdio.o)
                              C:/ST/STM32CubeIDE_1.14.1/STM32CubeIDE/plugins/com.st.stm32cube.ide.mcu.externaltools.gnu-tools-for-stm32.12.3.rel1.win32_1.0.100.202403111256/tools/bin/../lib/gcc/arm-none-eabi/12.3.1/../../../../arm-none-eabi/lib/thumb/v7e-m+fp/hard\libc_nano.a(libc_a-findfp.o) (__sread)
C:/ST/STM32CubeIDE_1.14.1/STM32CubeIDE/plugins/com.st.stm32cube.ide.mcu.externaltools.gnu-tools-for-stm32.12.3.rel1.win32_1.0.100.202403111256/tools/bin/../lib/gcc/arm-none-eabi/12.3.1/../../../../arm-none-eabi/lib/thumb/v7e-m+fp/hard\libc_nano.a(libc_a-memset.o)
                              C:/ST/STM32CubeIDE_1.14.1/STM32CubeIDE/plugins/com.st.stm32cube.ide.mcu.externaltools.gnu-tools-for-stm32.12.3.rel1.win32_1.0.100.202403111256/tools/bin/../lib/gcc/arm-none-eabi/12.3.1/../../../../arm-none-eabi/lib/thumb/v7e-m+fp/hard/crt0.o (memset)
C:/ST/STM32CubeIDE_1.14.1/STM32CubeIDE/plugins/com.st.stm32cube.ide.mcu.externaltools.gnu-tools-for-stm32.12.3.rel1.win32_1.0.100.202403111256/tools/bin/../lib/gcc/arm-none-eabi/12.3.1/../../../../arm-none-eabi/lib/thumb/v7e-m+fp/hard\libc_nano.a(libc_a-closer.o)
                              C:/ST/STM32CubeIDE_1.14.1/STM32CubeIDE/plugins/com.st.stm32cube.ide.mcu.externaltools.gnu-tools-for-stm32.12.3.rel1.win32_1.0.100.202403111256/tools/bin/../lib/gcc/arm-none-eabi/12.3.1/../../../../arm-none-eabi/lib/thumb/v7e-m+fp/hard\libc_nano.a(libc_a-stdio.o) (_close_r)
C:/ST/STM32CubeIDE_1.14.1/STM32CubeIDE/plugins/com.st.stm32cube.ide.mcu.externaltools.gnu-tools-for-stm32.12.3.rel1.win32_1.0.100.202403111256/tools/bin/../lib/gcc/arm-none-eabi/12.3.1/../../../../arm-none-eabi/lib/thumb/v7e-m+fp/hard\libc_nano.a(libc_a-reent.o)
                              C:/ST/STM32CubeIDE_1.14.1/STM32CubeIDE/plugins/com.st.stm32cube.ide.mcu.externaltools.gnu-tools-for-stm32.12.3.rel1.win32_1.0.100.202403111256/tools/bin/../lib/gcc/arm-none-eabi/12.3.1/../../../../arm-none-eabi/lib/thumb/v7e-m+fp/hard\libc_nano.a(libc_a-closer.o) (errno)
C:/ST/STM32CubeIDE_1.14.1/STM32CubeIDE/plugins/com.st.stm32cube.ide.mcu.externaltools.gnu-tools-for-stm32.12.3.rel1.win32_1.0.100.202403111256/tools/bin/../lib/gcc/arm-none-eabi/12.3.1/../../../../arm-none-eabi/lib/thumb/v7e-m+fp/hard\libc_nano.a(libc_a-impure.o)
                              C:/ST/STM32CubeIDE_1.14.1/STM32CubeIDE/plugins/com.st.stm32cube.ide.mcu.externaltools.gnu-tools-for-stm32.12.3.rel1.win32_1.0.100.202403111256/tools/bin/../lib/gcc/arm-none-eabi/12.3.1/../../../../arm-none-eabi/lib/thumb/v7e-m+fp/hard\libc_nano.a(libc_a-reent.o) (_impure_ptr)
C:/ST/STM32CubeIDE_1.14.1/STM32CubeIDE/plugins/com.st.stm32cube.ide.mcu.externaltools.gnu-tools-for-stm32.12.3.rel1.win32_1.0.100.202403111256/tools/bin/../lib/gcc/arm-none-eabi/12.3.1/../../../../arm-none-eabi/lib/thumb/v7e-m+fp/hard\libc_nano.a(libc_a-lseekr.o)
[...]
Memory Configuration

Name             Origin             Length             Attributes
RAM              0x20000000         0x00050000         xrw
FLASH            0x08000000         0x00100000         xr
*default*        0x00000000         0xffffffff

Linker script and memory map

LOAD C:/ST/STM32CubeIDE_1.14.1/STM32CubeIDE/plugins/com.st.stm32cube.ide.mcu.externaltools.gnu-tools-for-stm32.12.3.rel1.win32_1.0.100.202403111256/tools/bin/../lib/gcc/arm-none-eabi/12.3.1/thumb/v7e-m+fp/hard/crti.o
LOAD C:/ST/STM32CubeIDE_1.14.1/STM32CubeIDE/plugins/com.st.stm32cube.ide.mcu.externaltools.gnu-tools-for-stm32.12.3.rel1.win32_1.0.100.202403111256/tools/bin/../lib/gcc/arm-none-eabi/12.3.1/thumb/v7e-m+fp/hard/crtbegin.o
LOAD C:/ST/STM32CubeIDE_1.14.1/STM32CubeIDE/plugins/com.st.stm32cube.ide.mcu.externaltools.gnu-tools-for-stm32.12.3.rel1.win32_1.0.100.202403111256/tools/bin/../lib/gcc/arm-none-eabi/12.3.1/../../../../arm-none-eabi/lib/thumb/v7e-m+fp/hard/crt0.o
LOAD ./Core/Src/adc.o
LOAD ./Core/Src/dac.o
LOAD ./Core/Src/dma2d.o
LOAD ./Core/Src/fmc.o
LOAD ./Core/Src/freertos.o
LOAD ./Core/Src/ft5336.o
LOAD ./Core/Src/gpio.o
LOAD ./Core/Src/i2c.o
LOAD ./Core/Src/ltdc.o
LOAD ./Core/Src/main.o
LOAD ./Core/Src/rtc.o
LOAD ./Core/Src/spi.o
LOAD ./Core/Src/stm32746g_discovery.o
LOAD ./Core/Src/stm32746g_discovery_lcd.o
LOAD ./Core/Src/stm32746g_discovery_sdram.o
LOAD ./Core/Src/stm32746g_discovery_ts.o
LOAD ./Core/Src/stm32f7xx_hal_msp.o
LOAD ./Core/Src/stm32f7xx_hal_timebase_tim.o
LOAD ./Core/Src/stm32f7xx_it.o
LOAD ./Core/Src/syscalls.o
LOAD ./Core/Src/sysmem.o
LOAD ./Core/Src/system_stm32f7xx.o
LOAD ./Core/Src/tim.o
LOAD ./Core/Src/usart.o
LOAD ./Core/Startup/startup_stm32f746nghx.o
LOAD ./Drivers/STM32F7xx_HAL_Driver/Src/stm32f7xx_hal.o
LOAD ./Drivers/STM32F7xx_HAL_Driver/Src/stm32f7xx_hal_adc.o
LOAD ./Drivers/STM32F7xx_HAL_Driver/Src/stm32f7xx_hal_adc_ex.o
LOAD ./Drivers/STM32F7xx_HAL_Driver/Src/stm32f7xx_hal_cortex.o
LOAD ./Drivers/STM32F7xx_HAL_Driver/Src/stm32f7xx_hal_dac.o
LOAD ./Drivers/STM32F7xx_HAL_Driver/Src/stm32f7xx_hal_dac_ex.o
LOAD ./Drivers/STM32F7xx_HAL_Driver/Src/stm32f7xx_hal_dma.o
LOAD ./Drivers/STM32F7xx_HAL_Driver/Src/stm32f7xx_hal_dma2d.o
LOAD ./Drivers/STM32F7xx_HAL_Driver/Src/stm32f7xx_hal_dma_ex.o
LOAD ./Drivers/STM32F7xx_HAL_Driver/Src/stm32f7xx_hal_dsi.o
LOAD ./Drivers/STM32F7xx_HAL_Driver/Src/stm32f7xx_hal_exti.o
LOAD ./Drivers/STM32F7xx_HAL_Driver/Src/stm32f7xx_hal_flash.o
LOAD ./Drivers/STM32F7xx_HAL_Driver/Src/stm32f7xx_hal_flash_ex.o
LOAD ./Drivers/STM32F7xx_HAL_Driver/Src/stm32f7xx_hal_gpio.o
LOAD ./Drivers/STM32F7xx_HAL_Driver/Src/stm32f7xx_hal_i2c.o
LOAD ./Drivers/STM32F7xx_HAL_Driver/Src/stm32f7xx_hal_i2c_ex.o
LOAD ./Drivers/STM32F7xx_HAL_Driver/Src/stm32f7xx_hal_ltdc.o
LOAD ./Drivers/STM32F7xx_HAL_Driver/Src/stm32f7xx_hal_ltdc_ex.o
LOAD ./Drivers/STM32F7xx_HAL_Driver/Src/stm32f7xx_hal_pwr.o
LOAD ./Drivers/STM32F7xx_HAL_Driver/Src/stm32f7xx_hal_pwr_ex.o
LOAD ./Drivers/STM32F7xx_HAL_Driver/Src/stm32f7xx_hal_rcc.o
LOAD ./Drivers/STM32F7xx_HAL_Driver/Src/stm32f7xx_hal_rcc_ex.o
LOAD ./Drivers/STM32F7xx_HAL_Driver/Src/stm32f7xx_hal_rtc.o
LOAD ./Drivers/STM32F7xx_HAL_Driver/Src/stm32f7xx_hal_rtc_ex.o
LOAD ./Drivers/STM32F7xx_HAL_Driver/Src/stm32f7xx_hal_sdram.o
LOAD ./Drivers/STM32F7xx_HAL_Driver/Src/stm32f7xx_hal_spi.o
LOAD ./Drivers/STM32F7xx_HAL_Driver/Src/stm32f7xx_hal_spi_ex.o
LOAD ./Drivers/STM32F7xx_HAL_Driver/Src/stm32f7xx_hal_tim.o
LOAD ./Drivers/STM32F7xx_HAL_Driver/Src/stm32f7xx_hal_tim_ex.o
LOAD ./Drivers/STM32F7xx_HAL_Driver/Src/stm32f7xx_hal_uart.o
LOAD ./Drivers/STM32F7xx_HAL_Driver/Src/stm32f7xx_hal_uart_ex.o
LOAD ./Drivers/STM32F7xx_HAL_Driver/Src/stm32f7xx_ll_fmc.o
LOAD ./Middlewares/Third_Party/FreeRTOS/Source/CMSIS_RTOS/cmsis_os.o
LOAD ./Middlewares/Third_Party/FreeRTOS/Source/croutine.o
LOAD ./Middlewares/Third_Party/FreeRTOS/Source/event_groups.o
LOAD ./Middlewares/Third_Party/FreeRTOS/Source/list.o
LOAD ./Middlewares/Third_Party/FreeRTOS/Source/queue.o
LOAD ./Middlewares/Third_Party/FreeRTOS/Source/stream_buffer.o
LOAD ./Middlewares/Third_Party/FreeRTOS/Source/tasks.o
LOAD ./Middlewares/Third_Party/FreeRTOS/Source/timers.o
LOAD ./Middlewares/Third_Party/FreeRTOS/Source/portable/GCC/ARM_CM7/r0p1/port.o
LOAD ./Middlewares/Third_Party/FreeRTOS/Source/portable/MemMang/heap_4.o
START GROUP
LOAD C:/ST/STM32CubeIDE_1.14.1/STM32CubeIDE/plugins/com.st.stm32cube.ide.mcu.externaltools.gnu-tools-for-stm32.12.3.rel1.win32_1.0.100.202403111256/tools/bin/../lib/gcc/arm-none-eabi/12.3.1/../../../../arm-none-eabi/lib/thumb/v7e-m+fp/hard\libc_nano.a
LOAD C:/ST/STM32CubeIDE_1.14.1/STM32CubeIDE/plugins/com.st.stm32cube.ide.mcu.externaltools.gnu-tools-for-stm32.12.3.rel1.win32_1.0.100.202403111256/tools/bin/../lib/gcc/arm-none-eabi/12.3.1/../../../../arm-none-eabi/lib/thumb/v7e-m+fp/hard\libm.a
END GROUP
START GROUP
LOAD C:/ST/STM32CubeIDE_1.14.1/STM32CubeIDE/plugins/com.st.stm32cube.ide.mcu.externaltools.gnu-tools-for-stm32.12.3.rel1.win32_1.0.100.202403111256/tools/bin/../lib/gcc/arm-none-eabi/12.3.1/thumb/v7e-m+fp/hard\libgcc.a
LOAD C:/ST/STM32CubeIDE_1.14.1/STM32CubeIDE/plugins/com.st.stm32cube.ide.mcu.externaltools.gnu-tools-for-stm32.12.3.rel1.win32_1.0.100.202403111256/tools/bin/../lib/gcc/arm-none-eabi/12.3.1/../../../../arm-none-eabi/lib/thumb/v7e-m+fp/hard\libc_nano.a
END GROUP
START GROUP
LOAD C:/ST/STM32CubeIDE_1.14.1/STM32CubeIDE/plugins/com.st.stm32cube.ide.mcu.externaltools.gnu-tools-for-stm32.12.3.rel1.win32_1.0.100.202403111256/tools/bin/../lib/gcc/arm-none-eabi/12.3.1/thumb/v7e-m+fp/hard\libgcc.a
LOAD C:/ST/STM32CubeIDE_1.14.1/STM32CubeIDE/plugins/com.st.stm32cube.ide.mcu.externaltools.gnu-tools-for-stm32.12.3.rel1.win32_1.0.100.202403111256/tools/bin/../lib/gcc/arm-none-eabi/12.3.1/../../../../arm-none-eabi/lib/thumb/v7e-m+fp/hard\libc_nano.a
LOAD C:/ST/STM32CubeIDE_1.14.1/STM32CubeIDE/plugins/com.st.stm32cube.ide.mcu.externaltools.gnu-tools-for-stm32.12.3.rel1.win32_1.0.100.202403111256/tools/bin/../lib/gcc/arm-none-eabi/12.3.1/../../../../arm-none-eabi/lib/thumb/v7e-m+fp/hard\libnosys.a
END GROUP
START GROUP
LOAD C:/ST/STM32CubeIDE_1.14.1/STM32CubeIDE/plugins/com.st.stm32cube.ide.mcu.externaltools.gnu-tools-for-stm32.12.3.rel1.win32_1.0.100.202403111256/tools/bin/../lib/gcc/arm-none-eabi/12.3.1/thumb/v7e-m+fp/hard\libgcc.a
LOAD C:/ST/STM32CubeIDE_1.14.1/STM32CubeIDE/plugins/com.st.stm32cube.ide.mcu.externaltools.gnu-tools-for-stm32.12.3.rel1.win32_1.0.100.202403111256/tools/bin/../lib/gcc/arm-none-eabi/12.3.1/../../../../arm-none-eabi/lib/thumb/v7e-m+fp/hard\libc_nano.a
LOAD C:/ST/STM32CubeIDE_1.14.1/STM32CubeIDE/plugins/com.st.stm32cube.ide.mcu.externaltools.gnu-tools-for-stm32.12.3.rel1.win32_1.0.100.202403111256/tools/bin/../lib/gcc/arm-none-eabi/12.3.1/../../../../arm-none-eabi/lib/thumb/v7e-m+fp/hard\libnosys.a
END GROUP
LOAD C:/ST/STM32CubeIDE_1.14.1/STM32CubeIDE/plugins/com.st.stm32cube.ide.mcu.externaltools.gnu-tools-for-stm32.12.3.rel1.win32_1.0.100.202403111256/tools/bin/../lib/gcc/arm-none-eabi/12.3.1/thumb/v7e-m+fp/hard/crtend.o
LOAD C:/ST/STM32CubeIDE_1.14.1/STM32CubeIDE/plugins/com.st.stm32cube.ide.mcu.externaltools.gnu-tools-for-stm32.12.3.rel1.win32_1.0.100.202403111256/tools/bin/../lib/gcc/arm-none-eabi/12.3.1/thumb/v7e-m+fp/hard/crtn.o
                0x20050000                        _estack = (ORIGIN (RAM) + LENGTH (RAM))
                0x00000200                        _Min_Heap_Size = 0x200
                0x00000400                        _Min_Stack_Size = 0x400

.isr_vector     0x08000000      0x1c8
                0x08000000                        . = ALIGN (0x4)
 *(.isr_vector)
 .isr_vector    0x08000000      0x1c8 ./Core/Startup/startup_stm32f746nghx.o
                0x08000000                g_pfnVectors
                0x080001c8                        . = ALIGN (0x4)

.text           0x080001d0     0xa870
                0x080001d0                        . = ALIGN (0x4)
 *(.text)
 .text          0x080001d0       0x40 C:/ST/STM32CubeIDE_1.14.1/STM32CubeIDE/plugins/com.st.stm32cube.ide.mcu.externaltools.gnu-tools-for-stm32.12.3.rel1.win32_1.0.100.202403111256/tools/bin/../lib/gcc/arm-none-eabi/12.3.1/thumb/v7e-m+fp/hard/crtbegin.o
 .text          0x08000210       0x30 C:/ST/STM32CubeIDE_1.14.1/STM32CubeIDE/plugins/com.st.stm32cube.ide.mcu.externaltools.gnu-tools-for-stm32.12.3.rel1.win32_1.0.100.202403111256/tools/bin/../lib/gcc/arm-none-eabi/12.3.1/thumb/v7e-m+fp/hard\libgcc.a(_aeabi_uldivmod.o)
                0x08000210                __aeabi_uldivmod
 .text          0x08000240      0x2bc C:/ST/STM32CubeIDE_1.14.1/STM32CubeIDE/plugins/com.st.stm32cube.ide.mcu.externaltools.gnu-tools-for-stm32.12.3.rel1.win32_1.0.100.202403111256/tools/bin/../lib/gcc/arm-none-eabi/12.3.1/thumb/v7e-m+fp/hard\libgcc.a(_udivmoddi4.o)
                0x08000240                __udivmoddi4
 .text          0x080004fc        0x4 C:/ST/STM32CubeIDE_1.14.1/STM32CubeIDE/plugins/com.st.stm32cube.ide.mcu.externaltools.gnu-tools-for-stm32.12.3.rel1.win32_1.0.100.202403111256/tools/bin/../lib/gcc/arm-none-eabi/12.3.1/thumb/v7e-m+fp/hard\libgcc.a(_dvmd_tls.o)
                0x080004fc                __aeabi_idiv0
                0x080004fc                __aeabi_ldiv0
 *(.text*)
 .text.MX_ADC1_Init
                0x08000500       0xa4 ./Core/Src/adc.o
                0x08000500                MX_ADC1_Init
 .text.MX_ADC3_Init
                0x080005a4       0xa4 ./Core/Src/adc.o
                0x080005a4                MX_ADC3_Init
 .text.HAL_ADC_MspInit
                0x08000648       0xdc ./Core/Src/adc.o
                0x08000648                HAL_ADC_MspInit
 .text.MX_DAC_Init
                0x08000724       0x54 ./Core/Src/dac.o
                0x08000724                MX_DAC_Init
 .text.HAL_DAC_MspInit
                0x08000778       0x90 ./Core/Src/dac.o
                0x08000778                HAL_DAC_MspInit
 .text.MX_DMA2D_Init
                0x08000808       0x64 ./Core/Src/dma2d.o
                0x08000808                MX_DMA2D_Init
 .text.HAL_DMA2D_MspInit
                0x0800086c       0x4c ./Core/Src/dma2d.o
                0x0800086c                HAL_DMA2D_MspInit
 .text.MX_FMC_Init
                0x080008b8       0xa0 ./Core/Src/fmc.o
                0x080008b8                MX_FMC_Init
 .text.HAL_FMC_MspInit
                0x08000958      0x120 ./Core/Src/fmc.o
 .text.HAL_SDRAM_MspInit
                0x08000a78       0x14 ./Core/Src/fmc.o
                0x08000a78                HAL_SDRAM_MspInit
 .text.vApplicationGetIdleTaskMemory
                0x08000a8c       0x34 ./Core/Src/freertos.o
                0x08000a8c                vApplicationGetIdleTaskMemory
 .text.MX_FREERTOS_Init
                0x08000ac0       0x38 ./Core/Src/freertos.o
                0x08000ac0                MX_FREERTOS_Init
 .text.StartDefaultTask
                0x08000af8       0x10 ./Core/Src/freertos.o
                0x08000af8                StartDefaultTask
 .text.ft5336_Init
                0x08000b08       0x1c ./Core/Src/ft5336.o
                0x08000b08                ft5336_Init
 .text.ft5336_Reset
                0x08000b24       0x16 ./Core/Src/ft5336.o
                0x08000b24                ft5336_Reset
 .text.ft5336_ReadID
                0x08000b3a       0x5a ./Core/Src/ft5336.o
                0x08000b3a                ft5336_ReadID
 .text.ft5336_TS_Start
                0x08000b94       0x22 ./Core/Src/ft5336.o
                0x08000b94                ft5336_TS_Start
 *fill*         0x08000bb6        0x2 
 .text.ft5336_TS_DetectTouch
                0x08000bb8       0x54 ./Core/Src/ft5336.o
                0x08000bb8                ft5336_TS_DetectTouch
 .text.ft5336_TS_GetXY
                0x08000c0c      0x1e0 ./Core/Src/ft5336.o
                0x08000c0c                ft5336_TS_GetXY
 .text.ft5336_TS_EnableIT
                0x08000dec       0x28 ./Core/Src/ft5336.o
                0x08000dec                ft5336_TS_EnableIT
 .text.ft5336_TS_DisableIT
                0x08000e14       0x28 ./Core/Src/ft5336.o
                0x08000e14                ft5336_TS_DisableIT
 .text.ft5336_TS_ITStatus
                0x08000e3c       0x18 ./Core/Src/ft5336.o
                0x08000e3c                ft5336_TS_ITStatus
 .text.ft5336_TS_ClearIT
                0x08000e54       0x16 ./Core/Src/ft5336.o
                0x08000e54                ft5336_TS_ClearIT
 *fill*         0x08000e6a        0x2 
 .text.ft5336_Get_I2C_InitializedStatus
                0x08000e6c       0x18 ./Core/Src/ft5336.o
 .text.ft5336_I2C_InitializeIfRequired
                0x08000e84       0x20 ./Core/Src/ft5336.o
 .text.ft5336_TS_Configure
                0x08000ea4       0x1c ./Core/Src/ft5336.o
 .text.MX_GPIO_Init
                0x08000ec0      0x580 ./Core/Src/gpio.o
                0x08000ec0                MX_GPIO_Init
 .text.MX_I2C1_Init
                0x08001440       0x80 ./Core/Src/i2c.o
                0x08001440                MX_I2C1_Init
 .text.MX_I2C3_Init
                0x080014c0       0x80 ./Core/Src/i2c.o
                0x080014c0                MX_I2C3_Init
 .text.HAL_I2C_MspInit
                0x08001540      0x150 ./Core/Src/i2c.o
                0x08001540                HAL_I2C_MspInit
 .text.HAL_I2C_MspDeInit
                0x08001690       0x78 ./Core/Src/i2c.o
                0x08001690                HAL_I2C_MspDeInit
 .text.MX_LTDC_Init
                0x08001708      0x104 ./Core/Src/ltdc.o
                0x08001708                MX_LTDC_Init
 .text.HAL_LTDC_MspInit
                0x0800180c      0x204 ./Core/Src/ltdc.o
                0x0800180c                HAL_LTDC_MspInit
 .text.main     0x08001a10      0x110 ./Core/Src/main.o
                0x08001a10                main
 .text.SystemClock_Config
                0x08001b20       0xe4 ./Core/Src/main.o
                0x08001b20                SystemClock_Config
 .text.HAL_TIM_PeriodElapsedCallback
                0x08001c04       0x24 ./Core/Src/main.o
                0x08001c04                HAL_TIM_PeriodElapsedCallback
 .text.Error_Handler
                0x08001c28        0xc ./Core/Src/main.o
                0x08001c28                Error_Handler
 .text.MX_RTC_Init
                0x08001c34      0x148 ./Core/Src/rtc.o
                0x08001c34                MX_RTC_Init
 .text.HAL_RTC_MspInit
                0x08001d7c       0x5c ./Core/Src/rtc.o
                0x08001d7c                HAL_RTC_MspInit
 .text.MX_SPI2_Init
                0x08001dd8       0x7c ./Core/Src/spi.o
                0x08001dd8                MX_SPI2_Init
 .text.HAL_SPI_MspInit
                0x08001e54       0xc4 ./Core/Src/spi.o
                0x08001e54                HAL_SPI_MspInit
 .text.I2Cx_MspInit
                0x08001f18      0x160 ./Core/Src/stm32746g_discovery.o
 .text.I2Cx_Init
                0x08002078       0x78 ./Core/Src/stm32746g_discovery.o
 .text.I2Cx_ReadMultiple
                0x080020f0       0x5a ./Core/Src/stm32746g_discovery.o
 .text.I2Cx_WriteMultiple
                0x0800214a       0x5a ./Core/Src/stm32746g_discovery.o
 .text.I2Cx_Error
                0x080021a4       0x20 ./Core/Src/stm32746g_discovery.o
 .text.TS_IO_Init
                0x080021c4       0x14 ./Core/Src/stm32746g_discovery.o
                0x080021c4                TS_IO_Init
 .text.TS_IO_Write
                0x080021d8       0x34 ./Core/Src/stm32746g_discovery.o
                0x080021d8                TS_IO_Write
 .text.TS_IO_Read
                0x0800220c       0x3c ./Core/Src/stm32746g_discovery.o
                0x0800220c                TS_IO_Read
 .text.TS_IO_Delay
                0x08002248       0x16 ./Core/Src/stm32746g_discovery.o
                0x08002248                TS_IO_Delay
 *fill*         0x0800225e        0x2 
 .text.BSP_LCD_Init
                0x08002260       0xe0 ./Core/Src/stm32746g_discovery_lcd.o
                0x08002260                BSP_LCD_Init
 .text.BSP_LCD_GetXSize
                0x08002340       0x28 ./Core/Src/stm32746g_discovery_lcd.o
                0x08002340                BSP_LCD_GetXSize
 .text.BSP_LCD_GetYSize
                0x08002368       0x28 ./Core/Src/stm32746g_discovery_lcd.o
                0x08002368                BSP_LCD_GetYSize
 .text.BSP_LCD_LayerDefaultInit
                0x08002390       0xc0 ./Core/Src/stm32746g_discovery_lcd.o
                0x08002390                BSP_LCD_LayerDefaultInit
 .text.BSP_LCD_SelectLayer
                0x08002450       0x20 ./Core/Src/stm32746g_discovery_lcd.o
                0x08002450                BSP_LCD_SelectLayer
 .text.BSP_LCD_SetTextColor
                0x08002470       0x30 ./Core/Src/stm32746g_discovery_lcd.o
                0x08002470                BSP_LCD_SetTextColor
 .text.BSP_LCD_SetBackColor
                0x080024a0       0x34 ./Core/Src/stm32746g_discovery_lcd.o
                0x080024a0                BSP_LCD_SetBackColor
 .text.BSP_LCD_SetFont
                0x080024d4       0x34 ./Core/Src/stm32746g_discovery_lcd.o
                0x080024d4                BSP_LCD_SetFont
 .text.BSP_LCD_Clear
                0x08002508       0x50 ./Core/Src/stm32746g_discovery_lcd.o
                0x08002508                BSP_LCD_Clear
 .text.BSP_LCD_DrawBitmap
                0x08002558      0x164 ./Core/Src/stm32746g_discovery_lcd.o
                0x08002558                BSP_LCD_DrawBitmap
 .text.BSP_LCD_DisplayOn
                0x080026bc       0x3c ./Core/Src/stm32746g_discovery_lcd.o
                0x080026bc                BSP_LCD_DisplayOn
 .text.BSP_LCD_MspInit
                0x080026f8      0x1b4 ./Core/Src/stm32746g_discovery_lcd.o
                0x080026f8                BSP_LCD_MspInit
 .text.BSP_LCD_ClockConfig
                0x080028ac       0x38 ./Core/Src/stm32746g_discovery_lcd.o
                0x080028ac                BSP_LCD_ClockConfig
 .text.LL_FillBuffer
                0x080028e4       0x98 ./Core/Src/stm32746g_discovery_lcd.o
 .text.LL_ConvertLineToARGB8888
                0x0800297c       0x88 ./Core/Src/stm32746g_discovery_lcd.o
 .text.BSP_SDRAM_Init
                0x08002a04       0xbc ./Core/Src/stm32746g_discovery_sdram.o
                0x08002a04                BSP_SDRAM_Init
 .text.BSP_SDRAM_Initialization_sequence
                0x08002ac0       0xc0 ./Core/Src/stm32746g_discovery_sdram.o
                0x08002ac0                BSP_SDRAM_Initialization_sequence
 .text.BSP_SDRAM_MspInit
                0x08002b80      0x1f0 ./Core/Src/stm32746g_discovery_sdram.o
                0x08002b80                BSP_SDRAM_MspInit
 .text.BSP_TS_Init
                0x08002d70       0x80 ./Core/Src/stm32746g_discovery_ts.o
                0x08002d70                BSP_TS_Init
 .text.HAL_MspInit
                0x08002df0       0x50 ./Core/Src/stm32f7xx_hal_msp.o
                0x08002df0                HAL_MspInit
 .text.HAL_InitTick
                0x08002e40       0xf4 ./Core/Src/stm32f7xx_hal_timebase_tim.o
                0x08002e40                HAL_InitTick
 .text.NMI_Handler
                0x08002f34        0x8 ./Core/Src/stm32f7xx_it.o
                0x08002f34                NMI_Handler
 .text.HardFault_Handler
                0x08002f3c        0x8 ./Core/Src/stm32f7xx_it.o
                0x08002f3c                HardFault_Handler
 .text.MemManage_Handler
                0x08002f44        0x8 ./Core/Src/stm32f7xx_it.o
                0x08002f44                MemManage_Handler
 .text.BusFault_Handler
                0x08002f4c        0x8 ./Core/Src/stm32f7xx_it.o
                0x08002f4c                BusFault_Handler
 .text.UsageFault_Handler
                0x08002f54        0x8 ./Core/Src/stm32f7xx_it.o
                0x08002f54                UsageFault_Handler
 .text.DebugMon_Handler
                0x08002f5c        0xe ./Core/Src/stm32f7xx_it.o
                0x08002f5c                DebugMon_Handler
 *fill*         0x08002f6a        0x2 
 .text.TIM6_DAC_IRQHandler
                0x08002f6c       0x28 ./Core/Src/stm32f7xx_it.o
                0x08002f6c                TIM6_DAC_IRQHandler
 .text.LTDC_IRQHandler
                0x08002f94       0x14 ./Core/Src/stm32f7xx_it.o
                0x08002f94                LTDC_IRQHandler
 .text.DMA2D_IRQHandler
                0x08002fa8       0x14 ./Core/Src/stm32f7xx_it.o
                0x08002fa8                DMA2D_IRQHandler
 .text.SystemInit
                0x08002fbc       0x24 ./Core/Src/system_stm32f7xx.o
                0x08002fbc                SystemInit
 .text.MX_TIM1_Init
                0x08002fe0       0xa8 ./Core/Src/tim.o
                0x08002fe0                MX_TIM1_Init
 .text.MX_TIM2_Init
                0x08003088       0x9c ./Core/Src/tim.o
                0x08003088                MX_TIM2_Init
 .text.MX_TIM3_Init
                0x08003124       0x9c ./Core/Src/tim.o
                0x08003124                MX_TIM3_Init
 .text.MX_TIM5_Init
                0x080031c0       0x9c ./Core/Src/tim.o
                0x080031c0                MX_TIM5_Init
 .text.MX_TIM8_Init
                0x0800325c       0xa8 ./Core/Src/tim.o
                0x0800325c                MX_TIM8_Init
 .text.HAL_TIM_Base_MspInit
                0x08003304      0x124 ./Core/Src/tim.o
                0x08003304                HAL_TIM_Base_MspInit
 .text.MX_UART7_Init
                0x08003428       0x60 ./Core/Src/usart.o
                0x08003428                MX_UART7_Init
 .text.MX_USART1_UART_Init
                0x08003488       0x60 ./Core/Src/usart.o
                0x08003488                MX_USART1_UART_Init
 .text.MX_USART6_UART_Init
                0x080034e8       0x60 ./Core/Src/usart.o
                0x080034e8                MX_USART6_UART_Init
 .text.HAL_UART_MspInit
                0x08003548      0x220 ./Core/Src/usart.o
                0x08003548                HAL_UART_MspInit
 .text.Reset_Handler
                0x08003768       0x50 ./Core/Startup/startup_stm32f746nghx.o
                0x08003768                Reset_Handler
 .text.Default_Handler
                0x080037b8        0x2 ./Core/Startup/startup_stm32f746nghx.o
                0x080037b8                RTC_Alarm_IRQHandler
                0x080037b8                EXTI2_IRQHandler
                0x080037b8                TIM8_CC_IRQHandler
                0x080037b8                UART8_IRQHandler
                0x080037b8                SPI4_IRQHandler
                0x080037b8                TIM1_CC_IRQHandler
                0x080037b8                DMA2_Stream5_IRQHandler
                0x080037b8                DMA1_Stream5_IRQHandler
                0x080037b8                PVD_IRQHandler
                0x080037b8                TAMP_STAMP_IRQHandler
                0x080037b8                CAN2_RX1_IRQHandler
                0x080037b8                EXTI3_IRQHandler
                0x080037b8                TIM8_TRG_COM_TIM14_IRQHandler
                0x080037b8                TIM1_UP_TIM10_IRQHandler
                0x080037b8                TIM8_UP_TIM13_IRQHandler
                0x080037b8                I2C3_ER_IRQHandler
                0x080037b8                EXTI0_IRQHandler
                0x080037b8                I2C2_EV_IRQHandler
                0x080037b8                DMA1_Stream2_IRQHandler
                0x080037b8                CAN1_RX0_IRQHandler
                0x080037b8                FPU_IRQHandler
                0x080037b8                OTG_HS_WKUP_IRQHandler
                0x080037b8                LTDC_ER_IRQHandler
                0x080037b8                CAN2_SCE_IRQHandler
                0x080037b8                DMA2_Stream2_IRQHandler
                0x080037b8                SPI1_IRQHandler
                0x080037b8                TIM1_BRK_TIM9_IRQHandler
                0x080037b8                DCMI_IRQHandler
                0x080037b8                CAN2_RX0_IRQHandler
                0x080037b8                DMA2_Stream3_IRQHandler
                0x080037b8                SAI2_IRQHandler
                0x080037b8                USART6_IRQHandler
                0x080037b8                USART3_IRQHandler
                0x080037b8                CAN1_RX1_IRQHandler
                0x080037b8                UART5_IRQHandler
                0x080037b8                DMA2_Stream0_IRQHandler
                0x080037b8                TIM4_IRQHandler
                0x080037b8                QUADSPI_IRQHandler
                0x080037b8                I2C1_EV_IRQHandler
                0x080037b8                DMA1_Stream6_IRQHandler
                0x080037b8                DMA1_Stream1_IRQHandler
                0x080037b8                UART4_IRQHandler
                0x080037b8                TIM3_IRQHandler
                0x080037b8                RCC_IRQHandler
                0x080037b8                TIM8_BRK_TIM12_IRQHandler
                0x080037b8                Default_Handler
                0x080037b8                CEC_IRQHandler
                0x080037b8                EXTI15_10_IRQHandler
                0x080037b8                ADC_IRQHandler
                0x080037b8                DMA1_Stream7_IRQHandler
                0x080037b8                SPI5_IRQHandler
                0x080037b8                TIM7_IRQHandler
                0x080037b8                SDMMC1_IRQHandler
                0x080037b8                CAN2_TX_IRQHandler
                0x080037b8                TIM5_IRQHandler
                0x080037b8                DMA2_Stream7_IRQHandler
                0x080037b8                I2C3_EV_IRQHandler
                0x080037b8                EXTI9_5_IRQHandler
                0x080037b8                RTC_WKUP_IRQHandler
                0x080037b8                ETH_WKUP_IRQHandler
                0x080037b8                SPDIF_RX_IRQHandler
                0x080037b8                SPI2_IRQHandler
                0x080037b8                OTG_HS_EP1_IN_IRQHandler
                0x080037b8                DMA1_Stream0_IRQHandler
                0x080037b8                CAN1_TX_IRQHandler
                0x080037b8                EXTI4_IRQHandler
                0x080037b8                RNG_IRQHandler
                0x080037b8                ETH_IRQHandler
                0x080037b8                OTG_HS_EP1_OUT_IRQHandler
                0x080037b8                WWDG_IRQHandler
                0x080037b8                SPI6_IRQHandler
                0x080037b8                I2C4_EV_IRQHandler
                0x080037b8                TIM2_IRQHandler
                0x080037b8                OTG_FS_WKUP_IRQHandler
                0x080037b8                TIM1_TRG_COM_TIM11_IRQHandler
                0x080037b8                OTG_HS_IRQHandler
                0x080037b8                EXTI1_IRQHandler
                0x080037b8                UART7_IRQHandler
                0x080037b8                USART2_IRQHandler
                0x080037b8                I2C2_ER_IRQHandler
                0x080037b8                DMA2_Stream1_IRQHandler
                0x080037b8                CAN1_SCE_IRQHandler
                0x080037b8                FLASH_IRQHandler
                0x080037b8                DMA2_Stream4_IRQHandler
                0x080037b8                USART1_IRQHandler
                0x080037b8                OTG_FS_IRQHandler
                0x080037b8                SPI3_IRQHandler
                0x080037b8                DMA1_Stream4_IRQHandler
                0x080037b8                I2C1_ER_IRQHandler
                0x080037b8                FMC_IRQHandler
                0x080037b8                LPTIM1_IRQHandler
                0x080037b8                I2C4_ER_IRQHandler
                0x080037b8                DMA2_Stream6_IRQHandler
                0x080037b8                SAI1_IRQHandler
                0x080037b8                DMA1_Stream3_IRQHandler
 .text.HAL_Init
                0x080037ba       0x1a ./Drivers/STM32F7xx_HAL_Driver/Src/stm32f7xx_hal.o
                0x080037ba                HAL_Init
 .text.HAL_IncTick
                0x080037d4       0x28 ./Drivers/STM32F7xx_HAL_Driver/Src/stm32f7xx_hal.o
                0x080037d4                HAL_IncTick
 .text.HAL_GetTick
                0x080037fc       0x18 ./Drivers/STM32F7xx_HAL_Driver/Src/stm32f7xx_hal.o
                0x080037fc                HAL_GetTick
 .text.HAL_Delay
                0x08003814       0x48 ./Drivers/STM32F7xx_HAL_Driver/Src/stm32f7xx_hal.o
                0x08003814                HAL_Delay
 .text.HAL_ADC_Init
                0x0800385c       0x88 ./Drivers/STM32F7xx_HAL_Driver/Src/stm32f7xx_hal_adc.o
                0x0800385c                HAL_ADC_Init
 .text.HAL_ADC_ConfigChannel
                0x080038e4      0x2ac ./Drivers/STM32F7xx_HAL_Driver/Src/stm32f7xx_hal_adc.o
                0x080038e4                HAL_ADC_ConfigChannel
 .text.ADC_Init
                0x08003b90      0x1f4 ./Drivers/STM32F7xx_HAL_Driver/Src/stm32f7xx_hal_adc.o
 .text.__NVIC_SetPriorityGrouping
                0x08003d84       0x48 ./Drivers/STM32F7xx_HAL_Driver/Src/stm32f7xx_hal_cortex.o
 .text.__NVIC_GetPriorityGrouping
                0x08003dcc       0x1c ./Drivers/STM32F7xx_HAL_Driver/Src/stm32f7xx_hal_cortex.o
 .text.__NVIC_EnableIRQ
                0x08003de8       0x3c ./Drivers/STM32F7xx_HAL_Driver/Src/stm32f7xx_hal_cortex.o
 .text.__NVIC_SetPriority
                0x08003e24       0x54 ./Drivers/STM32F7xx_HAL_Driver/Src/stm32f7xx_hal_cortex.o
 .text.NVIC_EncodePriority
                0x08003e78       0x66 ./Drivers/STM32F7xx_HAL_Driver/Src/stm32f7xx_hal_cortex.o
 .text.HAL_NVIC_SetPriorityGrouping
                0x08003ede       0x16 ./Drivers/STM32F7xx_HAL_Driver/Src/stm32f7xx_hal_cortex.o
                0x08003ede                HAL_NVIC_SetPriorityGrouping
 .text.HAL_NVIC_SetPriority
                0x08003ef4       0x38 ./Drivers/STM32F7xx_HAL_Driver/Src/stm32f7xx_hal_cortex.o
                0x08003ef4                HAL_NVIC_SetPriority
 .text.HAL_NVIC_EnableIRQ
                0x08003f2c       0x1c ./Drivers/STM32F7xx_HAL_Driver/Src/stm32f7xx_hal_cortex.o
                0x08003f2c                HAL_NVIC_EnableIRQ
 .text.HAL_DAC_Init
                0x08003f48       0x44 ./Drivers/STM32F7xx_HAL_Driver/Src/stm32f7xx_hal_dac.o
                0x08003f48                HAL_DAC_Init
 .text.HAL_DAC_IRQHandler
                0x08003f8c       0xb4 ./Drivers/STM32F7xx_HAL_Driver/Src/stm32f7xx_hal_dac.o
                0x08003f8c                HAL_DAC_IRQHandler
 .text.HAL_DAC_DMAUnderrunCallbackCh1
                0x08004040       0x14 ./Drivers/STM32F7xx_HAL_Driver/Src/stm32f7xx_hal_dac.o
                0x08004040                HAL_DAC_DMAUnderrunCallbackCh1
 .text.HAL_DAC_ConfigChannel
                0x08004054       0x9e ./Drivers/STM32F7xx_HAL_Driver/Src/stm32f7xx_hal_dac.o
                0x08004054                HAL_DAC_ConfigChannel
 .text.HAL_DACEx_DMAUnderrunCallbackCh2
                0x080040f2       0x14 ./Drivers/STM32F7xx_HAL_Driver/Src/stm32f7xx_hal_dac_ex.o
                0x080040f2                HAL_DACEx_DMAUnderrunCallbackCh2
 *fill*         0x08004106        0x2 
 .text.HAL_DMA_Init
                0x08004108      0x15c ./Drivers/STM32F7xx_HAL_Driver/Src/stm32f7xx_hal_dma.o
                0x08004108                HAL_DMA_Init
 .text.HAL_DMA_DeInit
                0x08004264       0xbc ./Drivers/STM32F7xx_HAL_Driver/Src/stm32f7xx_hal_dma.o
                0x08004264                HAL_DMA_DeInit
 .text.DMA_CalcBaseAndBitshift
                0x08004320       0x6c ./Drivers/STM32F7xx_HAL_Driver/Src/stm32f7xx_hal_dma.o
 .text.DMA_CheckFifoParam
                0x0800438c       0xf8 ./Drivers/STM32F7xx_HAL_Driver/Src/stm32f7xx_hal_dma.o
 .text.HAL_DMA2D_Init
                0x08004484       0x94 ./Drivers/STM32F7xx_HAL_Driver/Src/stm32f7xx_hal_dma2d.o
                0x08004484                HAL_DMA2D_Init
 .text.HAL_DMA2D_Start
                0x08004518       0x56 ./Drivers/STM32F7xx_HAL_Driver/Src/stm32f7xx_hal_dma2d.o
                0x08004518                HAL_DMA2D_Start
 .text.HAL_DMA2D_PollForTransfer
                0x0800456e      0x1d2 ./Drivers/STM32F7xx_HAL_Driver/Src/stm32f7xx_hal_dma2d.o
                0x0800456e                HAL_DMA2D_PollForTransfer
 .text.HAL_DMA2D_IRQHandler
                0x08004740      0x1f8 ./Drivers/STM32F7xx_HAL_Driver/Src/stm32f7xx_hal_dma2d.o
                0x08004740                HAL_DMA2D_IRQHandler
 .text.HAL_DMA2D_LineEventCallback
                0x08004938       0x14 ./Drivers/STM32F7xx_HAL_Driver/Src/stm32f7xx_hal_dma2d.o
                0x08004938                HAL_DMA2D_LineEventCallback
 .text.HAL_DMA2D_CLUTLoadingCpltCallback
                0x0800494c       0x14 ./Drivers/STM32F7xx_HAL_Driver/Src/stm32f7xx_hal_dma2d.o
                0x0800494c                HAL_DMA2D_CLUTLoadingCpltCallback
 .text.HAL_DMA2D_ConfigLayer
                0x08004960      0x124 ./Drivers/STM32F7xx_HAL_Driver/Src/stm32f7xx_hal_dma2d.o
                0x08004960                HAL_DMA2D_ConfigLayer
 .text.DMA2D_SetConfig
                0x08004a84      0x138 ./Drivers/STM32F7xx_HAL_Driver/Src/stm32f7xx_hal_dma2d.o
 .text.HAL_GPIO_Init
                0x08004bbc      0x358 ./Drivers/STM32F7xx_HAL_Driver/Src/stm32f7xx_hal_gpio.o
                0x08004bbc                HAL_GPIO_Init
 .text.HAL_GPIO_DeInit
                0x08004f14      0x218 ./Drivers/STM32F7xx_HAL_Driver/Src/stm32f7xx_hal_gpio.o
                0x08004f14                HAL_GPIO_DeInit
 .text.HAL_GPIO_WritePin
                0x0800512c       0x32 ./Drivers/STM32F7xx_HAL_Driver/Src/stm32f7xx_hal_gpio.o
                0x0800512c                HAL_GPIO_WritePin
 *fill*         0x0800515e        0x2 
 .text.HAL_I2C_Init
                0x08005160      0x120 ./Drivers/STM32F7xx_HAL_Driver/Src/stm32f7xx_hal_i2c.o
                0x08005160                HAL_I2C_Init
 .text.HAL_I2C_DeInit
                0x08005280       0x5e ./Drivers/STM32F7xx_HAL_Driver/Src/stm32f7xx_hal_i2c.o
                0x08005280                HAL_I2C_DeInit
 *fill*         0x080052de        0x2 
 .text.HAL_I2C_Mem_Write
                0x080052e0      0x228 ./Drivers/STM32F7xx_HAL_Driver/Src/stm32f7xx_hal_i2c.o
                0x080052e0                HAL_I2C_Mem_Write
 .text.HAL_I2C_Mem_Read
                0x08005508      0x234 ./Drivers/STM32F7xx_HAL_Driver/Src/stm32f7xx_hal_i2c.o
                0x08005508                HAL_I2C_Mem_Read
 .text.HAL_I2C_GetState
                0x0800573c       0x1c ./Drivers/STM32F7xx_HAL_Driver/Src/stm32f7xx_hal_i2c.o
                0x0800573c                HAL_I2C_GetState
 .text.I2C_RequestMemoryWrite
                0x08005758       0xa8 ./Drivers/STM32F7xx_HAL_Driver/Src/stm32f7xx_hal_i2c.o
 .text.I2C_RequestMemoryRead
                0x08005800       0xa8 ./Drivers/STM32F7xx_HAL_Driver/Src/stm32f7xx_hal_i2c.o
 .text.I2C_Flush_TXDR
                0x080058a8       0x48 ./Drivers/STM32F7xx_HAL_Driver/Src/stm32f7xx_hal_i2c.o
 .text.I2C_WaitOnFlagUntilTimeout
                0x080058f0       0x80 ./Drivers/STM32F7xx_HAL_Driver/Src/stm32f7xx_hal_i2c.o
 .text.I2C_WaitOnTXISFlagUntilTimeout
                0x08005970       0x80 ./Drivers/STM32F7xx_HAL_Driver/Src/stm32f7xx_hal_i2c.o
 .text.I2C_WaitOnSTOPFlagUntilTimeout
                0x080059f0       0x78 ./Drivers/STM32F7xx_HAL_Driver/Src/stm32f7xx_hal_i2c.o
 .text.I2C_IsErrorOccurred
                0x08005a68      0x1c0 ./Drivers/STM32F7xx_HAL_Driver/Src/stm32f7xx_hal_i2c.o
 .text.I2C_TransferConfig
                0x08005c28       0x64 ./Drivers/STM32F7xx_HAL_Driver/Src/stm32f7xx_hal_i2c.o
 .text.HAL_I2CEx_ConfigAnalogFilter
                0x08005c8c       0x96 ./Drivers/STM32F7xx_HAL_Driver/Src/stm32f7xx_hal_i2c_ex.o
                0x08005c8c                HAL_I2CEx_ConfigAnalogFilter
 .text.HAL_I2CEx_ConfigDigitalFilter
                0x08005d22       0x98 ./Drivers/STM32F7xx_HAL_Driver/Src/stm32f7xx_hal_i2c_ex.o
                0x08005d22                HAL_I2CEx_ConfigDigitalFilter
 *fill*         0x08005dba        0x2 
 .text.HAL_LTDC_Init
                0x08005dbc      0x1a0 ./Drivers/STM32F7xx_HAL_Driver/Src/stm32f7xx_hal_ltdc.o
                0x08005dbc                HAL_LTDC_Init
 .text.HAL_LTDC_IRQHandler
                0x08005f5c      0x148 ./Drivers/STM32F7xx_HAL_Driver/Src/stm32f7xx_hal_ltdc.o
                0x08005f5c                HAL_LTDC_IRQHandler
 .text.HAL_LTDC_ErrorCallback
                0x080060a4       0x14 ./Drivers/STM32F7xx_HAL_Driver/Src/stm32f7xx_hal_ltdc.o
                0x080060a4                HAL_LTDC_ErrorCallback
 .text.HAL_LTDC_LineEventCallback
                0x080060b8       0x14 ./Drivers/STM32F7xx_HAL_Driver/Src/stm32f7xx_hal_ltdc.o
                0x080060b8                HAL_LTDC_LineEventCallback
 .text.HAL_LTDC_ReloadEventCallback
                0x080060cc       0x14 ./Drivers/STM32F7xx_HAL_Driver/Src/stm32f7xx_hal_ltdc.o
                0x080060cc                HAL_LTDC_ReloadEventCallback
 .text.HAL_LTDC_ConfigLayer
                0x080060e0       0x7c ./Drivers/STM32F7xx_HAL_Driver/Src/stm32f7xx_hal_ltdc.o
                0x080060e0                HAL_LTDC_ConfigLayer
 .text.HAL_LTDC_GetState
                0x0800615c       0x1c ./Drivers/STM32F7xx_HAL_Driver/Src/stm32f7xx_hal_ltdc.o
                0x0800615c                HAL_LTDC_GetState
 .text.LTDC_SetConfig
                0x08006178      0x334 ./Drivers/STM32F7xx_HAL_Driver/Src/stm32f7xx_hal_ltdc.o
 .text.HAL_PWR_EnableBkUpAccess
                0x080064ac       0x20 ./Drivers/STM32F7xx_HAL_Driver/Src/stm32f7xx_hal_pwr.o
                0x080064ac                HAL_PWR_EnableBkUpAccess
 .text.HAL_PWREx_EnableOverDrive
                0x080064cc       0xa0 ./Drivers/STM32F7xx_HAL_Driver/Src/stm32f7xx_hal_pwr_ex.o
                0x080064cc                HAL_PWREx_EnableOverDrive
 .text.HAL_RCC_OscConfig
                0x0800656c      0x548 ./Drivers/STM32F7xx_HAL_Driver/Src/stm32f7xx_hal_rcc.o
                0x0800656c                HAL_RCC_OscConfig
 .text.HAL_RCC_ClockConfig
                0x08006ab4      0x1d8 ./Drivers/STM32F7xx_HAL_Driver/Src/stm32f7xx_hal_rcc.o
                0x08006ab4                HAL_RCC_ClockConfig
 .text.HAL_RCC_GetSysClockFreq
                0x08006c8c      0x18c ./Drivers/STM32F7xx_HAL_Driver/Src/stm32f7xx_hal_rcc.o
                0x08006c8c                HAL_RCC_GetSysClockFreq
 .text.HAL_RCC_GetHCLKFreq
                0x08006e18       0x18 ./Drivers/STM32F7xx_HAL_Driver/Src/stm32f7xx_hal_rcc.o
                0x08006e18                HAL_RCC_GetHCLKFreq
 .text.HAL_RCC_GetPCLK1Freq
                0x08006e30       0x28 ./Drivers/STM32F7xx_HAL_Driver/Src/stm32f7xx_hal_rcc.o
                0x08006e30                HAL_RCC_GetPCLK1Freq
 .text.HAL_RCC_GetPCLK2Freq
                0x08006e58       0x28 ./Drivers/STM32F7xx_HAL_Driver/Src/stm32f7xx_hal_rcc.o
                0x08006e58                HAL_RCC_GetPCLK2Freq
 .text.HAL_RCC_GetClockConfig
                0x08006e80       0x64 ./Drivers/STM32F7xx_HAL_Driver/Src/stm32f7xx_hal_rcc.o
                0x08006e80                HAL_RCC_GetClockConfig
 .text.HAL_RCCEx_PeriphCLKConfig
                0x08006ee4      0x7e0 ./Drivers/STM32F7xx_HAL_Driver/Src/stm32f7xx_hal_rcc_ex.o
                0x08006ee4                HAL_RCCEx_PeriphCLKConfig
 .text.HAL_RTC_Init
                0x080076c4      0x108 ./Drivers/STM32F7xx_HAL_Driver/Src/stm32f7xx_hal_rtc.o
                0x080076c4                HAL_RTC_Init
 .text.HAL_RTC_SetTime
                0x080077cc      0x134 ./Drivers/STM32F7xx_HAL_Driver/Src/stm32f7xx_hal_rtc.o
                0x080077cc                HAL_RTC_SetTime
 .text.HAL_RTC_SetDate
                0x08007900      0x108 ./Drivers/STM32F7xx_HAL_Driver/Src/stm32f7xx_hal_rtc.o
                0x08007900                HAL_RTC_SetDate
 .text.HAL_RTC_SetAlarm
                0x08007a08      0x254 ./Drivers/STM32F7xx_HAL_Driver/Src/stm32f7xx_hal_rtc.o
                0x08007a08                HAL_RTC_SetAlarm
 .text.HAL_RTC_WaitForSynchro
                0x08007c5c       0x50 ./Drivers/STM32F7xx_HAL_Driver/Src/stm32f7xx_hal_rtc.o
                0x08007c5c                HAL_RTC_WaitForSynchro
 .text.RTC_EnterInitMode
                0x08007cac       0x6e ./Drivers/STM32F7xx_HAL_Driver/Src/stm32f7xx_hal_rtc.o
                0x08007cac                RTC_EnterInitMode
 .text.RTC_ExitInitMode
                0x08007d1a       0x4a ./Drivers/STM32F7xx_HAL_Driver/Src/stm32f7xx_hal_rtc.o
                0x08007d1a                RTC_ExitInitMode
 .text.RTC_ByteToBcd2
                0x08007d64       0x3c ./Drivers/STM32F7xx_HAL_Driver/Src/stm32f7xx_hal_rtc.o
                0x08007d64                RTC_ByteToBcd2
 .text.HAL_RTCEx_SetTimeStamp
                0x08007da0       0xd0 ./Drivers/STM32F7xx_HAL_Driver/Src/stm32f7xx_hal_rtc_ex.o
                0x08007da0                HAL_RTCEx_SetTimeStamp
 .text.HAL_SDRAM_Init
                0x08007e70       0x68 ./Drivers/STM32F7xx_HAL_Driver/Src/stm32f7xx_hal_sdram.o
                0x08007e70                HAL_SDRAM_Init
 .text.HAL_SDRAM_SendCommand
                0x08007ed8       0x6a ./Drivers/STM32F7xx_HAL_Driver/Src/stm32f7xx_hal_sdram.o
                0x08007ed8                HAL_SDRAM_SendCommand
 .text.HAL_SDRAM_ProgramRefreshRate
                0x08007f42       0x50 ./Drivers/STM32F7xx_HAL_Driver/Src/stm32f7xx_hal_sdram.o
                0x08007f42                HAL_SDRAM_ProgramRefreshRate
 .text.HAL_SPI_Init
                0x08007f92      0x156 ./Drivers/STM32F7xx_HAL_Driver/Src/stm32f7xx_hal_spi.o
                0x08007f92                HAL_SPI_Init
 .text.HAL_TIM_Base_Init
                0x080080e8       0xae ./Drivers/STM32F7xx_HAL_Driver/Src/stm32f7xx_hal_tim.o
                0x080080e8                HAL_TIM_Base_Init
 *fill*         0x08008196        0x2 
 .text.HAL_TIM_Base_Start_IT
                0x08008198       0xf0 ./Drivers/STM32F7xx_HAL_Driver/Src/stm32f7xx_hal_tim.o
                0x08008198                HAL_TIM_Base_Start_IT
 .text.HAL_TIM_IRQHandler
                0x08008288      0x23e ./Drivers/STM32F7xx_HAL_Driver/Src/stm32f7xx_hal_tim.o
                0x08008288                HAL_TIM_IRQHandler
 *fill*         0x080084c6        0x2 
 .text.HAL_TIM_ConfigClockSource
                0x080084c8      0x194 ./Drivers/STM32F7xx_HAL_Driver/Src/stm32f7xx_hal_tim.o
                0x080084c8                HAL_TIM_ConfigClockSource
 .text.HAL_TIM_OC_DelayElapsedCallback
                0x0800865c       0x14 ./Drivers/STM32F7xx_HAL_Driver/Src/stm32f7xx_hal_tim.o
                0x0800865c                HAL_TIM_OC_DelayElapsedCallback
 .text.HAL_TIM_IC_CaptureCallback
                0x08008670       0x14 ./Drivers/STM32F7xx_HAL_Driver/Src/stm32f7xx_hal_tim.o
                0x08008670                HAL_TIM_IC_CaptureCallback
 .text.HAL_TIM_PWM_PulseFinishedCallback
                0x08008684       0x14 ./Drivers/STM32F7xx_HAL_Driver/Src/stm32f7xx_hal_tim.o
                0x08008684                HAL_TIM_PWM_PulseFinishedCallback
 .text.HAL_TIM_TriggerCallback
                0x08008698       0x14 ./Drivers/STM32F7xx_HAL_Driver/Src/stm32f7xx_hal_tim.o
                0x08008698                HAL_TIM_TriggerCallback
 .text.TIM_Base_SetConfig
                0x080086ac      0x140 ./Drivers/STM32F7xx_HAL_Driver/Src/stm32f7xx_hal_tim.o
                0x080086ac                TIM_Base_SetConfig
 .text.TIM_TI1_ConfigInputStage
                0x080087ec       0x5e ./Drivers/STM32F7xx_HAL_Driver/Src/stm32f7xx_hal_tim.o
 .text.TIM_TI2_ConfigInputStage
                0x0800884a       0x60 ./Drivers/STM32F7xx_HAL_Driver/Src/stm32f7xx_hal_tim.o
 .text.TIM_ITRx_SetConfig
                0x080088aa       0x36 ./Drivers/STM32F7xx_HAL_Driver/Src/stm32f7xx_hal_tim.o
 .text.TIM_ETR_SetConfig
                0x080088e0       0x40 ./Drivers/STM32F7xx_HAL_Driver/Src/stm32f7xx_hal_tim.o
                0x080088e0                TIM_ETR_SetConfig
 .text.HAL_TIMEx_MasterConfigSynchronization
                0x08008920      0x11c ./Drivers/STM32F7xx_HAL_Driver/Src/stm32f7xx_hal_tim_ex.o
                0x08008920                HAL_TIMEx_MasterConfigSynchronization
 .text.HAL_TIMEx_CommutCallback
                0x08008a3c       0x14 ./Drivers/STM32F7xx_HAL_Driver/Src/stm32f7xx_hal_tim_ex.o
                0x08008a3c                HAL_TIMEx_CommutCallback
 .text.HAL_TIMEx_BreakCallback
                0x08008a50       0x14 ./Drivers/STM32F7xx_HAL_Driver/Src/stm32f7xx_hal_tim_ex.o
                0x08008a50                HAL_TIMEx_BreakCallback
 .text.HAL_TIMEx_Break2Callback
                0x08008a64       0x14 ./Drivers/STM32F7xx_HAL_Driver/Src/stm32f7xx_hal_tim_ex.o
                0x08008a64                HAL_TIMEx_Break2Callback
 .text.HAL_UART_Init
                0x08008a78       0x9c ./Drivers/STM32F7xx_HAL_Driver/Src/stm32f7xx_hal_uart.o
                0x08008a78                HAL_UART_Init
 .text.UART_SetConfig
                0x08008b14      0x4c8 ./Drivers/STM32F7xx_HAL_Driver/Src/stm32f7xx_hal_uart.o
                0x08008b14                UART_SetConfig
 .text.UART_AdvFeatureConfig
                0x08008fdc      0x144 ./Drivers/STM32F7xx_HAL_Driver/Src/stm32f7xx_hal_uart.o
                0x08008fdc                UART_AdvFeatureConfig
 .text.UART_CheckIdleState
                0x08009120       0x6e ./Drivers/STM32F7xx_HAL_Driver/Src/stm32f7xx_hal_uart.o
                0x08009120                UART_CheckIdleState
 .text.UART_WaitOnFlagUntilTimeout
                0x0800918e      0x18c ./Drivers/STM32F7xx_HAL_Driver/Src/stm32f7xx_hal_uart.o
                0x0800918e                UART_WaitOnFlagUntilTimeout
 *fill*         0x0800931a        0x2 
 .text.FMC_SDRAM_Init
                0x0800931c       0xb8 ./Drivers/STM32F7xx_HAL_Driver/Src/stm32f7xx_ll_fmc.o
                0x0800931c                FMC_SDRAM_Init
 .text.FMC_SDRAM_Timing_Init
                0x080093d4       0xd4 ./Drivers/STM32F7xx_HAL_Driver/Src/stm32f7xx_ll_fmc.o
                0x080093d4                FMC_SDRAM_Timing_Init
 .text.FMC_SDRAM_SendCommand
                0x080094a8       0x48 ./Drivers/STM32F7xx_HAL_Driver/Src/stm32f7xx_ll_fmc.o
                0x080094a8                FMC_SDRAM_SendCommand
 .text.FMC_SDRAM_ProgramRefreshRate
                0x080094f0       0x30 ./Drivers/STM32F7xx_HAL_Driver/Src/stm32f7xx_ll_fmc.o
                0x080094f0                FMC_SDRAM_ProgramRefreshRate
 .text.makeFreeRtosPriority
                0x08009520       0x30 ./Middlewares/Third_Party/FreeRTOS/Source/CMSIS_RTOS/cmsis_os.o
 .text.osKernelStart
                0x08009550        0xe ./Middlewares/Third_Party/FreeRTOS/Source/CMSIS_RTOS/cmsis_os.o
                0x08009550                osKernelStart
 .text.osThreadCreate
                0x0800955e       0x98 ./Middlewares/Third_Party/FreeRTOS/Source/CMSIS_RTOS/cmsis_os.o
                0x0800955e                osThreadCreate
 .text.osDelay  0x080095f6       0x28 ./Middlewares/Third_Party/FreeRTOS/Source/CMSIS_RTOS/cmsis_os.o
                0x080095f6                osDelay
 .text.vListInitialise
                0x0800961e       0x40 ./Middlewares/Third_Party/FreeRTOS/Source/list.o
                0x0800961e                vListInitialise
 .text.vListInitialiseItem
                0x0800965e       0x1a ./Middlewares/Third_Party/FreeRTOS/Source/list.o
                0x0800965e                vListInitialiseItem
 .text.vListInsertEnd
                0x08009678       0x48 ./Middlewares/Third_Party/FreeRTOS/Source/list.o
                0x08009678                vListInsertEnd
 .text.vListInsert
                0x080096c0       0x72 ./Middlewares/Third_Party/FreeRTOS/Source/list.o
                0x080096c0                vListInsert
 .text.uxListRemove
                0x08009732       0x54 ./Middlewares/Third_Party/FreeRTOS/Source/list.o
                0x08009732                uxListRemove
 .text.xTaskCreateStatic
                0x08009786       0xcc ./Middlewares/Third_Party/FreeRTOS/Source/tasks.o
                0x08009786                xTaskCreateStatic
 .text.xTaskCreate
                0x08009852       0x8a ./Middlewares/Third_Party/FreeRTOS/Source/tasks.o
                0x08009852                xTaskCreate
 .text.prvInitialiseNewTask
                0x080098dc      0x114 ./Middlewares/Third_Party/FreeRTOS/Source/tasks.o
 .text.prvAddNewTaskToReadyList
                0x080099f0       0xd4 ./Middlewares/Third_Party/FreeRTOS/Source/tasks.o
 .text.vTaskDelay
                0x08009ac4       0x70 ./Middlewares/Third_Party/FreeRTOS/Source/tasks.o
                0x08009ac4                vTaskDelay
 .text.vTaskStartScheduler
                0x08009b34       0xcc ./Middlewares/Third_Party/FreeRTOS/Source/tasks.o
                0x08009b34                vTaskStartScheduler
 .text.vTaskSuspendAll
                0x08009c00       0x1c ./Middlewares/Third_Party/FreeRTOS/Source/tasks.o
                0x08009c00                vTaskSuspendAll
 .text.xTaskResumeAll
                0x08009c1c      0x140 ./Middlewares/Third_Party/FreeRTOS/Source/tasks.o
                0x08009c1c                xTaskResumeAll
 .text.xTaskIncrementTick
                0x08009d5c      0x178 ./Middlewares/Third_Party/FreeRTOS/Source/tasks.o
                0x08009d5c                xTaskIncrementTick
 .text.vTaskSwitchContext
                0x08009ed4       0xbc ./Middlewares/Third_Party/FreeRTOS/Source/tasks.o
                0x08009ed4                vTaskSwitchContext
 .text.prvIdleTask
                0x08009f90       0x30 ./Middlewares/Third_Party/FreeRTOS/Source/tasks.o
 .text.prvInitialiseTaskLists
                0x08009fc0       0x80 ./Middlewares/Third_Party/FreeRTOS/Source/tasks.o
 .text.prvCheckTasksWaitingTermination
                0x0800a040       0x5c ./Middlewares/Third_Party/FreeRTOS/Source/tasks.o
 .text.prvDeleteTCB
                0x0800a09c       0x64 ./Middlewares/Third_Party/FreeRTOS/Source/tasks.o
 .text.prvResetNextTaskUnblockTime
                0x0800a100       0x40 ./Middlewares/Third_Party/FreeRTOS/Source/tasks.o
 .text.prvAddCurrentTaskToDelayedList
                0x0800a140       0xcc ./Middlewares/Third_Party/FreeRTOS/Source/tasks.o
 .text.pxPortInitialiseStack
                0x0800a20c       0x68 ./Middlewares/Third_Party/FreeRTOS/Source/portable/GCC/ARM_CM7/r0p1/port.o
                0x0800a20c                pxPortInitialiseStack
 .text.prvTaskExitError
                0x0800a274       0x64 ./Middlewares/Third_Party/FreeRTOS/Source/portable/GCC/ARM_CM7/r0p1/port.o
 *fill*         0x0800a2d8        0x8 
 .text.SVC_Handler
                0x0800a2e0       0x28 ./Middlewares/Third_Party/FreeRTOS/Source/portable/GCC/ARM_CM7/r0p1/port.o
                0x0800a2e0                SVC_Handler
 .text.prvPortStartFirstTask
                0x0800a308       0x28 ./Middlewares/Third_Party/FreeRTOS/Source/portable/GCC/ARM_CM7/r0p1/port.o
 .text.xPortStartScheduler
                0x0800a330       0xfc ./Middlewares/Third_Party/FreeRTOS/Source/portable/GCC/ARM_CM7/r0p1/port.o
                0x0800a330                xPortStartScheduler
 .text.vPortEnterCritical
                0x0800a42c       0x6c ./Middlewares/Third_Party/FreeRTOS/Source/portable/GCC/ARM_CM7/r0p1/port.o
                0x0800a42c                vPortEnterCritical
 .text.vPortExitCritical
                0x0800a498       0x58 ./Middlewares/Third_Party/FreeRTOS/Source/portable/GCC/ARM_CM7/r0p1/port.o
                0x0800a498                vPortExitCritical
 .text.PendSV_Handler
                0x0800a4f0       0x68 ./Middlewares/Third_Party/FreeRTOS/Source/portable/GCC/ARM_CM7/r0p1/port.o
                0x0800a4f0                PendSV_Handler
 .text.SysTick_Handler
                0x0800a558       0x48 ./Middlewares/Third_Party/FreeRTOS/Source/portable/GCC/ARM_CM7/r0p1/port.o
                0x0800a558                SysTick_Handler
 .text.vPortSetupTimerInterrupt
                0x0800a5a0       0x48 ./Middlewares/Third_Party/FreeRTOS/Source/portable/GCC/ARM_CM7/r0p1/port.o
                0x0800a5a0                vPortSetupTimerInterrupt
 .text.vPortEnableVFP
                0x0800a5e8       0x14 ./Middlewares/Third_Party/FreeRTOS/Source/portable/GCC/ARM_CM7/r0p1/port.o
 .text.pvPortMalloc
                0x0800a5fc      0x19c ./Middlewares/Third_Party/FreeRTOS/Source/portable/MemMang/heap_4.o
                0x0800a5fc                pvPortMalloc
 .text.vPortFree
                0x0800a798       0xc0 ./Middlewares/Third_Party/FreeRTOS/Source/portable/MemMang/heap_4.o
                0x0800a798                vPortFree
 .text.prvHeapInit
                0x0800a858       0xc4 ./Middlewares/Third_Party/FreeRTOS/Source/portable/MemMang/heap_4.o
 .text.prvInsertBlockIntoFreeList
                0x0800a91c       0xb4 ./Middlewares/Third_Party/FreeRTOS/Source/portable/MemMang/heap_4.o
 .text.memset   0x0800a9d0       0x10 C:/ST/STM32CubeIDE_1.14.1/STM32CubeIDE/plugins/com.st.stm32cube.ide.mcu.externaltools.gnu-tools-for-stm32.12.3.rel1.win32_1.0.100.202403111256/tools/bin/../lib/gcc/arm-none-eabi/12.3.1/../../../../arm-none-eabi/lib/thumb/v7e-m+fp/hard\libc_nano.a(libc_a-memset.o)
                0x0800a9d0                memset
 .text.__libc_init_array
                0x0800a9e0       0x48 C:/ST/STM32CubeIDE_1.14.1/STM32CubeIDE/plugins/com.st.stm32cube.ide.mcu.externaltools.gnu-tools-for-stm32.12.3.rel1.win32_1.0.100.202403111256/tools/bin/../lib/gcc/arm-none-eabi/12.3.1/../../../../arm-none-eabi/lib/thumb/v7e-m+fp/hard\libc_nano.a(libc_a-init.o)
                0x0800a9e0                __libc_init_array
 *(.glue_7)
 .glue_7        0x0800aa28        0x0 linker stubs
 *(.glue_7t)
 .glue_7t       0x0800aa28        0x0 linker stubs
 *(.eh_frame)
 .eh_frame      0x0800aa28        0x0 C:/ST/STM32CubeIDE_1.14.1/STM32CubeIDE/plugins/com.st.stm32cube.ide.mcu.externaltools.gnu-tools-for-stm32.12.3.rel1.win32_1.0.100.202403111256/tools/bin/../lib/gcc/arm-none-eabi/12.3.1/thumb/v7e-m+fp/hard/crtbegin.o
 *(.init)
 .init          0x0800aa28        0x4 C:/ST/STM32CubeIDE_1.14.1/STM32CubeIDE/plugins/com.st.stm32cube.ide.mcu.externaltools.gnu-tools-for-stm32.12.3.rel1.win32_1.0.100.202403111256/tools/bin/../lib/gcc/arm-none-eabi/12.3.1/thumb/v7e-m+fp/hard/crti.o
                0x0800aa28                _init
 .init          0x0800aa2c        0x8 C:/ST/STM32CubeIDE_1.14.1/STM32CubeIDE/plugins/com.st.stm32cube.ide.mcu.externaltools.gnu-tools-for-stm32.12.3.rel1.win32_1.0.100.202403111256/tools/bin/../lib/gcc/arm-none-eabi/12.3.1/thumb/v7e-m+fp/hard/crtn.o
 *(.fini)
 .fini          0x0800aa34        0x4 C:/ST/STM32CubeIDE_1.14.1/STM32CubeIDE/plugins/com.st.stm32cube.ide.mcu.externaltools.gnu-tools-for-stm32.12.3.rel1.win32_1.0.100.202403111256/tools/bin/../lib/gcc/arm-none-eabi/12.3.1/thumb/v7e-m+fp/hard/crti.o
                0x0800aa34                _fini
 .fini          0x0800aa38        0x8 C:/ST/STM32CubeIDE_1.14.1/STM32CubeIDE/plugins/com.st.stm32cube.ide.mcu.externaltools.gnu-tools-for-stm32.12.3.rel1.win32_1.0.100.202403111256/tools/bin/../lib/gcc/arm-none-eabi/12.3.1/thumb/v7e-m+fp/hard/crtn.o
                0x0800aa40                        . = ALIGN (0x4)
                0x0800aa40                        _etext = .

.vfp11_veneer   0x0800aa40        0x0
 .vfp11_veneer  0x0800aa40        0x0 linker stubs

.v4_bx          0x0800aa40        0x0
 .v4_bx         0x0800aa40        0x0 linker stubs

.iplt           0x0800aa40        0x0
 .iplt          0x0800aa40        0x0 C:/ST/STM32CubeIDE_1.14.1/STM32CubeIDE/plugins/com.st.stm32cube.ide.mcu.externaltools.gnu-tools-for-stm32.12.3.rel1.win32_1.0.100.202403111256/tools/bin/../lib/gcc/arm-none-eabi/12.3.1/thumb/v7e-m+fp/hard/crtbegin.o

.rodata         0x0800aa40     0x5008
                0x0800aa40                        . = ALIGN (0x4)
 *(.rodata)
 .rodata        0x0800aa40       0x28 ./Core/Src/freertos.o
 .rodata        0x0800aa68        0x5 ./Middlewares/Third_Party/FreeRTOS/Source/tasks.o
 *(.rodata*)
 *fill*         0x0800aa6d        0x3 
 .rodata.images_bmp_color_apple_D2664F_bmp
                0x0800aa70     0x308a ./Core/Src/main.o
                0x0800aa70                images_bmp_color_apple_D2664F_bmp
 *fill*         0x0800dafa        0x2 
 .rodata.Font24_Table
                0x0800dafc     0x1ab8 ./Core/Src/stm32746g_discovery_lcd.o
                0x0800dafc                Font24_Table
 .rodata.Font12_Table
                0x0800f5b4      0x474 ./Core/Src/stm32746g_discovery_lcd.o
                0x0800f5b4                Font12_Table
 .rodata.AHBPrescTable
                0x0800fa28       0x10 ./Core/Src/system_stm32f7xx.o
                0x0800fa28                AHBPrescTable
 .rodata.APBPrescTable
                0x0800fa38        0x8 ./Core/Src/system_stm32f7xx.o
                0x0800fa38                APBPrescTable
 .rodata.flagBitshiftOffset.0
                0x0800fa40        0x8 ./Drivers/STM32F7xx_HAL_Driver/Src/stm32f7xx_hal_dma.o
                0x0800fa48                        . = ALIGN (0x4)

.ARM.extab      0x0800fa48        0x0
                0x0800fa48                        . = ALIGN (0x4)
 *(.ARM.extab* .gnu.linkonce.armextab.*)
                0x0800fa48                        . = ALIGN (0x4)

.ARM            0x0800fa48        0x8
                0x0800fa48                        . = ALIGN (0x4)
                0x0800fa48                        __exidx_start = .
 *(.ARM.exidx*)
 .ARM.exidx     0x0800fa48        0x8 C:/ST/STM32CubeIDE_1.14.1/STM32CubeIDE/plugins/com.st.stm32cube.ide.mcu.externaltools.gnu-tools-for-stm32.12.3.rel1.win32_1.0.100.202403111256/tools/bin/../lib/gcc/arm-none-eabi/12.3.1/thumb/v7e-m+fp/hard\libgcc.a(_udivmoddi4.o)
                0x0800fa50                        __exidx_end = .
                0x0800fa50                        . = ALIGN (0x4)

.rel.dyn        0x0800fa50        0x0
 .rel.iplt      0x0800fa50        0x0 C:/ST/STM32CubeIDE_1.14.1/STM32CubeIDE/plugins/com.st.stm32cube.ide.mcu.externaltools.gnu-tools-for-stm32.12.3.rel1.win32_1.0.100.202403111256/tools/bin/../lib/gcc/arm-none-eabi/12.3.1/thumb/v7e-m+fp/hard/crtbegin.o

.preinit_array  0x0800fa50        0x0
                0x0800fa50                        . = ALIGN (0x4)
                0x0800fa50                        PROVIDE (__preinit_array_start = .)
 *(.preinit_array*)
                0x0800fa50                        PROVIDE (__preinit_array_end = .)
                0x0800fa50                        . = ALIGN (0x4)

.init_array     0x0800fa50        0x4
                0x0800fa50                        . = ALIGN (0x4)
                0x0800fa50                        PROVIDE (__init_array_start = .)
 *(SORT_BY_NAME(.init_array.*))
 *(.init_array*)
 .init_array    0x0800fa50        0x4 C:/ST/STM32CubeIDE_1.14.1/STM32CubeIDE/plugins/com.st.stm32cube.ide.mcu.externaltools.gnu-tools-for-stm32.12.3.rel1.win32_1.0.100.202403111256/tools/bin/../lib/gcc/arm-none-eabi/12.3.1/thumb/v7e-m+fp/hard/crtbegin.o
                0x0800fa54                        PROVIDE (__init_array_end = .)
                0x0800fa54                        . = ALIGN (0x4)

.fini_array     0x0800fa54        0x4
                0x0800fa54                        . = ALIGN (0x4)
                [!provide]                        PROVIDE (__fini_array_start = .)
 *(SORT_BY_NAME(.fini_array.*))
 *(.fini_array*)
 .fini_array    0x0800fa54        0x4 C:/ST/STM32CubeIDE_1.14.1/STM32CubeIDE/plugins/com.st.stm32cube.ide.mcu.externaltools.gnu-tools-for-stm32.12.3.rel1.win32_1.0.100.202403111256/tools/bin/../lib/gcc/arm-none-eabi/12.3.1/thumb/v7e-m+fp/hard/crtbegin.o
                [!provide]                        PROVIDE (__fini_array_end = .)
                0x0800fa58                        . = ALIGN (0x4)
                0x0800fa58                        _sidata = LOADADDR (.data)

.data           0x20000000       0x4c load address 0x0800fa58
                0x20000000                        . = ALIGN (0x4)
                0x20000000                        _sdata = .
 *(.data)
 *(.data*)
 .data.ft5336_ts_drv
                0x20000000       0x28 ./Core/Src/ft5336.o
                0x20000000                ft5336_ts_drv
 .data.Font24   0x20000028        0x8 ./Core/Src/stm32746g_discovery_lcd.o
                0x20000028                Font24
 .data.Font12   0x20000030        0x8 ./Core/Src/stm32746g_discovery_lcd.o
                0x20000030                Font12
 .data.sdramstatus.3
                0x20000038        0x1 ./Core/Src/stm32746g_discovery_sdram.o
 *fill*         0x20000039        0x3 
 .data.SystemCoreClock
                0x2000003c        0x4 ./Core/Src/system_stm32f7xx.o
                0x2000003c                SystemCoreClock
 .data.uwTickPrio
                0x20000040        0x4 ./Drivers/STM32F7xx_HAL_Driver/Src/stm32f7xx_hal.o
                0x20000040                uwTickPrio
 .data.uwTickFreq
                0x20000044        0x1 ./Drivers/STM32F7xx_HAL_Driver/Src/stm32f7xx_hal.o
                0x20000044                uwTickFreq
 *fill*         0x20000045        0x3 
 .data.uxCriticalNesting
                0x20000048        0x4 ./Middlewares/Third_Party/FreeRTOS/Source/portable/GCC/ARM_CM7/r0p1/port.o
 *(.RamFunc)
 *(.RamFunc*)
                0x2000004c                        . = ALIGN (0x4)
                0x2000004c                        _edata = .

.igot.plt       0x2000004c        0x0 load address 0x0800faa4
 .igot.plt      0x2000004c        0x0 C:/ST/STM32CubeIDE_1.14.1/STM32CubeIDE/plugins/com.st.stm32cube.ide.mcu.externaltools.gnu-tools-for-stm32.12.3.rel1.win32_1.0.100.202403111256/tools/bin/../lib/gcc/arm-none-eabi/12.3.1/thumb/v7e-m+fp/hard/crtbegin.o
                0x2000004c                        . = ALIGN (0x4)

.bss            0x2000004c     0x48c4 load address 0x0800faa4
                0x2000004c                        _sbss = .
                0x2000004c                        __bss_start__ = _sbss
 *(.bss)
 .bss           0x2000004c       0x1c C:/ST/STM32CubeIDE_1.14.1/STM32CubeIDE/plugins/com.st.stm32cube.ide.mcu.externaltools.gnu-tools-for-stm32.12.3.rel1.win32_1.0.100.202403111256/tools/bin/../lib/gcc/arm-none-eabi/12.3.1/thumb/v7e-m+fp/hard/crtbegin.o
 *(.bss*)
 .bss.hadc1     0x20000068       0x48 ./Core/Src/adc.o
                0x20000068                hadc1
 .bss.hadc3     0x200000b0       0x48 ./Core/Src/adc.o
                0x200000b0                hadc3
 .bss.hdac      0x200000f8       0x14 ./Core/Src/dac.o
                0x200000f8                hdac
 .bss.hdma2d    0x2000010c       0x40 ./Core/Src/dma2d.o
                0x2000010c                hdma2d
 .bss.hsdram1   0x2000014c       0x34 ./Core/Src/fmc.o
                0x2000014c                hsdram1
 .bss.FMC_Initialized
                0x20000180        0x4 ./Core/Src/fmc.o
 .bss.defaultTaskHandle
                0x20000184        0x4 ./Core/Src/freertos.o
                0x20000184                defaultTaskHandle
 .bss.xIdleTaskTCBBuffer
                0x20000188       0x54 ./Core/Src/freertos.o
 .bss.xIdleStack
                0x200001dc      0x200 ./Core/Src/freertos.o
 .bss.ft5336_handle
                0x200003dc        0x3 ./Core/Src/ft5336.o
 *fill*         0x200003df        0x1 
 .bss.coord.0   0x200003e0        0x2 ./Core/Src/ft5336.o
 *fill*         0x200003e2        0x2 
 .bss.hi2c1     0x200003e4       0x54 ./Core/Src/i2c.o
                0x200003e4                hi2c1
 .bss.hi2c3     0x20000438       0x54 ./Core/Src/i2c.o
                0x20000438                hi2c3
 .bss.hltdc     0x2000048c       0xa8 ./Core/Src/ltdc.o
                0x2000048c                hltdc
 .bss.hrtc      0x20000534       0x20 ./Core/Src/rtc.o
                0x20000534                hrtc
 .bss.hspi2     0x20000554       0x64 ./Core/Src/spi.o
                0x20000554                hspi2
 .bss.hI2cAudioHandler
                0x200005b8       0x54 ./Core/Src/stm32746g_discovery.o
 .bss.hLtdcHandler
                0x2000060c       0xa8 ./Core/Src/stm32746g_discovery_lcd.o
                0x2000060c                hLtdcHandler
 .bss.hDma2dHandler
                0x200006b4       0x40 ./Core/Src/stm32746g_discovery_lcd.o
 .bss.ActiveLayer
                0x200006f4        0x4 ./Core/Src/stm32746g_discovery_lcd.o
 .bss.DrawProp  0x200006f8       0x18 ./Core/Src/stm32746g_discovery_lcd.o
 .bss.periph_clk_init_struct.0
                0x20000710       0x84 ./Core/Src/stm32746g_discovery_lcd.o
 .bss.sdramHandle
                0x20000794       0x34 ./Core/Src/stm32746g_discovery_sdram.o
                0x20000794                sdramHandle
 .bss.Timing    0x200007c8       0x1c ./Core/Src/stm32746g_discovery_sdram.o
 .bss.Command   0x200007e4       0x10 ./Core/Src/stm32746g_discovery_sdram.o
 .bss.dma_handle.1
                0x200007f4       0x60 ./Core/Src/stm32746g_discovery_sdram.o
 .bss.tsDriver  0x20000854        0x4 ./Core/Src/stm32746g_discovery_ts.o
 .bss.tsXBoundary
                0x20000858        0x2 ./Core/Src/stm32746g_discovery_ts.o
 .bss.tsYBoundary
                0x2000085a        0x2 ./Core/Src/stm32746g_discovery_ts.o
 .bss.tsOrientation
                0x2000085c        0x1 ./Core/Src/stm32746g_discovery_ts.o
 .bss.I2cAddress
                0x2000085d        0x1 ./Core/Src/stm32746g_discovery_ts.o
 *fill*         0x2000085e        0x2 
 .bss.htim6     0x20000860       0x4c ./Core/Src/stm32f7xx_hal_timebase_tim.o
                0x20000860                htim6
 .bss.htim1     0x200008ac       0x4c ./Core/Src/tim.o
                0x200008ac                htim1
 .bss.htim2     0x200008f8       0x4c ./Core/Src/tim.o
                0x200008f8                htim2
 .bss.htim3     0x20000944       0x4c ./Core/Src/tim.o
                0x20000944                htim3
 .bss.htim5     0x20000990       0x4c ./Core/Src/tim.o
                0x20000990                htim5
 .bss.htim8     0x200009dc       0x4c ./Core/Src/tim.o
                0x200009dc                htim8
 .bss.huart7    0x20000a28       0x88 ./Core/Src/usart.o
                0x20000a28                huart7
 .bss.huart1    0x20000ab0       0x88 ./Core/Src/usart.o
                0x20000ab0                huart1
 .bss.huart6    0x20000b38       0x88 ./Core/Src/usart.o
                0x20000b38                huart6
 .bss.uwTick    0x20000bc0        0x4 ./Drivers/STM32F7xx_HAL_Driver/Src/stm32f7xx_hal.o
                0x20000bc0                uwTick
 .bss.pxCurrentTCB
                0x20000bc4        0x4 ./Middlewares/Third_Party/FreeRTOS/Source/tasks.o
                0x20000bc4                pxCurrentTCB
 .bss.pxReadyTasksLists
                0x20000bc8       0x8c ./Middlewares/Third_Party/FreeRTOS/Source/tasks.o
 .bss.xDelayedTaskList1
                0x20000c54       0x14 ./Middlewares/Third_Party/FreeRTOS/Source/tasks.o
 .bss.xDelayedTaskList2
                0x20000c68       0x14 ./Middlewares/Third_Party/FreeRTOS/Source/tasks.o
 .bss.pxDelayedTaskList
                0x20000c7c        0x4 ./Middlewares/Third_Party/FreeRTOS/Source/tasks.o
 .bss.pxOverflowDelayedTaskList
                0x20000c80        0x4 ./Middlewares/Third_Party/FreeRTOS/Source/tasks.o
 .bss.xPendingReadyList
                0x20000c84       0x14 ./Middlewares/Third_Party/FreeRTOS/Source/tasks.o
 .bss.xTasksWaitingTermination
                0x20000c98       0x14 ./Middlewares/Third_Party/FreeRTOS/Source/tasks.o
 .bss.uxDeletedTasksWaitingCleanUp
                0x20000cac        0x4 ./Middlewares/Third_Party/FreeRTOS/Source/tasks.o
 .bss.xSuspendedTaskList
                0x20000cb0       0x14 ./Middlewares/Third_Party/FreeRTOS/Source/tasks.o
 .bss.uxCurrentNumberOfTasks
                0x20000cc4        0x4 ./Middlewares/Third_Party/FreeRTOS/Source/tasks.o
 .bss.xTickCount
                0x20000cc8        0x4 ./Middlewares/Third_Party/FreeRTOS/Source/tasks.o
 .bss.uxTopReadyPriority
                0x20000ccc        0x4 ./Middlewares/Third_Party/FreeRTOS/Source/tasks.o
 .bss.xSchedulerRunning
                0x20000cd0        0x4 ./Middlewares/Third_Party/FreeRTOS/Source/tasks.o
 .bss.uxPendedTicks
                0x20000cd4        0x4 ./Middlewares/Third_Party/FreeRTOS/Source/tasks.o
 .bss.xYieldPending
                0x20000cd8        0x4 ./Middlewares/Third_Party/FreeRTOS/Source/tasks.o
 .bss.xNumOfOverflows
                0x20000cdc        0x4 ./Middlewares/Third_Party/FreeRTOS/Source/tasks.o
 .bss.uxTaskNumber
                0x20000ce0        0x4 ./Middlewares/Third_Party/FreeRTOS/Source/tasks.o
 .bss.xNextTaskUnblockTime
                0x20000ce4        0x4 ./Middlewares/Third_Party/FreeRTOS/Source/tasks.o
 .bss.xIdleTaskHandle
                0x20000ce8        0x4 ./Middlewares/Third_Party/FreeRTOS/Source/tasks.o
 .bss.uxSchedulerSuspended
                0x20000cec        0x4 ./Middlewares/Third_Party/FreeRTOS/Source/tasks.o
 .bss.ucMaxSysCallPriority
                0x20000cf0        0x1 ./Middlewares/Third_Party/FreeRTOS/Source/portable/GCC/ARM_CM7/r0p1/port.o
 *fill*         0x20000cf1        0x3 
 .bss.ulMaxPRIGROUPValue
                0x20000cf4        0x4 ./Middlewares/Third_Party/FreeRTOS/Source/portable/GCC/ARM_CM7/r0p1/port.o
 .bss.ucHeap    0x20000cf8     0x3c00 ./Middlewares/Third_Party/FreeRTOS/Source/portable/MemMang/heap_4.o
 .bss.xStart    0x200048f8        0x8 ./Middlewares/Third_Party/FreeRTOS/Source/portable/MemMang/heap_4.o
 .bss.pxEnd     0x20004900        0x4 ./Middlewares/Third_Party/FreeRTOS/Source/portable/MemMang/heap_4.o
 .bss.xFreeBytesRemaining
                0x20004904        0x4 ./Middlewares/Third_Party/FreeRTOS/Source/portable/MemMang/heap_4.o
 .bss.xMinimumEverFreeBytesRemaining
                0x20004908        0x4 ./Middlewares/Third_Party/FreeRTOS/Source/portable/MemMang/heap_4.o
 .bss.xBlockAllocatedBit
                0x2000490c        0x4 ./Middlewares/Third_Party/FreeRTOS/Source/portable/MemMang/heap_4.o
 *(COMMON)
                0x20004910                        . = ALIGN (0x4)
                0x20004910                        _ebss = .
                0x20004910                        __bss_end__ = _ebss

._user_heap_stack
                0x20004910      0x600 load address 0x0800faa4
                0x20004910                        . = ALIGN (0x8)
                [!provide]                        PROVIDE (end = .)
                0x20004910                        PROVIDE (_end = .)
                0x20004b10                        . = (. + _Min_Heap_Size)
 *fill*         0x20004910      0x200 
                0x20004f10                        . = (. + _Min_Stack_Size)
 *fill*         0x20004b10      0x400 
                0x20004f10                        . = ALIGN (0x8)

/DISCARD/
 libc.a(*)
 libm.a(*)
 libgcc.a(*)

.ARM.attributes
                0x00000000       0x30
 *(.ARM.attributes)
 .ARM.attributes
                0x00000000       0x22 C:/ST/STM32CubeIDE_1.14.1/STM32CubeIDE/plugins/com.st.stm32cube.ide.mcu.externaltools.gnu-tools-for-stm32.12.3.rel1.win32_1.0.100.202403111256/tools/bin/../lib/gcc/arm-none-eabi/12.3.1/thumb/v7e-m+fp/hard/crti.o
 .ARM.attributes
                0x00000022       0x34 C:/ST/STM32CubeIDE_1.14.1/STM32CubeIDE/plugins/com.st.stm32cube.ide.mcu.externaltools.gnu-tools-for-stm32.12.3.rel1.win32_1.0.100.202403111256/tools/bin/../lib/gcc/arm-none-eabi/12.3.1/thumb/v7e-m+fp/hard/crtbegin.o
 .ARM.attributes
                0x00000056       0x34 ./Core/Src/adc.o
 .ARM.attributes
                0x0000008a       0x34 ./Core/Src/dac.o
 .ARM.attributes
                0x000000be       0x34 ./Core/Src/dma2d.o
 .ARM.attributes
                0x000000f2       0x34 ./Core/Src/fmc.o
 .ARM.attributes
                0x00000126       0x34 ./Core/Src/freertos.o
 .ARM.attributes
                0x0000015a       0x34 ./Core/Src/ft5336.o
 .ARM.attributes
                0x0000018e       0x34 ./Core/Src/gpio.o
 .ARM.attributes
                0x000001c2       0x34 ./Core/Src/i2c.o
 .ARM.attributes
                0x000001f6       0x34 ./Core/Src/ltdc.o
 .ARM.attributes
                0x0000022a       0x34 ./Core/Src/main.o
 .ARM.attributes
                0x0000025e       0x34 ./Core/Src/rtc.o
 .ARM.attributes
                0x00000292       0x34 ./Core/Src/spi.o
 .ARM.attributes
                0x000002c6       0x34 ./Core/Src/stm32746g_discovery.o
 .ARM.attributes
                0x000002fa       0x34 ./Core/Src/stm32746g_discovery_lcd.o
 .ARM.attributes
                0x0000032e       0x34 ./Core/Src/stm32746g_discovery_sdram.o
 .ARM.attributes
                0x00000362       0x34 ./Core/Src/stm32746g_discovery_ts.o
 .ARM.attributes
                0x00000396       0x34 ./Core/Src/stm32f7xx_hal_msp.o
 .ARM.attributes
                0x000003ca       0x34 ./Core/Src/stm32f7xx_hal_timebase_tim.o
 .ARM.attributes
                0x000003fe       0x34 ./Core/Src/stm32f7xx_it.o
 .ARM.attributes
                0x00000432       0x34 ./Core/Src/system_stm32f7xx.o
 .ARM.attributes
                0x00000466       0x34 ./Core/Src/tim.o
 .ARM.attributes
                0x0000049a       0x34 ./Core/Src/usart.o
 .ARM.attributes
                0x000004ce       0x21 ./Core/Startup/startup_stm32f746nghx.o
 .ARM.attributes
                0x000004ef       0x34 ./Drivers/STM32F7xx_HAL_Driver/Src/stm32f7xx_hal.o
 .ARM.attributes
                0x00000523       0x34 ./Drivers/STM32F7xx_HAL_Driver/Src/stm32f7xx_hal_adc.o
 .ARM.attributes
                0x00000557       0x34 ./Drivers/STM32F7xx_HAL_Driver/Src/stm32f7xx_hal_cortex.o
 .ARM.attributes
                0x0000058b       0x34 ./Drivers/STM32F7xx_HAL_Driver/Src/stm32f7xx_hal_dac.o
 .ARM.attributes
                0x000005bf       0x34 ./Drivers/STM32F7xx_HAL_Driver/Src/stm32f7xx_hal_dac_ex.o
 .ARM.attributes
                0x000005f3       0x34 ./Drivers/STM32F7xx_HAL_Driver/Src/stm32f7xx_hal_dma.o
 .ARM.attributes
                0x00000627       0x34 ./Drivers/STM32F7xx_HAL_Driver/Src/stm32f7xx_hal_dma2d.o
 .ARM.attributes
                0x0000065b       0x34 ./Drivers/STM32F7xx_HAL_Driver/Src/stm32f7xx_hal_gpio.o
 .ARM.attributes
                0x0000068f       0x34 ./Drivers/STM32F7xx_HAL_Driver/Src/stm32f7xx_hal_i2c.o
 .ARM.attributes
                0x000006c3       0x34 ./Drivers/STM32F7xx_HAL_Driver/Src/stm32f7xx_hal_i2c_ex.o
 .ARM.attributes
                0x000006f7       0x34 ./Drivers/STM32F7xx_HAL_Driver/Src/stm32f7xx_hal_ltdc.o
 .ARM.attributes
                0x0000072b       0x34 ./Drivers/STM32F7xx_HAL_Driver/Src/stm32f7xx_hal_pwr.o
 .ARM.attributes
                0x0000075f       0x34 ./Drivers/STM32F7xx_HAL_Driver/Src/stm32f7xx_hal_pwr_ex.o
 .ARM.attributes
                0x00000793       0x34 ./Drivers/STM32F7xx_HAL_Driver/Src/stm32f7xx_hal_rcc.o
 .ARM.attributes
                0x000007c7       0x34 ./Drivers/STM32F7xx_HAL_Driver/Src/stm32f7xx_hal_rcc_ex.o
 .ARM.attributes
                0x000007fb       0x34 ./Drivers/STM32F7xx_HAL_Driver/Src/stm32f7xx_hal_rtc.o
 .ARM.attributes
                0x0000082f       0x34 ./Drivers/STM32F7xx_HAL_Driver/Src/stm32f7xx_hal_rtc_ex.o
 .ARM.attributes
                0x00000863       0x34 ./Drivers/STM32F7xx_HAL_Driver/Src/stm32f7xx_hal_sdram.o
 .ARM.attributes
                0x00000897       0x34 ./Drivers/STM32F7xx_HAL_Driver/Src/stm32f7xx_hal_spi.o
 .ARM.attributes
                0x000008cb       0x34 ./Drivers/STM32F7xx_HAL_Driver/Src/stm32f7xx_hal_tim.o
 .ARM.attributes
                0x000008ff       0x34 ./Drivers/STM32F7xx_HAL_Driver/Src/stm32f7xx_hal_tim_ex.o
 .ARM.attributes
                0x00000933       0x34 ./Drivers/STM32F7xx_HAL_Driver/Src/stm32f7xx_hal_uart.o
 .ARM.attributes
                0x00000967       0x34 ./Drivers/STM32F7xx_HAL_Driver/Src/stm32f7xx_ll_fmc.o
 .ARM.attributes
                0x0000099b       0x34 ./Middlewares/Third_Party/FreeRTOS/Source/CMSIS_RTOS/cmsis_os.o
 .ARM.attributes
                0x000009cf       0x34 ./Middlewares/Third_Party/FreeRTOS/Source/list.o
 .ARM.attributes
                0x00000a03       0x34 ./Middlewares/Third_Party/FreeRTOS/Source/tasks.o
 .ARM.attributes
                0x00000a37       0x34 ./Middlewares/Third_Party/FreeRTOS/Source/portable/GCC/ARM_CM7/r0p1/port.o
 .ARM.attributes
                0x00000a6b       0x34 ./Middlewares/Third_Party/FreeRTOS/Source/portable/MemMang/heap_4.o
 .ARM.attributes
                0x00000a9f       0x34 C:/ST/STM32CubeIDE_1.14.1/STM32CubeIDE/plugins/com.st.stm32cube.ide.mcu.externaltools.gnu-tools-for-stm32.12.3.rel1.win32_1.0.100.202403111256/tools/bin/../lib/gcc/arm-none-eabi/12.3.1/../../../../arm-none-eabi/lib/thumb/v7e-m+fp/hard\libc_nano.a(libc_a-memset.o)
 .ARM.attributes
                0x00000ad3       0x34 C:/ST/STM32CubeIDE_1.14.1/STM32CubeIDE/plugins/com.st.stm32cube.ide.mcu.externaltools.gnu-tools-for-stm32.12.3.rel1.win32_1.0.100.202403111256/tools/bin/../lib/gcc/arm-none-eabi/12.3.1/../../../../arm-none-eabi/lib/thumb/v7e-m+fp/hard\libc_nano.a(libc_a-init.o)
 .ARM.attributes
                0x00000b07       0x22 C:/ST/STM32CubeIDE_1.14.1/STM32CubeIDE/plugins/com.st.stm32cube.ide.mcu.externaltools.gnu-tools-for-stm32.12.3.rel1.win32_1.0.100.202403111256/tools/bin/../lib/gcc/arm-none-eabi/12.3.1/thumb/v7e-m+fp/hard\libgcc.a(_aeabi_uldivmod.o)
 .ARM.attributes
                0x00000b29       0x34 C:/ST/STM32CubeIDE_1.14.1/STM32CubeIDE/plugins/com.st.stm32cube.ide.mcu.externaltools.gnu-tools-for-stm32.12.3.rel1.win32_1.0.100.202403111256/tools/bin/../lib/gcc/arm-none-eabi/12.3.1/thumb/v7e-m+fp/hard\libgcc.a(_udivmoddi4.o)
 .ARM.attributes
                0x00000b5d       0x22 C:/ST/STM32CubeIDE_1.14.1/STM32CubeIDE/plugins/com.st.stm32cube.ide.mcu.externaltools.gnu-tools-for-stm32.12.3.rel1.win32_1.0.100.202403111256/tools/bin/../lib/gcc/arm-none-eabi/12.3.1/thumb/v7e-m+fp/hard\libgcc.a(_dvmd_tls.o)
 .ARM.attributes
                0x00000b7f       0x22 C:/ST/STM32CubeIDE_1.14.1/STM32CubeIDE/plugins/com.st.stm32cube.ide.mcu.externaltools.gnu-tools-for-stm32.12.3.rel1.win32_1.0.100.202403111256/tools/bin/../lib/gcc/arm-none-eabi/12.3.1/thumb/v7e-m+fp/hard/crtn.o
OUTPUT(mini-projet-442.elf elf32-littlearm)
LOAD linker stubs
LOAD C:/ST/STM32CubeIDE_1.14.1/STM32CubeIDE/plugins/com.st.stm32cube.ide.mcu.externaltools.gnu-tools-for-stm32.12.3.rel1.win32_1.0.100.202403111256/tools/bin/../lib/gcc/arm-none-eabi/12.3.1/../../../../arm-none-eabi/lib/thumb/v7e-m+fp/hard\libc.a
LOAD C:/ST/STM32CubeIDE_1.14.1/STM32CubeIDE/plugins/com.st.stm32cube.ide.mcu.externaltools.gnu-tools-for-stm32.12.3.rel1.win32_1.0.100.202403111256/tools/bin/../lib/gcc/arm-none-eabi/12.3.1/../../../../arm-none-eabi/lib/thumb/v7e-m+fp/hard\libm.a
LOAD C:/ST/STM32CubeIDE_1.14.1/STM32CubeIDE/plugins/com.st.stm32cube.ide.mcu.externaltools.gnu-tools-for-stm32.12.3.rel1.win32_1.0.100.202403111256/tools/bin/../lib/gcc/arm-none-eabi/12.3.1/thumb/v7e-m+fp/hard\libgcc.a

.debug_info     0x00000000    0x2cd24
 .debug_info    0x00000000      0xa26 ./Core/Src/adc.o
 .debug_info    0x00000a26      0xb70 ./Core/Src/dac.o
 .debug_info    0x00001596      0x8e2 ./Core/Src/dma2d.o
 .debug_info    0x00001e78      0x9b0 ./Core/Src/fmc.o
 .debug_info    0x00002828      0x4b6 ./Core/Src/freertos.o
 .debug_info    0x00002cde      0x5f3 ./Core/Src/ft5336.o
 .debug_info    0x000032d1      0x50b ./Core/Src/gpio.o
 .debug_info    0x000037dc      0xc89 ./Core/Src/i2c.o
 .debug_info    0x00004465      0xdd0 ./Core/Src/ltdc.o
 .debug_info    0x00005235      0xf26 ./Core/Src/main.o
 .debug_info    0x0000615b      0xaca ./Core/Src/rtc.o
 .debug_info    0x00006c25      0x9aa ./Core/Src/spi.o
 .debug_info    0x000075cf     0x1b2a ./Core/Src/stm32746g_discovery.o
 .debug_info    0x000090f9     0x250d ./Core/Src/stm32746g_discovery_lcd.o
 .debug_info    0x0000b606     0x1056 ./Core/Src/stm32746g_discovery_sdram.o
 .debug_info    0x0000c65c      0x97d ./Core/Src/stm32746g_discovery_ts.o
 .debug_info    0x0000cfd9      0x53b ./Core/Src/stm32f7xx_hal_msp.o
 .debug_info    0x0000d514      0xcc3 ./Core/Src/stm32f7xx_hal_timebase_tim.o
 .debug_info    0x0000e1d7      0xf81 ./Core/Src/stm32f7xx_it.o
 .debug_info    0x0000f158      0x6ed ./Core/Src/system_stm32f7xx.o
 .debug_info    0x0000f845      0xd2b ./Core/Src/tim.o
 .debug_info    0x00010570      0xd31 ./Core/Src/usart.o
 .debug_info    0x000112a1       0x30 ./Core/Startup/startup_stm32f746nghx.o
 .debug_info    0x000112d1      0x9d8 ./Drivers/STM32F7xx_HAL_Driver/Src/stm32f7xx_hal.o
 .debug_info    0x00011ca9      0xc83 ./Drivers/STM32F7xx_HAL_Driver/Src/stm32f7xx_hal_adc.o
 .debug_info    0x0001292c      0xf49 ./Drivers/STM32F7xx_HAL_Driver/Src/stm32f7xx_hal_cortex.o
 .debug_info    0x00013875      0x9c0 ./Drivers/STM32F7xx_HAL_Driver/Src/stm32f7xx_hal_dac.o
 .debug_info    0x00014235      0x746 ./Drivers/STM32F7xx_HAL_Driver/Src/stm32f7xx_hal_dac_ex.o
 .debug_info    0x0001497b      0x8e7 ./Drivers/STM32F7xx_HAL_Driver/Src/stm32f7xx_hal_dma.o
 .debug_info    0x00015262      0xe7a ./Drivers/STM32F7xx_HAL_Driver/Src/stm32f7xx_hal_dma2d.o
 .debug_info    0x000160dc      0x6e7 ./Drivers/STM32F7xx_HAL_Driver/Src/stm32f7xx_hal_gpio.o
 .debug_info    0x000167c3     0x20b3 ./Drivers/STM32F7xx_HAL_Driver/Src/stm32f7xx_hal_i2c.o
 .debug_info    0x00018876      0x92e ./Drivers/STM32F7xx_HAL_Driver/Src/stm32f7xx_hal_i2c_ex.o
 .debug_info    0x000191a4     0x1022 ./Drivers/STM32F7xx_HAL_Driver/Src/stm32f7xx_hal_ltdc.o
 .debug_info    0x0001a1c6      0x90e ./Drivers/STM32F7xx_HAL_Driver/Src/stm32f7xx_hal_pwr.o
 .debug_info    0x0001aad4      0x8cd ./Drivers/STM32F7xx_HAL_Driver/Src/stm32f7xx_hal_pwr_ex.o
 .debug_info    0x0001b3a1      0x8dc ./Drivers/STM32F7xx_HAL_Driver/Src/stm32f7xx_hal_rcc.o
 .debug_info    0x0001bc7d      0x6bd ./Drivers/STM32F7xx_HAL_Driver/Src/stm32f7xx_hal_rcc_ex.o
 .debug_info    0x0001c33a      0xc8a ./Drivers/STM32F7xx_HAL_Driver/Src/stm32f7xx_hal_rtc.o
 .debug_info    0x0001cfc4      0xf75 ./Drivers/STM32F7xx_HAL_Driver/Src/stm32f7xx_hal_rtc_ex.o
 .debug_info    0x0001df39      0xeaa ./Drivers/STM32F7xx_HAL_Driver/Src/stm32f7xx_hal_sdram.o
 .debug_info    0x0001ede3     0x169b ./Drivers/STM32F7xx_HAL_Driver/Src/stm32f7xx_hal_spi.o
 .debug_info    0x0002047e     0x2a9a ./Drivers/STM32F7xx_HAL_Driver/Src/stm32f7xx_hal_tim.o
 .debug_info    0x00022f18     0x15bb ./Drivers/STM32F7xx_HAL_Driver/Src/stm32f7xx_hal_tim_ex.o
 .debug_info    0x000244d3     0x3a47 ./Drivers/STM32F7xx_HAL_Driver/Src/stm32f7xx_hal_uart.o
 .debug_info    0x00027f1a      0xb93 ./Drivers/STM32F7xx_HAL_Driver/Src/stm32f7xx_ll_fmc.o
 .debug_info    0x00028aad     0x1b60 ./Middlewares/Third_Party/FreeRTOS/Source/CMSIS_RTOS/cmsis_os.o
 .debug_info    0x0002a60d      0x2af ./Middlewares/Third_Party/FreeRTOS/Source/list.o
 .debug_info    0x0002a8bc     0x1bfe ./Middlewares/Third_Party/FreeRTOS/Source/tasks.o
 .debug_info    0x0002c4ba      0x4a7 ./Middlewares/Third_Party/FreeRTOS/Source/portable/GCC/ARM_CM7/r0p1/port.o
 .debug_info    0x0002c961      0x3c3 ./Middlewares/Third_Party/FreeRTOS/Source/portable/MemMang/heap_4.o

.debug_abbrev   0x00000000     0x6bb1
 .debug_abbrev  0x00000000      0x1f7 ./Core/Src/adc.o
 .debug_abbrev  0x000001f7      0x212 ./Core/Src/dac.o
 .debug_abbrev  0x00000409      0x1f8 ./Core/Src/dma2d.o
 .debug_abbrev  0x00000601      0x23b ./Core/Src/fmc.o
 .debug_abbrev  0x0000083c      0x16b ./Core/Src/freertos.o
 .debug_abbrev  0x000009a7      0x254 ./Core/Src/ft5336.o
 .debug_abbrev  0x00000bfb      0x152 ./Core/Src/gpio.o
 .debug_abbrev  0x00000d4d      0x21d ./Core/Src/i2c.o
 .debug_abbrev  0x00000f6a      0x1ef ./Core/Src/ltdc.o
 .debug_abbrev  0x00001159      0x2b5 ./Core/Src/main.o
 .debug_abbrev  0x0000140e      0x1ad ./Core/Src/rtc.o
 .debug_abbrev  0x000015bb      0x1f3 ./Core/Src/spi.o
 .debug_abbrev  0x000017ae      0x306 ./Core/Src/stm32746g_discovery.o
 .debug_abbrev  0x00001ab4      0x31b ./Core/Src/stm32746g_discovery_lcd.o
 .debug_abbrev  0x00001dcf      0x27f ./Core/Src/stm32746g_discovery_sdram.o
 .debug_abbrev  0x0000204e      0x271 ./Core/Src/stm32746g_discovery_ts.o
 .debug_abbrev  0x000022bf      0x119 ./Core/Src/stm32f7xx_hal_msp.o
 .debug_abbrev  0x000023d8      0x1f4 ./Core/Src/stm32f7xx_hal_timebase_tim.o
 .debug_abbrev  0x000025cc      0x1b4 ./Core/Src/stm32f7xx_it.o
 .debug_abbrev  0x00002780      0x13b ./Core/Src/system_stm32f7xx.o
 .debug_abbrev  0x000028bb      0x24d ./Core/Src/tim.o
 .debug_abbrev  0x00002b08      0x1ff ./Core/Src/usart.o
 .debug_abbrev  0x00002d07       0x24 ./Core/Startup/startup_stm32f746nghx.o
 .debug_abbrev  0x00002d2b      0x213 ./Drivers/STM32F7xx_HAL_Driver/Src/stm32f7xx_hal.o
 .debug_abbrev  0x00002f3e      0x252 ./Drivers/STM32F7xx_HAL_Driver/Src/stm32f7xx_hal_adc.o
 .debug_abbrev  0x00003190      0x329 ./Drivers/STM32F7xx_HAL_Driver/Src/stm32f7xx_hal_cortex.o
 .debug_abbrev  0x000034b9      0x1f3 ./Drivers/STM32F7xx_HAL_Driver/Src/stm32f7xx_hal_dac.o
 .debug_abbrev  0x000036ac      0x1e8 ./Drivers/STM32F7xx_HAL_Driver/Src/stm32f7xx_hal_dac_ex.o
 .debug_abbrev  0x00003894      0x264 ./Drivers/STM32F7xx_HAL_Driver/Src/stm32f7xx_hal_dma.o
 .debug_abbrev  0x00003af8      0x23e ./Drivers/STM32F7xx_HAL_Driver/Src/stm32f7xx_hal_dma2d.o
 .debug_abbrev  0x00003d36      0x1d4 ./Drivers/STM32F7xx_HAL_Driver/Src/stm32f7xx_hal_gpio.o
 .debug_abbrev  0x00003f0a      0x259 ./Drivers/STM32F7xx_HAL_Driver/Src/stm32f7xx_hal_i2c.o
 .debug_abbrev  0x00004163      0x19c ./Drivers/STM32F7xx_HAL_Driver/Src/stm32f7xx_hal_i2c_ex.o
 .debug_abbrev  0x000042ff      0x233 ./Drivers/STM32F7xx_HAL_Driver/Src/stm32f7xx_hal_ltdc.o
 .debug_abbrev  0x00004532      0x1c5 ./Drivers/STM32F7xx_HAL_Driver/Src/stm32f7xx_hal_pwr.o
 .debug_abbrev  0x000046f7      0x1d5 ./Drivers/STM32F7xx_HAL_Driver/Src/stm32f7xx_hal_pwr_ex.o
 .debug_abbrev  0x000048cc      0x288 ./Drivers/STM32F7xx_HAL_Driver/Src/stm32f7xx_hal_rcc.o
 .debug_abbrev  0x00004b54      0x1c9 ./Drivers/STM32F7xx_HAL_Driver/Src/stm32f7xx_hal_rcc_ex.o
 .debug_abbrev  0x00004d1d      0x1de ./Drivers/STM32F7xx_HAL_Driver/Src/stm32f7xx_hal_rtc.o
 .debug_abbrev  0x00004efb      0x225 ./Drivers/STM32F7xx_HAL_Driver/Src/stm32f7xx_hal_rtc_ex.o
 .debug_abbrev  0x00005120      0x239 ./Drivers/STM32F7xx_HAL_Driver/Src/stm32f7xx_hal_sdram.o
 .debug_abbrev  0x00005359      0x269 ./Drivers/STM32F7xx_HAL_Driver/Src/stm32f7xx_hal_spi.o
 .debug_abbrev  0x000055c2      0x278 ./Drivers/STM32F7xx_HAL_Driver/Src/stm32f7xx_hal_tim.o
 .debug_abbrev  0x0000583a      0x283 ./Drivers/STM32F7xx_HAL_Driver/Src/stm32f7xx_hal_tim_ex.o
 .debug_abbrev  0x00005abd      0x2e6 ./Drivers/STM32F7xx_HAL_Driver/Src/stm32f7xx_hal_uart.o
 .debug_abbrev  0x00005da3      0x1a5 ./Drivers/STM32F7xx_HAL_Driver/Src/stm32f7xx_ll_fmc.o
 .debug_abbrev  0x00005f48      0x3a7 ./Middlewares/Third_Party/FreeRTOS/Source/CMSIS_RTOS/cmsis_os.o
 .debug_abbrev  0x000062ef       0xf5 ./Middlewares/Third_Party/FreeRTOS/Source/list.o
 .debug_abbrev  0x000063e4      0x359 ./Middlewares/Third_Party/FreeRTOS/Source/tasks.o
 .debug_abbrev  0x0000673d      0x26f ./Middlewares/Third_Party/FreeRTOS/Source/portable/GCC/ARM_CM7/r0p1/port.o
 .debug_abbrev  0x000069ac      0x205 ./Middlewares/Third_Party/FreeRTOS/Source/portable/MemMang/heap_4.o

.debug_aranges  0x00000000     0x2630
 .debug_aranges
                0x00000000       0x38 ./Core/Src/adc.o
 .debug_aranges
                0x00000038       0x30 ./Core/Src/dac.o
 .debug_aranges
                0x00000068       0x30 ./Core/Src/dma2d.o
 .debug_aranges
                0x00000098       0x40 ./Core/Src/fmc.o
 .debug_aranges
                0x000000d8       0x30 ./Core/Src/freertos.o
 .debug_aranges
                0x00000108       0x90 ./Core/Src/ft5336.o
 .debug_aranges
                0x00000198       0x20 ./Core/Src/gpio.o
 .debug_aranges
                0x000001b8       0x38 ./Core/Src/i2c.o
 .debug_aranges
                0x000001f0       0x30 ./Core/Src/ltdc.o
 .debug_aranges
                0x00000220       0x38 ./Core/Src/main.o
 .debug_aranges
                0x00000258       0x30 ./Core/Src/rtc.o
 .debug_aranges
                0x00000288       0x30 ./Core/Src/spi.o
 .debug_aranges
                0x000002b8      0x128 ./Core/Src/stm32746g_discovery.o
 .debug_aranges
                0x000003e0      0x1d8 ./Core/Src/stm32746g_discovery_lcd.o
 .debug_aranges
                0x000005b8       0x68 ./Core/Src/stm32746g_discovery_sdram.o
 .debug_aranges
                0x00000620       0x58 ./Core/Src/stm32746g_discovery_ts.o
 .debug_aranges
                0x00000678       0x20 ./Core/Src/stm32f7xx_hal_msp.o
 .debug_aranges
                0x00000698       0x30 ./Core/Src/stm32f7xx_hal_timebase_tim.o
 .debug_aranges
                0x000006c8       0x60 ./Core/Src/stm32f7xx_it.o
 .debug_aranges
                0x00000728       0x28 ./Core/Src/system_stm32f7xx.o
 .debug_aranges
                0x00000750       0x50 ./Core/Src/tim.o
 .debug_aranges
                0x000007a0       0x40 ./Core/Src/usart.o
 .debug_aranges
                0x000007e0       0x28 ./Core/Startup/startup_stm32f746nghx.o
 .debug_aranges
                0x00000808      0x100 ./Drivers/STM32F7xx_HAL_Driver/Src/stm32f7xx_hal.o
 .debug_aranges
                0x00000908       0xe8 ./Drivers/STM32F7xx_HAL_Driver/Src/stm32f7xx_hal_adc.o
 .debug_aranges
                0x000009f0      0x118 ./Drivers/STM32F7xx_HAL_Driver/Src/stm32f7xx_hal_cortex.o
 .debug_aranges
                0x00000b08       0xc0 ./Drivers/STM32F7xx_HAL_Driver/Src/stm32f7xx_hal_dac.o
 .debug_aranges
                0x00000bc8       0x80 ./Drivers/STM32F7xx_HAL_Driver/Src/stm32f7xx_hal_dac_ex.o
 .debug_aranges
                0x00000c48       0x90 ./Drivers/STM32F7xx_HAL_Driver/Src/stm32f7xx_hal_dma.o
 .debug_aranges
                0x00000cd8      0x118 ./Drivers/STM32F7xx_HAL_Driver/Src/stm32f7xx_hal_dma2d.o
 .debug_aranges
                0x00000df0       0x58 ./Drivers/STM32F7xx_HAL_Driver/Src/stm32f7xx_hal_gpio.o
 .debug_aranges
                0x00000e48      0x2a0 ./Drivers/STM32F7xx_HAL_Driver/Src/stm32f7xx_hal_i2c.o
 .debug_aranges
                0x000010e8       0x38 ./Drivers/STM32F7xx_HAL_Driver/Src/stm32f7xx_hal_i2c_ex.o
 .debug_aranges
                0x00001120      0x158 ./Drivers/STM32F7xx_HAL_Driver/Src/stm32f7xx_hal_ltdc.o
 .debug_aranges
                0x00001278       0xa0 ./Drivers/STM32F7xx_HAL_Driver/Src/stm32f7xx_hal_pwr.o
 .debug_aranges
                0x00001318       0x80 ./Drivers/STM32F7xx_HAL_Driver/Src/stm32f7xx_hal_pwr_ex.o
 .debug_aranges
                0x00001398       0x88 ./Drivers/STM32F7xx_HAL_Driver/Src/stm32f7xx_hal_rcc.o
 .debug_aranges
                0x00001420       0x50 ./Drivers/STM32F7xx_HAL_Driver/Src/stm32f7xx_hal_rcc_ex.o
 .debug_aranges
                0x00001470       0xe8 ./Drivers/STM32F7xx_HAL_Driver/Src/stm32f7xx_hal_rtc.o
 .debug_aranges
                0x00001558      0x140 ./Drivers/STM32F7xx_HAL_Driver/Src/stm32f7xx_hal_rtc_ex.o
 .debug_aranges
                0x00001698       0xe8 ./Drivers/STM32F7xx_HAL_Driver/Src/stm32f7xx_hal_sdram.o
 .debug_aranges
                0x00001780      0x1d8 ./Drivers/STM32F7xx_HAL_Driver/Src/stm32f7xx_hal_spi.o
 .debug_aranges
                0x00001958      0x3e0 ./Drivers/STM32F7xx_HAL_Driver/Src/stm32f7xx_hal_tim.o
 .debug_aranges
                0x00001d38      0x178 ./Drivers/STM32F7xx_HAL_Driver/Src/stm32f7xx_hal_tim_ex.o
 .debug_aranges
                0x00001eb0      0x228 ./Drivers/STM32F7xx_HAL_Driver/Src/stm32f7xx_hal_uart.o
 .debug_aranges
                0x000020d8       0xc8 ./Drivers/STM32F7xx_HAL_Driver/Src/stm32f7xx_ll_fmc.o
 .debug_aranges
                0x000021a0      0x1d8 ./Middlewares/Third_Party/FreeRTOS/Source/CMSIS_RTOS/cmsis_os.o
 .debug_aranges
                0x00002378       0x40 ./Middlewares/Third_Party/FreeRTOS/Source/list.o
 .debug_aranges
                0x000023b8      0x1a8 ./Middlewares/Third_Party/FreeRTOS/Source/tasks.o
 .debug_aranges
                0x00002560       0x80 ./Middlewares/Third_Party/FreeRTOS/Source/portable/GCC/ARM_CM7/r0p1/port.o
 .debug_aranges
                0x000025e0       0x50 ./Middlewares/Third_Party/FreeRTOS/Source/portable/MemMang/heap_4.o

.debug_rnglists
                0x00000000     0x1d75
 .debug_rnglists
                0x00000000       0x28 ./Core/Src/adc.o
 .debug_rnglists
                0x00000028       0x20 ./Core/Src/dac.o
 .debug_rnglists
                0x00000048       0x1f ./Core/Src/dma2d.o
 .debug_rnglists
                0x00000067       0x2d ./Core/Src/fmc.o
 .debug_rnglists
                0x00000094       0x1f ./Core/Src/freertos.o
 .debug_rnglists
                0x000000b3       0x69 ./Core/Src/ft5336.o
 .debug_rnglists
                0x0000011c       0x14 ./Core/Src/gpio.o
 .debug_rnglists
                0x00000130       0x28 ./Core/Src/i2c.o
 .debug_rnglists
                0x00000158       0x21 ./Core/Src/ltdc.o
 .debug_rnglists
                0x00000179       0x27 ./Core/Src/main.o
 .debug_rnglists
                0x000001a0       0x20 ./Core/Src/rtc.o
 .debug_rnglists
                0x000001c0       0x20 ./Core/Src/spi.o
 .debug_rnglists
                0x000001e0       0xdc ./Core/Src/stm32746g_discovery.o
 .debug_rnglists
                0x000002bc      0x176 ./Core/Src/stm32746g_discovery_lcd.o
 .debug_rnglists
                0x00000432       0x4c ./Core/Src/stm32746g_discovery_sdram.o
 .debug_rnglists
                0x0000047e       0x41 ./Core/Src/stm32746g_discovery_ts.o
 .debug_rnglists
                0x000004bf       0x13 ./Core/Src/stm32f7xx_hal_msp.o
 .debug_rnglists
                0x000004d2       0x20 ./Core/Src/stm32f7xx_hal_timebase_tim.o
 .debug_rnglists
                0x000004f2       0x43 ./Core/Src/stm32f7xx_it.o
 .debug_rnglists
                0x00000535       0x1a ./Core/Src/system_stm32f7xx.o
 .debug_rnglists
                0x0000054f       0x3e ./Core/Src/tim.o
 .debug_rnglists
                0x0000058d       0x2d ./Core/Src/usart.o
 .debug_rnglists
                0x000005ba       0x19 ./Core/Startup/startup_stm32f746nghx.o
 .debug_rnglists
                0x000005d3       0xbb ./Drivers/STM32F7xx_HAL_Driver/Src/stm32f7xx_hal.o
 .debug_rnglists
                0x0000068e       0xb5 ./Drivers/STM32F7xx_HAL_Driver/Src/stm32f7xx_hal_adc.o
 .debug_rnglists
                0x00000743       0xce ./Drivers/STM32F7xx_HAL_Driver/Src/stm32f7xx_hal_cortex.o
 .debug_rnglists
                0x00000811       0x90 ./Drivers/STM32F7xx_HAL_Driver/Src/stm32f7xx_hal_dac.o
 .debug_rnglists
                0x000008a1       0x5c ./Drivers/STM32F7xx_HAL_Driver/Src/stm32f7xx_hal_dac_ex.o
 .debug_rnglists
                0x000008fd       0x70 ./Drivers/STM32F7xx_HAL_Driver/Src/stm32f7xx_hal_dma.o
 .debug_rnglists
                0x0000096d       0xdc ./Drivers/STM32F7xx_HAL_Driver/Src/stm32f7xx_hal_dma2d.o
 .debug_rnglists