Archive member included to satisfy reference by file (symbol)

C:/ST/STM32CubeIDE_1.14.1/STM32CubeIDE/plugins/com.st.stm32cube.ide.mcu.externaltools.gnu-tools-for-stm32.12.3.rel1.win32_1.0.100.202403111256/tools/bin/../lib/gcc/arm-none-eabi/12.3.1/../../../../arm-none-eabi/lib/thumb/v7e-m+fp/hard\libc_nano.a(libc_a-exit.o)
                              C:/ST/STM32CubeIDE_1.14.1/STM32CubeIDE/plugins/com.st.stm32cube.ide.mcu.externaltools.gnu-tools-for-stm32.12.3.rel1.win32_1.0.100.202403111256/tools/bin/../lib/gcc/arm-none-eabi/12.3.1/../../../../arm-none-eabi/lib/thumb/v7e-m+fp/hard/crt0.o (exit)
C:/ST/STM32CubeIDE_1.14.1/STM32CubeIDE/plugins/com.st.stm32cube.ide.mcu.externaltools.gnu-tools-for-stm32.12.3.rel1.win32_1.0.100.202403111256/tools/bin/../lib/gcc/arm-none-eabi/12.3.1/../../../../arm-none-eabi/lib/thumb/v7e-m+fp/hard\libc_nano.a(libc_a-malloc.o)
                              ./Core/Src/main.o (malloc)
C:/ST/STM32CubeIDE_1.14.1/STM32CubeIDE/plugins/com.st.stm32cube.ide.mcu.externaltools.gnu-tools-for-stm32.12.3.rel1.win32_1.0.100.202403111256/tools/bin/../lib/gcc/arm-none-eabi/12.3.1/../../../../arm-none-eabi/lib/thumb/v7e-m+fp/hard\libc_nano.a(libc_a-mallocr.o)
                              C:/ST/STM32CubeIDE_1.14.1/STM32CubeIDE/plugins/com.st.stm32cube.ide.mcu.externaltools.gnu-tools-for-stm32.12.3.rel1.win32_1.0.100.202403111256/tools/bin/../lib/gcc/arm-none-eabi/12.3.1/../../../../arm-none-eabi/lib/thumb/v7e-m+fp/hard\libc_nano.a(libc_a-malloc.o) (_malloc_r)
C:/ST/STM32CubeIDE_1.14.1/STM32CubeIDE/plugins/com.st.stm32cube.ide.mcu.externaltools.gnu-tools-for-stm32.12.3.rel1.win32_1.0.100.202403111256/tools/bin/../lib/gcc/arm-none-eabi/12.3.1/../../../../arm-none-eabi/lib/thumb/v7e-m+fp/hard\libc_nano.a(libc_a-mlock.o)
                              C:/ST/STM32CubeIDE_1.14.1/STM32CubeIDE/plugins/com.st.stm32cube.ide.mcu.externaltools.gnu-tools-for-stm32.12.3.rel1.win32_1.0.100.202403111256/tools/bin/../lib/gcc/arm-none-eabi/12.3.1/../../../../arm-none-eabi/lib/thumb/v7e-m+fp/hard\libc_nano.a(libc_a-mallocr.o) (__malloc_lock)
C:/ST/STM32CubeIDE_1.14.1/STM32CubeIDE/plugins/com.st.stm32cube.ide.mcu.externaltools.gnu-tools-for-stm32.12.3.rel1.win32_1.0.100.202403111256/tools/bin/../lib/gcc/arm-none-eabi/12.3.1/../../../../arm-none-eabi/lib/thumb/v7e-m+fp/hard\libc_nano.a(libc_a-findfp.o)
                              C:/ST/STM32CubeIDE_1.14.1/STM32CubeIDE/plugins/com.st.stm32cube.ide.mcu.externaltools.gnu-tools-for-stm32.12.3.rel1.win32_1.0.100.202403111256/tools/bin/../lib/gcc/arm-none-eabi/12.3.1/../../../../arm-none-eabi/lib/thumb/v7e-m+fp/hard\libc_nano.a(libc_a-exit.o) (__stdio_exit_handler)
C:/ST/STM32CubeIDE_1.14.1/STM32CubeIDE/plugins/com.st.stm32cube.ide.mcu.externaltools.gnu-tools-for-stm32.12.3.rel1.win32_1.0.100.202403111256/tools/bin/../lib/gcc/arm-none-eabi/12.3.1/../../../../arm-none-eabi/lib/thumb/v7e-m+fp/hard\libc_nano.a(libc_a-fwalk.o)
                              C:/ST/STM32CubeIDE_1.14.1/STM32CubeIDE/plugins/com.st.stm32cube.ide.mcu.externaltools.gnu-tools-for-stm32.12.3.rel1.win32_1.0.100.202403111256/tools/bin/../lib/gcc/arm-none-eabi/12.3.1/../../../../arm-none-eabi/lib/thumb/v7e-m+fp/hard\libc_nano.a(libc_a-findfp.o) (_fwalk_sglue)
C:/ST/STM32CubeIDE_1.14.1/STM32CubeIDE/plugins/com.st.stm32cube.ide.mcu.externaltools.gnu-tools-for-stm32.12.3.rel1.win32_1.0.100.202403111256/tools/bin/../lib/gcc/arm-none-eabi/12.3.1/../../../../arm-none-eabi/lib/thumb/v7e-m+fp/hard\libc_nano.a(libc_a-sprintf.o)
                              ./Core/Src/fatfs_storage.o (sprintf)
C:/ST/STM32CubeIDE_1.14.1/STM32CubeIDE/plugins/com.st.stm32cube.ide.mcu.externaltools.gnu-tools-for-stm32.12.3.rel1.win32_1.0.100.202403111256/tools/bin/../lib/gcc/arm-none-eabi/12.3.1/../../../../arm-none-eabi/lib/thumb/v7e-m+fp/hard\libc_nano.a(libc_a-stdio.o)
                              C:/ST/STM32CubeIDE_1.14.1/STM32CubeIDE/plugins/com.st.stm32cube.ide.mcu.externaltools.gnu-tools-for-stm32.12.3.rel1.win32_1.0.100.202403111256/tools/bin/../lib/gcc/arm-none-eabi/12.3.1/../../../../arm-none-eabi/lib/thumb/v7e-m+fp/hard\libc_nano.a(libc_a-findfp.o) (__sread)
C:/ST/STM32CubeIDE_1.14.1/STM32CubeIDE/plugins/com.st.stm32cube.ide.mcu.externaltools.gnu-tools-for-stm32.12.3.rel1.win32_1.0.100.202403111256/tools/bin/../lib/gcc/arm-none-eabi/12.3.1/../../../../arm-none-eabi/lib/thumb/v7e-m+fp/hard\libc_nano.a(libc_a-memset.o)
                              C:/ST/STM32CubeIDE_1.14.1/STM32CubeIDE/plugins/com.st.stm32cube.ide.mcu.externaltools.gnu-tools-for-stm32.12.3.rel1.win32_1.0.100.202403111256/tools/bin/../lib/gcc/arm-none-eabi/12.3.1/../../../../arm-none-eabi/lib/thumb/v7e-m+fp/hard/crt0.o (memset)
C:/ST/STM32CubeIDE_1.14.1/STM32CubeIDE/plugins/com.st.stm32cube.ide.mcu.externaltools.gnu-tools-for-stm32.12.3.rel1.win32_1.0.100.202403111256/tools/bin/../lib/gcc/arm-none-eabi/12.3.1/../../../../arm-none-eabi/lib/thumb/v7e-m+fp/hard\libc_nano.a(libc_a-closer.o)
[...]
Memory Configuration

Name             Origin             Length             Attributes
RAM              0x20000000         0x00050000         xrw
FLASH            0x08000000         0x00100000         xr
*default*        0x00000000         0xffffffff

Linker script and memory map

LOAD C:/ST/STM32CubeIDE_1.14.1/STM32CubeIDE/plugins/com.st.stm32cube.ide.mcu.externaltools.gnu-tools-for-stm32.12.3.rel1.win32_1.0.100.202403111256/tools/bin/../lib/gcc/arm-none-eabi/12.3.1/thumb/v7e-m+fp/hard/crti.o
LOAD C:/ST/STM32CubeIDE_1.14.1/STM32CubeIDE/plugins/com.st.stm32cube.ide.mcu.externaltools.gnu-tools-for-stm32.12.3.rel1.win32_1.0.100.202403111256/tools/bin/../lib/gcc/arm-none-eabi/12.3.1/thumb/v7e-m+fp/hard/crtbegin.o
LOAD C:/ST/STM32CubeIDE_1.14.1/STM32CubeIDE/plugins/com.st.stm32cube.ide.mcu.externaltools.gnu-tools-for-stm32.12.3.rel1.win32_1.0.100.202403111256/tools/bin/../lib/gcc/arm-none-eabi/12.3.1/../../../../arm-none-eabi/lib/thumb/v7e-m+fp/hard/crt0.o
LOAD ./Core/Src/fatfs_storage.o
LOAD ./Core/Src/ff.o
LOAD ./Core/Src/freertos.o
LOAD ./Core/Src/ft5336.o
LOAD ./Core/Src/main.o
LOAD ./Core/Src/stm32746g_discovery.o
LOAD ./Core/Src/stm32746g_discovery_audio.o
LOAD ./Core/Src/stm32746g_discovery_lcd.o
LOAD ./Core/Src/stm32746g_discovery_sdram.o
LOAD ./Core/Src/stm32746g_discovery_ts.o
LOAD ./Core/Src/stm32f7xx_hal_msp.o
LOAD ./Core/Src/stm32f7xx_hal_timebase_tim.o
LOAD ./Core/Src/stm32f7xx_it.o
LOAD ./Core/Src/syscalls.o
LOAD ./Core/Src/sysmem.o
LOAD ./Core/Src/system_stm32f7xx.o
LOAD ./Core/Src/wm8994.o
LOAD ./Core/Startup/startup_stm32f746nghx.o
LOAD ./Drivers/STM32F7xx_HAL_Driver/Src/stm32f7xx_hal.o
LOAD ./Drivers/STM32F7xx_HAL_Driver/Src/stm32f7xx_hal_adc.o
LOAD ./Drivers/STM32F7xx_HAL_Driver/Src/stm32f7xx_hal_adc_ex.o
LOAD ./Drivers/STM32F7xx_HAL_Driver/Src/stm32f7xx_hal_cortex.o
LOAD ./Drivers/STM32F7xx_HAL_Driver/Src/stm32f7xx_hal_dma.o
LOAD ./Drivers/STM32F7xx_HAL_Driver/Src/stm32f7xx_hal_dma2d.o
LOAD ./Drivers/STM32F7xx_HAL_Driver/Src/stm32f7xx_hal_dma_ex.o
LOAD ./Drivers/STM32F7xx_HAL_Driver/Src/stm32f7xx_hal_dsi.o
LOAD ./Drivers/STM32F7xx_HAL_Driver/Src/stm32f7xx_hal_exti.o
LOAD ./Drivers/STM32F7xx_HAL_Driver/Src/stm32f7xx_hal_flash.o
LOAD ./Drivers/STM32F7xx_HAL_Driver/Src/stm32f7xx_hal_flash_ex.o
LOAD ./Drivers/STM32F7xx_HAL_Driver/Src/stm32f7xx_hal_gpio.o
LOAD ./Drivers/STM32F7xx_HAL_Driver/Src/stm32f7xx_hal_i2c.o
LOAD ./Drivers/STM32F7xx_HAL_Driver/Src/stm32f7xx_hal_i2c_ex.o
LOAD ./Drivers/STM32F7xx_HAL_Driver/Src/stm32f7xx_hal_ltdc.o
LOAD ./Drivers/STM32F7xx_HAL_Driver/Src/stm32f7xx_hal_ltdc_ex.o
LOAD ./Drivers/STM32F7xx_HAL_Driver/Src/stm32f7xx_hal_pwr.o
LOAD ./Drivers/STM32F7xx_HAL_Driver/Src/stm32f7xx_hal_pwr_ex.o
LOAD ./Drivers/STM32F7xx_HAL_Driver/Src/stm32f7xx_hal_rcc.o
LOAD ./Drivers/STM32F7xx_HAL_Driver/Src/stm32f7xx_hal_rcc_ex.o
LOAD ./Drivers/STM32F7xx_HAL_Driver/Src/stm32f7xx_hal_sai.o
LOAD ./Drivers/STM32F7xx_HAL_Driver/Src/stm32f7xx_hal_sai_ex.o
LOAD ./Drivers/STM32F7xx_HAL_Driver/Src/stm32f7xx_hal_sd.o
LOAD ./Drivers/STM32F7xx_HAL_Driver/Src/stm32f7xx_hal_sdram.o
LOAD ./Drivers/STM32F7xx_HAL_Driver/Src/stm32f7xx_hal_tim.o
LOAD ./Drivers/STM32F7xx_HAL_Driver/Src/stm32f7xx_hal_tim_ex.o
LOAD ./Drivers/STM32F7xx_HAL_Driver/Src/stm32f7xx_hal_uart.o
LOAD ./Drivers/STM32F7xx_HAL_Driver/Src/stm32f7xx_hal_uart_ex.o
LOAD ./Drivers/STM32F7xx_HAL_Driver/Src/stm32f7xx_ll_fmc.o
LOAD ./Drivers/STM32F7xx_HAL_Driver/Src/stm32f7xx_ll_sdmmc.o
LOAD ./FATFS/App/fatfs.o
LOAD ./FATFS/Target/bsp_driver_sd.o
LOAD ./FATFS/Target/fatfs_platform.o
LOAD ./FATFS/Target/sd_diskio.o
LOAD ./Middlewares/Third_Party/FatFs/src/diskio.o
LOAD ./Middlewares/Third_Party/FatFs/src/ff_gen_drv.o
LOAD ./Middlewares/Third_Party/FatFs/src/option/syscall.o
LOAD ./Middlewares/Third_Party/FreeRTOS/Source/CMSIS_RTOS/cmsis_os.o
LOAD ./Middlewares/Third_Party/FreeRTOS/Source/croutine.o
LOAD ./Middlewares/Third_Party/FreeRTOS/Source/event_groups.o
LOAD ./Middlewares/Third_Party/FreeRTOS/Source/list.o
LOAD ./Middlewares/Third_Party/FreeRTOS/Source/queue.o
LOAD ./Middlewares/Third_Party/FreeRTOS/Source/stream_buffer.o
LOAD ./Middlewares/Third_Party/FreeRTOS/Source/tasks.o
LOAD ./Middlewares/Third_Party/FreeRTOS/Source/timers.o
LOAD ./Middlewares/Third_Party/FreeRTOS/Source/portable/GCC/ARM_CM7/r0p1/port.o
LOAD ./Middlewares/Third_Party/FreeRTOS/Source/portable/MemMang/heap_4.o
START GROUP
LOAD C:/ST/STM32CubeIDE_1.14.1/STM32CubeIDE/plugins/com.st.stm32cube.ide.mcu.externaltools.gnu-tools-for-stm32.12.3.rel1.win32_1.0.100.202403111256/tools/bin/../lib/gcc/arm-none-eabi/12.3.1/../../../../arm-none-eabi/lib/thumb/v7e-m+fp/hard\libc_nano.a
LOAD C:/ST/STM32CubeIDE_1.14.1/STM32CubeIDE/plugins/com.st.stm32cube.ide.mcu.externaltools.gnu-tools-for-stm32.12.3.rel1.win32_1.0.100.202403111256/tools/bin/../lib/gcc/arm-none-eabi/12.3.1/../../../../arm-none-eabi/lib/thumb/v7e-m+fp/hard\libm.a
END GROUP
START GROUP
LOAD C:/ST/STM32CubeIDE_1.14.1/STM32CubeIDE/plugins/com.st.stm32cube.ide.mcu.externaltools.gnu-tools-for-stm32.12.3.rel1.win32_1.0.100.202403111256/tools/bin/../lib/gcc/arm-none-eabi/12.3.1/thumb/v7e-m+fp/hard\libgcc.a
LOAD C:/ST/STM32CubeIDE_1.14.1/STM32CubeIDE/plugins/com.st.stm32cube.ide.mcu.externaltools.gnu-tools-for-stm32.12.3.rel1.win32_1.0.100.202403111256/tools/bin/../lib/gcc/arm-none-eabi/12.3.1/../../../../arm-none-eabi/lib/thumb/v7e-m+fp/hard\libc_nano.a
END GROUP
START GROUP
LOAD C:/ST/STM32CubeIDE_1.14.1/STM32CubeIDE/plugins/com.st.stm32cube.ide.mcu.externaltools.gnu-tools-for-stm32.12.3.rel1.win32_1.0.100.202403111256/tools/bin/../lib/gcc/arm-none-eabi/12.3.1/thumb/v7e-m+fp/hard\libgcc.a
LOAD C:/ST/STM32CubeIDE_1.14.1/STM32CubeIDE/plugins/com.st.stm32cube.ide.mcu.externaltools.gnu-tools-for-stm32.12.3.rel1.win32_1.0.100.202403111256/tools/bin/../lib/gcc/arm-none-eabi/12.3.1/../../../../arm-none-eabi/lib/thumb/v7e-m+fp/hard\libc_nano.a
LOAD C:/ST/STM32CubeIDE_1.14.1/STM32CubeIDE/plugins/com.st.stm32cube.ide.mcu.externaltools.gnu-tools-for-stm32.12.3.rel1.win32_1.0.100.202403111256/tools/bin/../lib/gcc/arm-none-eabi/12.3.1/../../../../arm-none-eabi/lib/thumb/v7e-m+fp/hard\libnosys.a
END GROUP
START GROUP
LOAD C:/ST/STM32CubeIDE_1.14.1/STM32CubeIDE/plugins/com.st.stm32cube.ide.mcu.externaltools.gnu-tools-for-stm32.12.3.rel1.win32_1.0.100.202403111256/tools/bin/../lib/gcc/arm-none-eabi/12.3.1/thumb/v7e-m+fp/hard\libgcc.a
LOAD C:/ST/STM32CubeIDE_1.14.1/STM32CubeIDE/plugins/com.st.stm32cube.ide.mcu.externaltools.gnu-tools-for-stm32.12.3.rel1.win32_1.0.100.202403111256/tools/bin/../lib/gcc/arm-none-eabi/12.3.1/../../../../arm-none-eabi/lib/thumb/v7e-m+fp/hard\libc_nano.a
LOAD C:/ST/STM32CubeIDE_1.14.1/STM32CubeIDE/plugins/com.st.stm32cube.ide.mcu.externaltools.gnu-tools-for-stm32.12.3.rel1.win32_1.0.100.202403111256/tools/bin/../lib/gcc/arm-none-eabi/12.3.1/../../../../arm-none-eabi/lib/thumb/v7e-m+fp/hard\libnosys.a
END GROUP
LOAD C:/ST/STM32CubeIDE_1.14.1/STM32CubeIDE/plugins/com.st.stm32cube.ide.mcu.externaltools.gnu-tools-for-stm32.12.3.rel1.win32_1.0.100.202403111256/tools/bin/../lib/gcc/arm-none-eabi/12.3.1/thumb/v7e-m+fp/hard/crtend.o
LOAD C:/ST/STM32CubeIDE_1.14.1/STM32CubeIDE/plugins/com.st.stm32cube.ide.mcu.externaltools.gnu-tools-for-stm32.12.3.rel1.win32_1.0.100.202403111256/tools/bin/../lib/gcc/arm-none-eabi/12.3.1/thumb/v7e-m+fp/hard/crtn.o
                0x20050000                        _estack = (ORIGIN (RAM) + LENGTH (RAM))
                0x00000400                        _Min_Heap_Size = 0x400
                0x00000800                        _Min_Stack_Size = 0x800

.isr_vector     0x08000000      0x1c8
                0x08000000                        . = ALIGN (0x4)
 *(.isr_vector)
 .isr_vector    0x08000000      0x1c8 ./Core/Startup/startup_stm32f746nghx.o
                0x08000000                g_pfnVectors
                0x080001c8                        . = ALIGN (0x4)

.text           0x080001d0    0x1374c
                0x080001d0                        . = ALIGN (0x4)
 *(.text)
 .text          0x080001d0       0x40 C:/ST/STM32CubeIDE_1.14.1/STM32CubeIDE/plugins/com.st.stm32cube.ide.mcu.externaltools.gnu-tools-for-stm32.12.3.rel1.win32_1.0.100.202403111256/tools/bin/../lib/gcc/arm-none-eabi/12.3.1/thumb/v7e-m+fp/hard/crtbegin.o
 .text          0x08000210       0x30 C:/ST/STM32CubeIDE_1.14.1/STM32CubeIDE/plugins/com.st.stm32cube.ide.mcu.externaltools.gnu-tools-for-stm32.12.3.rel1.win32_1.0.100.202403111256/tools/bin/../lib/gcc/arm-none-eabi/12.3.1/thumb/v7e-m+fp/hard\libgcc.a(_aeabi_uldivmod.o)
                0x08000210                __aeabi_uldivmod
 .text          0x08000240      0x2bc C:/ST/STM32CubeIDE_1.14.1/STM32CubeIDE/plugins/com.st.stm32cube.ide.mcu.externaltools.gnu-tools-for-stm32.12.3.rel1.win32_1.0.100.202403111256/tools/bin/../lib/gcc/arm-none-eabi/12.3.1/thumb/v7e-m+fp/hard\libgcc.a(_udivmoddi4.o)
                0x08000240                __udivmoddi4
 .text          0x080004fc        0x4 C:/ST/STM32CubeIDE_1.14.1/STM32CubeIDE/plugins/com.st.stm32cube.ide.mcu.externaltools.gnu-tools-for-stm32.12.3.rel1.win32_1.0.100.202403111256/tools/bin/../lib/gcc/arm-none-eabi/12.3.1/thumb/v7e-m+fp/hard\libgcc.a(_dvmd_tls.o)
                0x080004fc                __aeabi_idiv0
                0x080004fc                __aeabi_ldiv0
 *(.text*)
 .text.ld_word  0x08000500       0x30 ./Core/Src/ff.o
 .text.ld_dword
                0x08000530       0x46 ./Core/Src/ff.o
 .text.st_word  0x08000576       0x36 ./Core/Src/ff.o
 .text.st_dword
                0x080005ac       0x58 ./Core/Src/ff.o
 .text.mem_cpy  0x08000604       0x42 ./Core/Src/ff.o
 .text.mem_set  0x08000646       0x36 ./Core/Src/ff.o
 .text.mem_cmp  0x0800067c       0x4e ./Core/Src/ff.o
 .text.chk_chr  0x080006ca       0x36 ./Core/Src/ff.o
 .text.lock_fs  0x08000700       0x2c ./Core/Src/ff.o
 .text.unlock_fs
                0x0800072c       0x36 ./Core/Src/ff.o
 *fill*         0x08000762        0x2 
 .text.chk_lock
                0x08000764       0xb8 ./Core/Src/ff.o
 .text.enq_lock
                0x0800081c       0x44 ./Core/Src/ff.o
 .text.inc_lock
                0x08000860      0x11c ./Core/Src/ff.o
 .text.dec_lock
                0x0800097c       0x78 ./Core/Src/ff.o
 .text.clear_lock
                0x080009f4       0x48 ./Core/Src/ff.o
 .text.sync_window
                0x08000a3c       0x88 ./Core/Src/ff.o
 .text.move_window
                0x08000ac4       0x5a ./Core/Src/ff.o
 *fill*         0x08000b1e        0x2 
 .text.sync_fs  0x08000b20       0xdc ./Core/Src/ff.o
 .text.clust2sect
                0x08000bfc       0x3e ./Core/Src/ff.o
 .text.get_fat  0x08000c3a      0x14e ./Core/Src/ff.o
 .text.put_fat  0x08000d88      0x1d4 ./Core/Src/ff.o
 .text.remove_chain
                0x08000f5c       0xca ./Core/Src/ff.o
 .text.create_chain
                0x08001026      0x130 ./Core/Src/ff.o
 .text.clmt_clust
                0x08001156       0x68 ./Core/Src/ff.o
 .text.dir_sdi  0x080011be       0xf6 ./Core/Src/ff.o
 .text.dir_next
                0x080012b4      0x18a ./Core/Src/ff.o
 .text.dir_alloc
                0x0800143e       0x8e ./Core/Src/ff.o
 .text.ld_clust
                0x080014cc       0x3e ./Core/Src/ff.o
 .text.st_clust
                0x0800150a       0x40 ./Core/Src/ff.o
 .text.dir_find
                0x0800154a       0xaa ./Core/Src/ff.o
 .text.dir_register
                0x080015f4       0x64 ./Core/Src/ff.o
 .text.create_name
                0x08001658      0x128 ./Core/Src/ff.o
 .text.follow_path
                0x08001780       0xe2 ./Core/Src/ff.o
 .text.get_ldnumber
                0x08001862       0x88 ./Core/Src/ff.o
 *fill*         0x080018ea        0x2 
 .text.check_fs
                0x080018ec       0xac ./Core/Src/ff.o
 .text.find_volume
                0x08001998      0x4a8 ./Core/Src/ff.o
 .text.validate
                0x08001e40       0x8e ./Core/Src/ff.o
 *fill*         0x08001ece        0x2 
 .text.f_mount  0x08001ed0       0xc8 ./Core/Src/ff.o
                0x08001ed0                f_mount
 .text.f_open   0x08001f98      0x382 ./Core/Src/ff.o
                0x08001f98                f_open
 .text.f_read   0x0800231a      0x2dc ./Core/Src/ff.o
                0x0800231a                f_read
 .text.f_sync   0x080025f6      0x112 ./Core/Src/ff.o
                0x080025f6                f_sync
 .text.f_close  0x08002708       0x5e ./Core/Src/ff.o
                0x08002708                f_close
 .text.f_lseek  0x08002766      0x4a6 ./Core/Src/ff.o
                0x08002766                f_lseek
 .text.vApplicationIdleHook
                0x08002c0c        0xe ./Core/Src/freertos.o
                0x08002c0c                vApplicationIdleHook
 .text.vApplicationStackOverflowHook
                0x08002c1a       0x16 ./Core/Src/freertos.o
                0x08002c1a                vApplicationStackOverflowHook
 .text.vApplicationMallocFailedHook
                0x08002c30        0xe ./Core/Src/freertos.o
                0x08002c30                vApplicationMallocFailedHook
 *fill*         0x08002c3e        0x2 
 .text.vApplicationGetIdleTaskMemory
                0x08002c40       0x34 ./Core/Src/freertos.o
                0x08002c40                vApplicationGetIdleTaskMemory
 .text.ft5336_Init
                0x08002c74       0x1c ./Core/Src/ft5336.o
                0x08002c74                ft5336_Init
 .text.ft5336_Reset
                0x08002c90       0x16 ./Core/Src/ft5336.o
                0x08002c90                ft5336_Reset
 .text.ft5336_ReadID
                0x08002ca6       0x5a ./Core/Src/ft5336.o
                0x08002ca6                ft5336_ReadID
 .text.ft5336_TS_Start
                0x08002d00       0x22 ./Core/Src/ft5336.o
                0x08002d00                ft5336_TS_Start
 *fill*         0x08002d22        0x2 
 .text.ft5336_TS_DetectTouch
                0x08002d24       0x54 ./Core/Src/ft5336.o
                0x08002d24                ft5336_TS_DetectTouch
 .text.ft5336_TS_GetXY
                0x08002d78      0x1e0 ./Core/Src/ft5336.o
                0x08002d78                ft5336_TS_GetXY
 .text.ft5336_TS_EnableIT
                0x08002f58       0x28 ./Core/Src/ft5336.o
                0x08002f58                ft5336_TS_EnableIT
 .text.ft5336_TS_DisableIT
                0x08002f80       0x28 ./Core/Src/ft5336.o
                0x08002f80                ft5336_TS_DisableIT
 .text.ft5336_TS_ITStatus
                0x08002fa8       0x18 ./Core/Src/ft5336.o
                0x08002fa8                ft5336_TS_ITStatus
 .text.ft5336_TS_ClearIT
                0x08002fc0       0x16 ./Core/Src/ft5336.o
                0x08002fc0                ft5336_TS_ClearIT
 *fill*         0x08002fd6        0x2 
 .text.ft5336_Get_I2C_InitializedStatus
                0x08002fd8       0x18 ./Core/Src/ft5336.o
 .text.ft5336_I2C_InitializeIfRequired
                0x08002ff0       0x20 ./Core/Src/ft5336.o
 .text.ft5336_TS_Configure
                0x08003010       0x1c ./Core/Src/ft5336.o
 .text.SCB_EnableICache
                0x0800302c       0x4c ./Core/Src/main.o
 .text.SCB_EnableDCache
                0x08003078       0x88 ./Core/Src/main.o
 .text.SD_Init  0x08003100       0x38 ./Core/Src/main.o
                0x08003100                SD_Init
 .text.Audio_Init
                0x08003138       0x64 ./Core/Src/main.o
                0x08003138                Audio_Init
 .text.read_header
                0x0800319c       0x80 ./Core/Src/main.o
                0x0800319c                read_header
 .text.Charge_Wave
                0x0800321c       0x44 ./Core/Src/main.o
                0x0800321c                Charge_Wave
 .text.main     0x08003260      0x258 ./Core/Src/main.o
                0x08003260                main
 .text.SystemClock_Config
                0x080034b8       0xe0 ./Core/Src/main.o
                0x080034b8                SystemClock_Config
 .text.PeriphCommonClock_Config
                0x08003598       0x64 ./Core/Src/main.o
                0x08003598                PeriphCommonClock_Config
 .text.MX_ADC1_Init
                0x080035fc       0xa4 ./Core/Src/main.o
 .text.MX_ADC3_Init
                0x080036a0       0xa4 ./Core/Src/main.o
 .text.MX_DMA2D_Init
                0x08003744       0x64 ./Core/Src/main.o
 .text.MX_LTDC_Init
                0x080037a8      0x104 ./Core/Src/main.o
 .text.MX_SAI2_Init
                0x080038ac      0x150 ./Core/Src/main.o
 .text.MX_SDMMC1_SD_Init
                0x080039fc       0x40 ./Core/Src/main.o
 .text.MX_USART1_UART_Init
                0x08003a3c       0x60 ./Core/Src/main.o
 .text.MX_DMA_Init
                0x08003a9c       0x6c ./Core/Src/main.o
 .text.MX_FMC_Init
                0x08003b08      0x110 ./Core/Src/main.o
 .text.MX_GPIO_Init
                0x08003c18      0x664 ./Core/Src/main.o
 .text.BSP_AUDIO_OUT_TransferComplete_CallBack
                0x0800427c       0x24 ./Core/Src/main.o
                0x0800427c                BSP_AUDIO_OUT_TransferComplete_CallBack
 .text.BSP_AUDIO_OUT_HalfTransfer_CallBack
                0x080042a0       0x24 ./Core/Src/main.o
                0x080042a0                BSP_AUDIO_OUT_HalfTransfer_CallBack
 .text.Play_Wave
                0x080042c4       0xf4 ./Core/Src/main.o
                0x080042c4                Play_Wave
 .text.Affichage_Pic
                0x080043b8       0x10 ./Core/Src/main.o
                0x080043b8                Affichage_Pic
 .text.deplac_pok
                0x080043c8       0x10 ./Core/Src/main.o
                0x080043c8                deplac_pok
 .text.deplacement
                0x080043d8       0x10 ./Core/Src/main.o
                0x080043d8                deplacement
 .text.combat   0x080043e8       0x10 ./Core/Src/main.o
                0x080043e8                combat
 .text.Demarrage
                0x080043f8       0xf4 ./Core/Src/main.o
                0x080043f8                Demarrage
 .text.chgZone  0x080044ec       0x10 ./Core/Src/main.o
                0x080044ec                chgZone
 .text.HAL_TIM_PeriodElapsedCallback
                0x080044fc       0x24 ./Core/Src/main.o
                0x080044fc                HAL_TIM_PeriodElapsedCallback
 .text.Error_Handler
                0x08004520        0xc ./Core/Src/main.o
                0x08004520                Error_Handler
 .text.I2Cx_MspInit
                0x0800452c      0x160 ./Core/Src/stm32746g_discovery.o
 .text.I2Cx_Init
                0x0800468c       0x78 ./Core/Src/stm32746g_discovery.o
 .text.I2Cx_ReadMultiple
                0x08004704       0x5a ./Core/Src/stm32746g_discovery.o
 .text.I2Cx_WriteMultiple
                0x0800475e       0x5a ./Core/Src/stm32746g_discovery.o
 .text.I2Cx_Error
                0x080047b8       0x20 ./Core/Src/stm32746g_discovery.o
 .text.AUDIO_IO_Init
                0x080047d8       0x14 ./Core/Src/stm32746g_discovery.o
                0x080047d8                AUDIO_IO_Init
 .text.AUDIO_IO_DeInit
                0x080047ec        0xe ./Core/Src/stm32746g_discovery.o
                0x080047ec                AUDIO_IO_DeInit
 *fill*         0x080047fa        0x2 
 .text.AUDIO_IO_Write
                0x080047fc       0x54 ./Core/Src/stm32746g_discovery.o
                0x080047fc                AUDIO_IO_Write
 .text.AUDIO_IO_Read
                0x08004850       0x58 ./Core/Src/stm32746g_discovery.o
                0x08004850                AUDIO_IO_Read
 .text.AUDIO_IO_Delay
                0x080048a8       0x16 ./Core/Src/stm32746g_discovery.o
                0x080048a8                AUDIO_IO_Delay
 *fill*         0x080048be        0x2 
 .text.TS_IO_Init
                0x080048c0       0x14 ./Core/Src/stm32746g_discovery.o
                0x080048c0                TS_IO_Init
 .text.TS_IO_Write
                0x080048d4       0x34 ./Core/Src/stm32746g_discovery.o
                0x080048d4                TS_IO_Write
 .text.TS_IO_Read
                0x08004908       0x3c ./Core/Src/stm32746g_discovery.o
                0x08004908                TS_IO_Read
 .text.TS_IO_Delay
                0x08004944       0x16 ./Core/Src/stm32746g_discovery.o
                0x08004944                TS_IO_Delay
 *fill*         0x0800495a        0x2 
 .text.BSP_AUDIO_OUT_Play
                0x0800495c       0x54 ./Core/Src/stm32746g_discovery_audio.o
                0x0800495c                BSP_AUDIO_OUT_Play
 .text.BSP_AUDIO_OUT_SetVolume
                0x080049b0       0x30 ./Core/Src/stm32746g_discovery_audio.o
                0x080049b0                BSP_AUDIO_OUT_SetVolume
 .text.BSP_AUDIO_OUT_SetAudioFrameSlot
                0x080049e0       0x40 ./Core/Src/stm32746g_discovery_audio.o
                0x080049e0                BSP_AUDIO_OUT_SetAudioFrameSlot
 .text.HAL_SAI_TxCpltCallback
                0x08004a20       0x14 ./Core/Src/stm32746g_discovery_audio.o
                0x08004a20                HAL_SAI_TxCpltCallback
 .text.HAL_SAI_TxHalfCpltCallback
                0x08004a34       0x14 ./Core/Src/stm32746g_discovery_audio.o
                0x08004a34                HAL_SAI_TxHalfCpltCallback
 .text.HAL_SAI_ErrorCallback
                0x08004a48       0x4c ./Core/Src/stm32746g_discovery_audio.o
                0x08004a48                HAL_SAI_ErrorCallback
 .text.BSP_AUDIO_OUT_Error_CallBack
                0x08004a94        0xe ./Core/Src/stm32746g_discovery_audio.o
                0x08004a94                BSP_AUDIO_OUT_Error_CallBack
 *fill*         0x08004aa2        0x2 
 .text.BSP_AUDIO_OUT_MspInit
                0x08004aa4      0x1ac ./Core/Src/stm32746g_discovery_audio.o
                0x08004aa4                BSP_AUDIO_OUT_MspInit
 .text.BSP_AUDIO_OUT_ClockConfig
                0x08004c50       0x88 ./Core/Src/stm32746g_discovery_audio.o
                0x08004c50                BSP_AUDIO_OUT_ClockConfig
 .text.SAIx_Out_DeInit
                0x08004cd8       0x2c ./Core/Src/stm32746g_discovery_audio.o
 .text.BSP_AUDIO_IN_OUT_Init
                0x08004d04       0xfc ./Core/Src/stm32746g_discovery_audio.o
                0x08004d04                BSP_AUDIO_IN_OUT_Init
 .text.BSP_AUDIO_IN_Error_CallBack
                0x08004e00        0xe ./Core/Src/stm32746g_discovery_audio.o
                0x08004e00                BSP_AUDIO_IN_Error_CallBack
 *fill*         0x08004e0e        0x2 
 .text.BSP_AUDIO_IN_MspInit
                0x08004e10      0x164 ./Core/Src/stm32746g_discovery_audio.o
                0x08004e10                BSP_AUDIO_IN_MspInit
 .text.SAIx_In_Init
                0x08004f74      0x16c ./Core/Src/stm32746g_discovery_audio.o
 .text.SAIx_In_DeInit
                0x080050e0       0x2c ./Core/Src/stm32746g_discovery_audio.o
 .text.BSP_LCD_Init
                0x0800510c       0xe0 ./Core/Src/stm32746g_discovery_lcd.o
                0x0800510c                BSP_LCD_Init
 .text.BSP_LCD_GetXSize
                0x080051ec       0x28 ./Core/Src/stm32746g_discovery_lcd.o
                0x080051ec                BSP_LCD_GetXSize
 .text.BSP_LCD_GetYSize
                0x08005214       0x28 ./Core/Src/stm32746g_discovery_lcd.o
                0x08005214                BSP_LCD_GetYSize
 .text.BSP_LCD_LayerDefaultInit
                0x0800523c       0xc0 ./Core/Src/stm32746g_discovery_lcd.o
                0x0800523c                BSP_LCD_LayerDefaultInit
 .text.BSP_LCD_SelectLayer
                0x080052fc       0x20 ./Core/Src/stm32746g_discovery_lcd.o
                0x080052fc                BSP_LCD_SelectLayer
 .text.BSP_LCD_SetLayerVisible
                0x0800531c       0x7c ./Core/Src/stm32746g_discovery_lcd.o
                0x0800531c                BSP_LCD_SetLayerVisible
 .text.BSP_LCD_SetTransparency
                0x08005398       0x24 ./Core/Src/stm32746g_discovery_lcd.o
                0x08005398                BSP_LCD_SetTransparency
 .text.BSP_LCD_SetTextColor
                0x080053bc       0x30 ./Core/Src/stm32746g_discovery_lcd.o
                0x080053bc                BSP_LCD_SetTextColor
 .text.BSP_LCD_SetFont
                0x080053ec       0x34 ./Core/Src/stm32746g_discovery_lcd.o
                0x080053ec                BSP_LCD_SetFont
 .text.BSP_LCD_GetFont
                0x08005420       0x2c ./Core/Src/stm32746g_discovery_lcd.o
                0x08005420                BSP_LCD_GetFont
 .text.BSP_LCD_Clear
                0x0800544c       0x50 ./Core/Src/stm32746g_discovery_lcd.o
                0x0800544c                BSP_LCD_Clear
 .text.BSP_LCD_DisplayChar
                0x0800549c       0x88 ./Core/Src/stm32746g_discovery_lcd.o
                0x0800549c                BSP_LCD_DisplayChar
 .text.BSP_LCD_DisplayStringAt
                0x08005524      0x190 ./Core/Src/stm32746g_discovery_lcd.o
                0x08005524                BSP_LCD_DisplayStringAt
 .text.BSP_LCD_DisplayStringAtLine
                0x080056b4       0x2e ./Core/Src/stm32746g_discovery_lcd.o
                0x080056b4                BSP_LCD_DisplayStringAtLine
 *fill*         0x080056e2        0x2 
 .text.BSP_LCD_DrawPixel
                0x080056e4       0x90 ./Core/Src/stm32746g_discovery_lcd.o
                0x080056e4                BSP_LCD_DrawPixel
 .text.BSP_LCD_MspInit
                0x08005774      0x1b4 ./Core/Src/stm32746g_discovery_lcd.o
                0x08005774                BSP_LCD_MspInit
 .text.BSP_LCD_ClockConfig
                0x08005928       0x38 ./Core/Src/stm32746g_discovery_lcd.o
                0x08005928                BSP_LCD_ClockConfig
 .text.DrawChar
                0x08005960      0x170 ./Core/Src/stm32746g_discovery_lcd.o
 .text.LL_FillBuffer
                0x08005ad0       0x98 ./Core/Src/stm32746g_discovery_lcd.o
 .text.BSP_SDRAM_Init
                0x08005b68       0xbc ./Core/Src/stm32746g_discovery_sdram.o
                0x08005b68                BSP_SDRAM_Init
 .text.BSP_SDRAM_Initialization_sequence
                0x08005c24       0xc0 ./Core/Src/stm32746g_discovery_sdram.o
                0x08005c24                BSP_SDRAM_Initialization_sequence
 .text.BSP_SDRAM_MspInit
                0x08005ce4      0x1f0 ./Core/Src/stm32746g_discovery_sdram.o
                0x08005ce4                BSP_SDRAM_MspInit
 .text.BSP_TS_Init
                0x08005ed4       0x80 ./Core/Src/stm32746g_discovery_ts.o
                0x08005ed4                BSP_TS_Init
 .text.HAL_MspInit
                0x08005f54       0x50 ./Core/Src/stm32f7xx_hal_msp.o
                0x08005f54                HAL_MspInit
 .text.HAL_ADC_MspInit
                0x08005fa4      0x10c ./Core/Src/stm32f7xx_hal_msp.o
                0x08005fa4                HAL_ADC_MspInit
 .text.HAL_DMA2D_MspInit
                0x080060b0       0x40 ./Core/Src/stm32f7xx_hal_msp.o
                0x080060b0                HAL_DMA2D_MspInit
 .text.HAL_LTDC_MspInit
                0x080060f0      0x190 ./Core/Src/stm32f7xx_hal_msp.o
                0x080060f0                HAL_LTDC_MspInit
 .text.HAL_SD_MspInit
                0x08006280      0x1d4 ./Core/Src/stm32f7xx_hal_msp.o
                0x08006280                HAL_SD_MspInit
 .text.HAL_UART_MspInit
                0x08006454      0x104 ./Core/Src/stm32f7xx_hal_msp.o
                0x08006454                HAL_UART_MspInit
 .text.HAL_FMC_MspInit
                0x08006558      0x144 ./Core/Src/stm32f7xx_hal_msp.o
 .text.HAL_SDRAM_MspInit
                0x0800669c       0x14 ./Core/Src/stm32f7xx_hal_msp.o
                0x0800669c                HAL_SDRAM_MspInit
 .text.HAL_SAI_MspInit
                0x080066b0      0x1bc ./Core/Src/stm32f7xx_hal_msp.o
                0x080066b0                HAL_SAI_MspInit
 .text.HAL_SAI_MspDeInit
                0x0800686c       0xb4 ./Core/Src/stm32f7xx_hal_msp.o
                0x0800686c                HAL_SAI_MspDeInit
 .text.HAL_InitTick
                0x08006920       0xf4 ./Core/Src/stm32f7xx_hal_timebase_tim.o
                0x08006920                HAL_InitTick
 .text.NMI_Handler
                0x08006a14        0x8 ./Core/Src/stm32f7xx_it.o
                0x08006a14                NMI_Handler
 .text.HardFault_Handler
                0x08006a1c        0x8 ./Core/Src/stm32f7xx_it.o
                0x08006a1c                HardFault_Handler
 .text.MemManage_Handler
                0x08006a24        0x8 ./Core/Src/stm32f7xx_it.o
                0x08006a24                MemManage_Handler
 .text.BusFault_Handler
                0x08006a2c        0x8 ./Core/Src/stm32f7xx_it.o
                0x08006a2c                BusFault_Handler
 .text.UsageFault_Handler
                0x08006a34        0x8 ./Core/Src/stm32f7xx_it.o
                0x08006a34                UsageFault_Handler
 .text.DebugMon_Handler
                0x08006a3c        0xe ./Core/Src/stm32f7xx_it.o
                0x08006a3c                DebugMon_Handler
 *fill*         0x08006a4a        0x2 
 .text.SDMMC1_IRQHandler
                0x08006a4c       0x14 ./Core/Src/stm32f7xx_it.o
                0x08006a4c                SDMMC1_IRQHandler
 .text.TIM6_DAC_IRQHandler
                0x08006a60       0x14 ./Core/Src/stm32f7xx_it.o
                0x08006a60                TIM6_DAC_IRQHandler
 .text.DMA2_Stream3_IRQHandler
                0x08006a74       0x14 ./Core/Src/stm32f7xx_it.o
                0x08006a74                DMA2_Stream3_IRQHandler
 .text.DMA2_Stream4_IRQHandler
                0x08006a88       0x14 ./Core/Src/stm32f7xx_it.o
                0x08006a88                DMA2_Stream4_IRQHandler
 .text.DMA2_Stream6_IRQHandler
                0x08006a9c       0x14 ./Core/Src/stm32f7xx_it.o
                0x08006a9c                DMA2_Stream6_IRQHandler
 .text.DMA2_Stream7_IRQHandler
                0x08006ab0       0x14 ./Core/Src/stm32f7xx_it.o
                0x08006ab0                DMA2_Stream7_IRQHandler
 .text.LTDC_IRQHandler
                0x08006ac4       0x14 ./Core/Src/stm32f7xx_it.o
                0x08006ac4                LTDC_IRQHandler
 .text._sbrk    0x08006ad8       0x6c ./Core/Src/sysmem.o
                0x08006ad8                _sbrk
 .text.SystemInit
                0x08006b44       0x24 ./Core/Src/system_stm32f7xx.o
                0x08006b44                SystemInit
 .text.wm8994_Init
                0x08006b68      0xda8 ./Core/Src/wm8994.o
                0x08006b68                wm8994_Init
 .text.wm8994_DeInit
                0x08007910        0xc ./Core/Src/wm8994.o
                0x08007910                wm8994_DeInit
 .text.wm8994_ReadID
                0x0800791c       0x24 ./Core/Src/wm8994.o
                0x0800791c                wm8994_ReadID
 .text.wm8994_Play
                0x08007940       0x30 ./Core/Src/wm8994.o
                0x08007940                wm8994_Play
 .text.wm8994_Pause
                0x08007970       0x42 ./Core/Src/wm8994.o
                0x08007970                wm8994_Pause
 .text.wm8994_Resume
                0x080079b2       0x2a ./Core/Src/wm8994.o
                0x080079b2                wm8994_Resume
 .text.wm8994_Stop
                0x080079dc       0xdc ./Core/Src/wm8994.o
                0x080079dc                wm8994_Stop
 .text.wm8994_SetVolume
                0x08007ab8      0x248 ./Core/Src/wm8994.o
                0x08007ab8                wm8994_SetVolume
 .text.wm8994_SetVolumeOut
                0x08007d00      0x188 ./Core/Src/wm8994.o
                0x08007d00                wm8994_SetVolumeOut
 .text.wm8994_SetVolumeIn
                0x08007e88       0xbc ./Core/Src/wm8994.o
                0x08007e88                wm8994_SetVolumeIn
 .text.wm8994_SetMute
                0x08007f44       0x9c ./Core/Src/wm8994.o
                0x08007f44                wm8994_SetMute
 .text.wm8994_SetOutputMode
                0x08007fe0      0x246 ./Core/Src/wm8994.o
                0x08007fe0                wm8994_SetOutputMode
 *fill*         0x08008226        0x2 
 .text.wm8994_SetFrequency
                0x08008228      0x1a8 ./Core/Src/wm8994.o
                0x08008228                wm8994_SetFrequency
 .text.wm8994_Reset
                0x080083d0       0x40 ./Core/Src/wm8994.o
                0x080083d0                wm8994_Reset
 .text.CODEC_IO_Write
                0x08008410       0x2e ./Core/Src/wm8994.o
 *fill*         0x0800843e        0x2 
 .text.Reset_Handler
                0x08008440       0x50 ./Core/Startup/startup_stm32f746nghx.o
                0x08008440                Reset_Handler
 .text.Default_Handler
                0x08008490        0x2 ./Core/Startup/startup_stm32f746nghx.o
                0x08008490                RTC_Alarm_IRQHandler
                0x08008490                EXTI2_IRQHandler
                0x08008490                TIM8_CC_IRQHandler
                0x08008490                UART8_IRQHandler
                0x08008490                SPI4_IRQHandler
                0x08008490                TIM1_CC_IRQHandler
                0x08008490                DMA2_Stream5_IRQHandler
                0x08008490                DMA1_Stream5_IRQHandler
                0x08008490                PVD_IRQHandler
                0x08008490                TAMP_STAMP_IRQHandler
                0x08008490                CAN2_RX1_IRQHandler
                0x08008490                EXTI3_IRQHandler
                0x08008490                TIM8_TRG_COM_TIM14_IRQHandler
                0x08008490                TIM1_UP_TIM10_IRQHandler
                0x08008490                TIM8_UP_TIM13_IRQHandler
                0x08008490                I2C3_ER_IRQHandler
                0x08008490                EXTI0_IRQHandler
                0x08008490                I2C2_EV_IRQHandler
                0x08008490                DMA1_Stream2_IRQHandler
                0x08008490                CAN1_RX0_IRQHandler
                0x08008490                FPU_IRQHandler
                0x08008490                OTG_HS_WKUP_IRQHandler
                0x08008490                LTDC_ER_IRQHandler
                0x08008490                CAN2_SCE_IRQHandler
                0x08008490                DMA2_Stream2_IRQHandler
                0x08008490                SPI1_IRQHandler
                0x08008490                TIM1_BRK_TIM9_IRQHandler
                0x08008490                DCMI_IRQHandler
                0x08008490                CAN2_RX0_IRQHandler
                0x08008490                SAI2_IRQHandler
                0x08008490                USART6_IRQHandler
                0x08008490                USART3_IRQHandler
                0x08008490                CAN1_RX1_IRQHandler
                0x08008490                UART5_IRQHandler
                0x08008490                DMA2_Stream0_IRQHandler
                0x08008490                TIM4_IRQHandler
                0x08008490                QUADSPI_IRQHandler
                0x08008490                I2C1_EV_IRQHandler
                0x08008490                DMA1_Stream6_IRQHandler
                0x08008490                DMA1_Stream1_IRQHandler
                0x08008490                UART4_IRQHandler
                0x08008490                TIM3_IRQHandler
                0x08008490                RCC_IRQHandler
                0x08008490                TIM8_BRK_TIM12_IRQHandler
                0x08008490                Default_Handler
                0x08008490                CEC_IRQHandler
                0x08008490                EXTI15_10_IRQHandler
                0x08008490                ADC_IRQHandler
                0x08008490                DMA1_Stream7_IRQHandler
                0x08008490                SPI5_IRQHandler
                0x08008490                TIM7_IRQHandler
                0x08008490                CAN2_TX_IRQHandler
                0x08008490                TIM5_IRQHandler
                0x08008490                I2C3_EV_IRQHandler
                0x08008490                EXTI9_5_IRQHandler
                0x08008490                RTC_WKUP_IRQHandler
                0x08008490                ETH_WKUP_IRQHandler
                0x08008490                SPDIF_RX_IRQHandler
                0x08008490                SPI2_IRQHandler
                0x08008490                OTG_HS_EP1_IN_IRQHandler
                0x08008490                DMA1_Stream0_IRQHandler
                0x08008490                CAN1_TX_IRQHandler
                0x08008490                EXTI4_IRQHandler
                0x08008490                RNG_IRQHandler
                0x08008490                ETH_IRQHandler
                0x08008490                OTG_HS_EP1_OUT_IRQHandler
                0x08008490                WWDG_IRQHandler
                0x08008490                SPI6_IRQHandler
                0x08008490                I2C4_EV_IRQHandler
                0x08008490                TIM2_IRQHandler
                0x08008490                OTG_FS_WKUP_IRQHandler
                0x08008490                TIM1_TRG_COM_TIM11_IRQHandler
                0x08008490                OTG_HS_IRQHandler
                0x08008490                DMA2D_IRQHandler
                0x08008490                EXTI1_IRQHandler
                0x08008490                UART7_IRQHandler
                0x08008490                USART2_IRQHandler
                0x08008490                I2C2_ER_IRQHandler
                0x08008490                DMA2_Stream1_IRQHandler
                0x08008490                CAN1_SCE_IRQHandler
                0x08008490                FLASH_IRQHandler
                0x08008490                USART1_IRQHandler
                0x08008490                OTG_FS_IRQHandler
                0x08008490                SPI3_IRQHandler
                0x08008490                DMA1_Stream4_IRQHandler
                0x08008490                I2C1_ER_IRQHandler
                0x08008490                FMC_IRQHandler
                0x08008490                LPTIM1_IRQHandler
                0x08008490                I2C4_ER_IRQHandler
                0x08008490                SAI1_IRQHandler
                0x08008490                DMA1_Stream3_IRQHandler
 .text.HAL_Init
                0x08008492       0x1a ./Drivers/STM32F7xx_HAL_Driver/Src/stm32f7xx_hal.o
                0x08008492                HAL_Init
 .text.HAL_IncTick
                0x080084ac       0x28 ./Drivers/STM32F7xx_HAL_Driver/Src/stm32f7xx_hal.o
                0x080084ac                HAL_IncTick
 .text.HAL_GetTick
                0x080084d4       0x18 ./Drivers/STM32F7xx_HAL_Driver/Src/stm32f7xx_hal.o
                0x080084d4                HAL_GetTick
 .text.HAL_Delay
                0x080084ec       0x48 ./Drivers/STM32F7xx_HAL_Driver/Src/stm32f7xx_hal.o
                0x080084ec                HAL_Delay
 .text.HAL_ADC_Init
                0x08008534       0x88 ./Drivers/STM32F7xx_HAL_Driver/Src/stm32f7xx_hal_adc.o
                0x08008534                HAL_ADC_Init
 .text.HAL_ADC_ConfigChannel
                0x080085bc      0x2ac ./Drivers/STM32F7xx_HAL_Driver/Src/stm32f7xx_hal_adc.o
                0x080085bc                HAL_ADC_ConfigChannel
 .text.ADC_Init
                0x08008868      0x1f4 ./Drivers/STM32F7xx_HAL_Driver/Src/stm32f7xx_hal_adc.o
 .text.__NVIC_SetPriorityGrouping
                0x08008a5c       0x48 ./Drivers/STM32F7xx_HAL_Driver/Src/stm32f7xx_hal_cortex.o
 .text.__NVIC_GetPriorityGrouping
                0x08008aa4       0x1c ./Drivers/STM32F7xx_HAL_Driver/Src/stm32f7xx_hal_cortex.o
 .text.__NVIC_EnableIRQ
                0x08008ac0       0x3c ./Drivers/STM32F7xx_HAL_Driver/Src/stm32f7xx_hal_cortex.o
 .text.__NVIC_SetPriority
                0x08008afc       0x54 ./Drivers/STM32F7xx_HAL_Driver/Src/stm32f7xx_hal_cortex.o
 .text.NVIC_EncodePriority
                0x08008b50       0x66 ./Drivers/STM32F7xx_HAL_Driver/Src/stm32f7xx_hal_cortex.o
 .text.HAL_NVIC_SetPriorityGrouping
                0x08008bb6       0x16 ./Drivers/STM32F7xx_HAL_Driver/Src/stm32f7xx_hal_cortex.o
                0x08008bb6                HAL_NVIC_SetPriorityGrouping
 .text.HAL_NVIC_SetPriority
                0x08008bcc       0x38 ./Drivers/STM32F7xx_HAL_Driver/Src/stm32f7xx_hal_cortex.o
                0x08008bcc                HAL_NVIC_SetPriority
 .text.HAL_NVIC_EnableIRQ
                0x08008c04       0x1c ./Drivers/STM32F7xx_HAL_Driver/Src/stm32f7xx_hal_cortex.o
                0x08008c04                HAL_NVIC_EnableIRQ
 .text.HAL_DMA_Init
                0x08008c20      0x15c ./Drivers/STM32F7xx_HAL_Driver/Src/stm32f7xx_hal_dma.o
                0x08008c20                HAL_DMA_Init
 .text.HAL_DMA_DeInit
                0x08008d7c       0xbc ./Drivers/STM32F7xx_HAL_Driver/Src/stm32f7xx_hal_dma.o
                0x08008d7c                HAL_DMA_DeInit
 .text.HAL_DMA_Start_IT
                0x08008e38       0xc0 ./Drivers/STM32F7xx_HAL_Driver/Src/stm32f7xx_hal_dma.o
                0x08008e38                HAL_DMA_Start_IT
 .text.HAL_DMA_Abort_IT
                0x08008ef8       0x44 ./Drivers/STM32F7xx_HAL_Driver/Src/stm32f7xx_hal_dma.o
                0x08008ef8                HAL_DMA_Abort_IT
 .text.HAL_DMA_IRQHandler
                0x08008f3c      0x314 ./Drivers/STM32F7xx_HAL_Driver/Src/stm32f7xx_hal_dma.o
                0x08008f3c                HAL_DMA_IRQHandler
 .text.HAL_DMA_GetError
                0x08009250       0x18 ./Drivers/STM32F7xx_HAL_Driver/Src/stm32f7xx_hal_dma.o
                0x08009250                HAL_DMA_GetError
 .text.DMA_SetConfig
                0x08009268       0x5c ./Drivers/STM32F7xx_HAL_Driver/Src/stm32f7xx_hal_dma.o
 .text.DMA_CalcBaseAndBitshift
                0x080092c4       0x6c ./Drivers/STM32F7xx_HAL_Driver/Src/stm32f7xx_hal_dma.o
 .text.DMA_CheckFifoParam
                0x08009330       0xf8 ./Drivers/STM32F7xx_HAL_Driver/Src/stm32f7xx_hal_dma.o
 .text.HAL_DMA2D_Init
                0x08009428       0x94 ./Drivers/STM32F7xx_HAL_Driver/Src/stm32f7xx_hal_dma2d.o
                0x08009428                HAL_DMA2D_Init
 .text.HAL_DMA2D_Start
                0x080094bc       0x56 ./Drivers/STM32F7xx_HAL_Driver/Src/stm32f7xx_hal_dma2d.o
                0x080094bc                HAL_DMA2D_Start
 .text.HAL_DMA2D_PollForTransfer
                0x08009512      0x1d2 ./Drivers/STM32F7xx_HAL_Driver/Src/stm32f7xx_hal_dma2d.o
                0x08009512                HAL_DMA2D_PollForTransfer
 .text.HAL_DMA2D_ConfigLayer
                0x080096e4      0x124 ./Drivers/STM32F7xx_HAL_Driver/Src/stm32f7xx_hal_dma2d.o
                0x080096e4                HAL_DMA2D_ConfigLayer
 .text.DMA2D_SetConfig
                0x08009808      0x138 ./Drivers/STM32F7xx_HAL_Driver/Src/stm32f7xx_hal_dma2d.o
 .text.HAL_GPIO_Init
                0x08009940      0x358 ./Drivers/STM32F7xx_HAL_Driver/Src/stm32f7xx_hal_gpio.o
                0x08009940                HAL_GPIO_Init
 .text.HAL_GPIO_DeInit
                0x08009c98      0x218 ./Drivers/STM32F7xx_HAL_Driver/Src/stm32f7xx_hal_gpio.o
                0x08009c98                HAL_GPIO_DeInit
 .text.HAL_GPIO_ReadPin
                0x08009eb0       0x30 ./Drivers/STM32F7xx_HAL_Driver/Src/stm32f7xx_hal_gpio.o
                0x08009eb0                HAL_GPIO_ReadPin
 .text.HAL_GPIO_WritePin
                0x08009ee0       0x32 ./Drivers/STM32F7xx_HAL_Driver/Src/stm32f7xx_hal_gpio.o
                0x08009ee0                HAL_GPIO_WritePin
 *fill*         0x08009f12        0x2 
 .text.HAL_I2C_Init
                0x08009f14      0x120 ./Drivers/STM32F7xx_HAL_Driver/Src/stm32f7xx_hal_i2c.o
                0x08009f14                HAL_I2C_Init
 .text.HAL_I2C_DeInit
                0x0800a034       0x5e ./Drivers/STM32F7xx_HAL_Driver/Src/stm32f7xx_hal_i2c.o
                0x0800a034                HAL_I2C_DeInit
 .text.HAL_I2C_MspInit
                0x0800a092       0x14 ./Drivers/STM32F7xx_HAL_Driver/Src/stm32f7xx_hal_i2c.o
                0x0800a092                HAL_I2C_MspInit
 .text.HAL_I2C_MspDeInit
                0x0800a0a6       0x14 ./Drivers/STM32F7xx_HAL_Driver/Src/stm32f7xx_hal_i2c.o
                0x0800a0a6                HAL_I2C_MspDeInit
 *fill*         0x0800a0ba        0x2 
 .text.HAL_I2C_Mem_Write
                0x0800a0bc      0x228 ./Drivers/STM32F7xx_HAL_Driver/Src/stm32f7xx_hal_i2c.o
                0x0800a0bc                HAL_I2C_Mem_Write
 .text.HAL_I2C_Mem_Read
                0x0800a2e4      0x234 ./Drivers/STM32F7xx_HAL_Driver/Src/stm32f7xx_hal_i2c.o
                0x0800a2e4                HAL_I2C_Mem_Read
 .text.HAL_I2C_GetState
                0x0800a518       0x1c ./Drivers/STM32F7xx_HAL_Driver/Src/stm32f7xx_hal_i2c.o
                0x0800a518                HAL_I2C_GetState
 .text.I2C_RequestMemoryWrite
                0x0800a534       0xa8 ./Drivers/STM32F7xx_HAL_Driver/Src/stm32f7xx_hal_i2c.o
 .text.I2C_RequestMemoryRead
                0x0800a5dc       0xa8 ./Drivers/STM32F7xx_HAL_Driver/Src/stm32f7xx_hal_i2c.o
 .text.I2C_Flush_TXDR
                0x0800a684       0x48 ./Drivers/STM32F7xx_HAL_Driver/Src/stm32f7xx_hal_i2c.o
 .text.I2C_WaitOnFlagUntilTimeout
                0x0800a6cc       0x80 ./Drivers/STM32F7xx_HAL_Driver/Src/stm32f7xx_hal_i2c.o
 .text.I2C_WaitOnTXISFlagUntilTimeout
                0x0800a74c       0x80 ./Drivers/STM32F7xx_HAL_Driver/Src/stm32f7xx_hal_i2c.o
 .text.I2C_WaitOnSTOPFlagUntilTimeout
                0x0800a7cc       0x78 ./Drivers/STM32F7xx_HAL_Driver/Src/stm32f7xx_hal_i2c.o
 .text.I2C_IsErrorOccurred
                0x0800a844      0x1c0 ./Drivers/STM32F7xx_HAL_Driver/Src/stm32f7xx_hal_i2c.o
 .text.I2C_TransferConfig
                0x0800aa04       0x64 ./Drivers/STM32F7xx_HAL_Driver/Src/stm32f7xx_hal_i2c.o
 .text.HAL_LTDC_Init
                0x0800aa68      0x1a0 ./Drivers/STM32F7xx_HAL_Driver/Src/stm32f7xx_hal_ltdc.o
                0x0800aa68                HAL_LTDC_Init
 .text.HAL_LTDC_IRQHandler
                0x0800ac08      0x148 ./Drivers/STM32F7xx_HAL_Driver/Src/stm32f7xx_hal_ltdc.o
                0x0800ac08                HAL_LTDC_IRQHandler
 .text.HAL_LTDC_ErrorCallback
                0x0800ad50       0x14 ./Drivers/STM32F7xx_HAL_Driver/Src/stm32f7xx_hal_ltdc.o
                0x0800ad50                HAL_LTDC_ErrorCallback
 .text.HAL_LTDC_LineEventCallback
                0x0800ad64       0x14 ./Drivers/STM32F7xx_HAL_Driver/Src/stm32f7xx_hal_ltdc.o
                0x0800ad64                HAL_LTDC_LineEventCallback
 .text.HAL_LTDC_ReloadEventCallback
                0x0800ad78       0x14 ./Drivers/STM32F7xx_HAL_Driver/Src/stm32f7xx_hal_ltdc.o
                0x0800ad78                HAL_LTDC_ReloadEventCallback
 .text.HAL_LTDC_ConfigLayer
                0x0800ad8c       0x7c ./Drivers/STM32F7xx_HAL_Driver/Src/stm32f7xx_hal_ltdc.o
                0x0800ad8c                HAL_LTDC_ConfigLayer
 .text.HAL_LTDC_SetAlpha
                0x0800ae08       0x6c ./Drivers/STM32F7xx_HAL_Driver/Src/stm32f7xx_hal_ltdc.o
                0x0800ae08                HAL_LTDC_SetAlpha
 .text.HAL_LTDC_GetState
                0x0800ae74       0x1c ./Drivers/STM32F7xx_HAL_Driver/Src/stm32f7xx_hal_ltdc.o
                0x0800ae74                HAL_LTDC_GetState
 .text.LTDC_SetConfig
                0x0800ae90      0x334 ./Drivers/STM32F7xx_HAL_Driver/Src/stm32f7xx_hal_ltdc.o
 .text.HAL_PWR_EnableBkUpAccess
                0x0800b1c4       0x20 ./Drivers/STM32F7xx_HAL_Driver/Src/stm32f7xx_hal_pwr.o
                0x0800b1c4                HAL_PWR_EnableBkUpAccess
 .text.HAL_PWREx_EnableOverDrive
                0x0800b1e4       0xa0 ./Drivers/STM32F7xx_HAL_Driver/Src/stm32f7xx_hal_pwr_ex.o
                0x0800b1e4                HAL_PWREx_EnableOverDrive
 .text.HAL_RCC_OscConfig
                0x0800b284      0x548 ./Drivers/STM32F7xx_HAL_Driver/Src/stm32f7xx_hal_rcc.o
                0x0800b284                HAL_RCC_OscConfig
 .text.HAL_RCC_ClockConfig
                0x0800b7cc      0x1d8 ./Drivers/STM32F7xx_HAL_Driver/Src/stm32f7xx_hal_rcc.o
                0x0800b7cc                HAL_RCC_ClockConfig
 .text.HAL_RCC_GetSysClockFreq
                0x0800b9a4      0x18c ./Drivers/STM32F7xx_HAL_Driver/Src/stm32f7xx_hal_rcc.o
                0x0800b9a4                HAL_RCC_GetSysClockFreq
 .text.HAL_RCC_GetHCLKFreq
                0x0800bb30       0x18 ./Drivers/STM32F7xx_HAL_Driver/Src/stm32f7xx_hal_rcc.o
                0x0800bb30                HAL_RCC_GetHCLKFreq
 .text.HAL_RCC_GetPCLK1Freq
                0x0800bb48       0x28 ./Drivers/STM32F7xx_HAL_Driver/Src/stm32f7xx_hal_rcc.o
                0x0800bb48                HAL_RCC_GetPCLK1Freq
 .text.HAL_RCC_GetPCLK2Freq
                0x0800bb70       0x28 ./Drivers/STM32F7xx_HAL_Driver/Src/stm32f7xx_hal_rcc.o
                0x0800bb70                HAL_RCC_GetPCLK2Freq
 .text.HAL_RCC_GetClockConfig
                0x0800bb98       0x64 ./Drivers/STM32F7xx_HAL_Driver/Src/stm32f7xx_hal_rcc.o
                0x0800bb98                HAL_RCC_GetClockConfig
 .text.HAL_RCCEx_PeriphCLKConfig
                0x0800bbfc      0x7e0 ./Drivers/STM32F7xx_HAL_Driver/Src/stm32f7xx_hal_rcc_ex.o
                0x0800bbfc                HAL_RCCEx_PeriphCLKConfig
 .text.HAL_RCCEx_GetPeriphCLKConfig
                0x0800c3dc      0x218 ./Drivers/STM32F7xx_HAL_Driver/Src/stm32f7xx_hal_rcc_ex.o
                0x0800c3dc                HAL_RCCEx_GetPeriphCLKConfig
 .text.HAL_RCCEx_GetPeriphCLKFreq
                0x0800c5f4      0x280 ./Drivers/STM32F7xx_HAL_Driver/Src/stm32f7xx_hal_rcc_ex.o
                0x0800c5f4                HAL_RCCEx_GetPeriphCLKFreq
 .text.HAL_SAI_Init
                0x0800c874      0x2fc ./Drivers/STM32F7xx_HAL_Driver/Src/stm32f7xx_hal_sai.o
                0x0800c874                HAL_SAI_Init
 .text.HAL_SAI_DeInit
                0x0800cb70       0x6a ./Drivers/STM32F7xx_HAL_Driver/Src/stm32f7xx_hal_sai.o
                0x0800cb70                HAL_SAI_DeInit
 *fill*         0x0800cbda        0x2 
 .text.HAL_SAI_Transmit_DMA
                0x0800cbdc      0x160 ./Drivers/STM32F7xx_HAL_Driver/Src/stm32f7xx_hal_sai.o
                0x0800cbdc                HAL_SAI_Transmit_DMA
 .text.HAL_SAI_GetState
                0x0800cd3c       0x1c ./Drivers/STM32F7xx_HAL_Driver/Src/stm32f7xx_hal_sai.o
                0x0800cd3c                HAL_SAI_GetState
 .text.SAI_InterruptFlag
                0x0800cd58       0x6c ./Drivers/STM32F7xx_HAL_Driver/Src/stm32f7xx_hal_sai.o
 .text.SAI_Disable
                0x0800cdc4       0x70 ./Drivers/STM32F7xx_HAL_Driver/Src/stm32f7xx_hal_sai.o
 .text.SAI_DMATxCplt
                0x0800ce34       0x60 ./Drivers/STM32F7xx_HAL_Driver/Src/stm32f7xx_hal_sai.o
 .text.SAI_DMATxHalfCplt
                0x0800ce94       0x1c ./Drivers/STM32F7xx_HAL_Driver/Src/stm32f7xx_hal_sai.o
 .text.SAI_DMAError
                0x0800ceb0       0x66 ./Drivers/STM32F7xx_HAL_Driver/Src/stm32f7xx_hal_sai.o
 .text.HAL_SD_Init
                0x0800cf16       0x60 ./Drivers/STM32F7xx_HAL_Driver/Src/stm32f7xx_hal_sd.o
                0x0800cf16                HAL_SD_Init
 *fill*         0x0800cf76        0x2 
 .text.HAL_SD_InitCard
                0x0800cf78      0x110 ./Drivers/STM32F7xx_HAL_Driver/Src/stm32f7xx_hal_sd.o
                0x0800cf78                HAL_SD_InitCard
 .text.HAL_SD_ReadBlocks_DMA
                0x0800d088      0x1c4 ./Drivers/STM32F7xx_HAL_Driver/Src/stm32f7xx_hal_sd.o
                0x0800d088                HAL_SD_ReadBlocks_DMA
 .text.HAL_SD_WriteBlocks_DMA
                0x0800d24c      0x1cc ./Drivers/STM32F7xx_HAL_Driver/Src/stm32f7xx_hal_sd.o
                0x0800d24c                HAL_SD_WriteBlocks_DMA
 .text.HAL_SD_IRQHandler
                0x0800d418      0x2ec ./Drivers/STM32F7xx_HAL_Driver/Src/stm32f7xx_hal_sd.o
                0x0800d418                HAL_SD_IRQHandler
 .text.HAL_SD_ErrorCallback
                0x0800d704       0x14 ./Drivers/STM32F7xx_HAL_Driver/Src/stm32f7xx_hal_sd.o
                0x0800d704                HAL_SD_ErrorCallback
 .text.HAL_SD_GetCardCSD
                0x0800d718      0x348 ./Drivers/STM32F7xx_HAL_Driver/Src/stm32f7xx_hal_sd.o
                0x0800d718                HAL_SD_GetCardCSD
 .text.HAL_SD_GetCardInfo
                0x0800da60       0x58 ./Drivers/STM32F7xx_HAL_Driver/Src/stm32f7xx_hal_sd.o
                0x0800da60                HAL_SD_GetCardInfo
 .text.HAL_SD_GetCardState
                0x0800dab8       0x40 ./Drivers/STM32F7xx_HAL_Driver/Src/stm32f7xx_hal_sd.o
                0x0800dab8                HAL_SD_GetCardState
 .text.SD_DMATransmitCplt
                0x0800daf8       0x2a ./Drivers/STM32F7xx_HAL_Driver/Src/stm32f7xx_hal_sd.o
 .text.SD_DMAReceiveCplt
                0x0800db22       0x70 ./Drivers/STM32F7xx_HAL_Driver/Src/stm32f7xx_hal_sd.o
 *fill*         0x0800db92        0x2 
 .text.SD_DMAError
                0x0800db94       0xa4 ./Drivers/STM32F7xx_HAL_Driver/Src/stm32f7xx_hal_sd.o
 .text.SD_DMATxAbort
                0x0800dc38       0x6e ./Drivers/STM32F7xx_HAL_Driver/Src/stm32f7xx_hal_sd.o
 .text.SD_DMARxAbort
                0x0800dca6       0x6e ./Drivers/STM32F7xx_HAL_Driver/Src/stm32f7xx_hal_sd.o
 .text.SD_InitCard
                0x0800dd14      0x19c ./Drivers/STM32F7xx_HAL_Driver/Src/stm32f7xx_hal_sd.o
 .text.SD_PowerON
                0x0800deb0      0x11c ./Drivers/STM32F7xx_HAL_Driver/Src/stm32f7xx_hal_sd.o
 .text.SD_SendStatus
                0x0800dfcc       0x50 ./Drivers/STM32F7xx_HAL_Driver/Src/stm32f7xx_hal_sd.o
 .text.SD_Read_IT
                0x0800e01c       0xa2 ./Drivers/STM32F7xx_HAL_Driver/Src/stm32f7xx_hal_sd.o
 .text.SD_Write_IT
                0x0800e0be       0xaa ./Drivers/STM32F7xx_HAL_Driver/Src/stm32f7xx_hal_sd.o
 .text.HAL_SDRAM_Init
                0x0800e168       0x68 ./Drivers/STM32F7xx_HAL_Driver/Src/stm32f7xx_hal_sdram.o
                0x0800e168                HAL_SDRAM_Init
 .text.HAL_SDRAM_SendCommand
                0x0800e1d0       0x6a ./Drivers/STM32F7xx_HAL_Driver/Src/stm32f7xx_hal_sdram.o
                0x0800e1d0                HAL_SDRAM_SendCommand
 .text.HAL_SDRAM_ProgramRefreshRate
                0x0800e23a       0x50 ./Drivers/STM32F7xx_HAL_Driver/Src/stm32f7xx_hal_sdram.o
                0x0800e23a                HAL_SDRAM_ProgramRefreshRate
 .text.HAL_TIM_Base_Init
                0x0800e28a       0xae ./Drivers/STM32F7xx_HAL_Driver/Src/stm32f7xx_hal_tim.o
                0x0800e28a                HAL_TIM_Base_Init
 .text.HAL_TIM_Base_MspInit
                0x0800e338       0x14 ./Drivers/STM32F7xx_HAL_Driver/Src/stm32f7xx_hal_tim.o
                0x0800e338                HAL_TIM_Base_MspInit
 .text.HAL_TIM_Base_Start_IT
                0x0800e34c       0xf0 ./Drivers/STM32F7xx_HAL_Driver/Src/stm32f7xx_hal_tim.o
                0x0800e34c                HAL_TIM_Base_Start_IT
 .text.HAL_TIM_IRQHandler
                0x0800e43c      0x23e ./Drivers/STM32F7xx_HAL_Driver/Src/stm32f7xx_hal_tim.o
                0x0800e43c                HAL_TIM_IRQHandler
 .text.HAL_TIM_OC_DelayElapsedCallback
                0x0800e67a       0x14 ./Drivers/STM32F7xx_HAL_Driver/Src/stm32f7xx_hal_tim.o
                0x0800e67a                HAL_TIM_OC_DelayElapsedCallback
 .text.HAL_TIM_IC_CaptureCallback
                0x0800e68e       0x14 ./Drivers/STM32F7xx_HAL_Driver/Src/stm32f7xx_hal_tim.o
                0x0800e68e                HAL_TIM_IC_CaptureCallback
 .text.HAL_TIM_PWM_PulseFinishedCallback
                0x0800e6a2       0x14 ./Drivers/STM32F7xx_HAL_Driver/Src/stm32f7xx_hal_tim.o
                0x0800e6a2                HAL_TIM_PWM_PulseFinishedCallback
 .text.HAL_TIM_TriggerCallback
                0x0800e6b6       0x14 ./Drivers/STM32F7xx_HAL_Driver/Src/stm32f7xx_hal_tim.o
                0x0800e6b6                HAL_TIM_TriggerCallback
 *fill*         0x0800e6ca        0x2 
 .text.TIM_Base_SetConfig
                0x0800e6cc      0x140 ./Drivers/STM32F7xx_HAL_Driver/Src/stm32f7xx_hal_tim.o
                0x0800e6cc                TIM_Base_SetConfig
 .text.HAL_TIMEx_CommutCallback
                0x0800e80c       0x14 ./Drivers/STM32F7xx_HAL_Driver/Src/stm32f7xx_hal_tim_ex.o
                0x0800e80c                HAL_TIMEx_CommutCallback
 .text.HAL_TIMEx_BreakCallback
                0x0800e820       0x14 ./Drivers/STM32F7xx_HAL_Driver/Src/stm32f7xx_hal_tim_ex.o
                0x0800e820                HAL_TIMEx_BreakCallback
 .text.HAL_TIMEx_Break2Callback
                0x0800e834       0x14 ./Drivers/STM32F7xx_HAL_Driver/Src/stm32f7xx_hal_tim_ex.o
                0x0800e834                HAL_TIMEx_Break2Callback
 .text.HAL_UART_Init
                0x0800e848       0x9c ./Drivers/STM32F7xx_HAL_Driver/Src/stm32f7xx_hal_uart.o
                0x0800e848                HAL_UART_Init
 .text.UART_SetConfig
                0x0800e8e4      0x4c8 ./Drivers/STM32F7xx_HAL_Driver/Src/stm32f7xx_hal_uart.o
                0x0800e8e4                UART_SetConfig
 .text.UART_AdvFeatureConfig
                0x0800edac      0x144 ./Drivers/STM32F7xx_HAL_Driver/Src/stm32f7xx_hal_uart.o
                0x0800edac                UART_AdvFeatureConfig
 .text.UART_CheckIdleState
                0x0800eef0       0x6e ./Drivers/STM32F7xx_HAL_Driver/Src/stm32f7xx_hal_uart.o
                0x0800eef0                UART_CheckIdleState
 .text.UART_WaitOnFlagUntilTimeout
                0x0800ef5e      0x18c ./Drivers/STM32F7xx_HAL_Driver/Src/stm32f7xx_hal_uart.o
                0x0800ef5e                UART_WaitOnFlagUntilTimeout
 *fill*         0x0800f0ea        0x2 
 .text.FMC_SDRAM_Init
                0x0800f0ec       0xb8 ./Drivers/STM32F7xx_HAL_Driver/Src/stm32f7xx_ll_fmc.o
                0x0800f0ec                FMC_SDRAM_Init
 .text.FMC_SDRAM_Timing_Init
                0x0800f1a4       0xd4 ./Drivers/STM32F7xx_HAL_Driver/Src/stm32f7xx_ll_fmc.o
                0x0800f1a4                FMC_SDRAM_Timing_Init
 .text.FMC_SDRAM_SendCommand
                0x0800f278       0x48 ./Drivers/STM32F7xx_HAL_Driver/Src/stm32f7xx_ll_fmc.o
                0x0800f278                FMC_SDRAM_SendCommand
 .text.FMC_SDRAM_ProgramRefreshRate
                0x0800f2c0       0x30 ./Drivers/STM32F7xx_HAL_Driver/Src/stm32f7xx_ll_fmc.o
                0x0800f2c0                FMC_SDRAM_ProgramRefreshRate
 .text.SDMMC_Init
                0x0800f2f0       0x58 ./Drivers/STM32F7xx_HAL_Driver/Src/stm32f7xx_ll_sdmmc.o
                0x0800f2f0                SDMMC_Init
 .text.SDMMC_ReadFIFO
                0x0800f348       0x1a ./Drivers/STM32F7xx_HAL_Driver/Src/stm32f7xx_ll_sdmmc.o
                0x0800f348                SDMMC_ReadFIFO
 .text.SDMMC_WriteFIFO
                0x0800f362       0x22 ./Drivers/STM32F7xx_HAL_Driver/Src/stm32f7xx_ll_sdmmc.o
                0x0800f362                SDMMC_WriteFIFO
 .text.SDMMC_PowerState_ON
                0x0800f384       0x1c ./Drivers/STM32F7xx_HAL_Driver/Src/stm32f7xx_ll_sdmmc.o
                0x0800f384                SDMMC_PowerState_ON
 .text.SDMMC_GetPowerState
                0x0800f3a0       0x1c ./Drivers/STM32F7xx_HAL_Driver/Src/stm32f7xx_ll_sdmmc.o
                0x0800f3a0                SDMMC_GetPowerState
 .text.SDMMC_SendCommand
                0x0800f3bc       0x54 ./Drivers/STM32F7xx_HAL_Driver/Src/stm32f7xx_ll_sdmmc.o
                0x0800f3bc                SDMMC_SendCommand
 .text.SDMMC_GetCommandResponse
                0x0800f410       0x1a ./Drivers/STM32F7xx_HAL_Driver/Src/stm32f7xx_ll_sdmmc.o
                0x0800f410                SDMMC_GetCommandResponse
 .text.SDMMC_GetResponse
                0x0800f42a       0x26 ./Drivers/STM32F7xx_HAL_Driver/Src/stm32f7xx_ll_sdmmc.o
                0x0800f42a                SDMMC_GetResponse
 .text.SDMMC_ConfigData
                0x0800f450       0x58 ./Drivers/STM32F7xx_HAL_Driver/Src/stm32f7xx_ll_sdmmc.o
                0x0800f450                SDMMC_ConfigData
 .text.SDMMC_CmdBlockLength
                0x0800f4a8       0x44 ./Drivers/STM32F7xx_HAL_Driver/Src/stm32f7xx_ll_sdmmc.o
                0x0800f4a8                SDMMC_CmdBlockLength
 .text.SDMMC_CmdReadSingleBlock
                0x0800f4ec       0x44 ./Drivers/STM32F7xx_HAL_Driver/Src/stm32f7xx_ll_sdmmc.o
                0x0800f4ec                SDMMC_CmdReadSingleBlock
 .text.SDMMC_CmdReadMultiBlock
                0x0800f530       0x44 ./Drivers/STM32F7xx_HAL_Driver/Src/stm32f7xx_ll_sdmmc.o
                0x0800f530                SDMMC_CmdReadMultiBlock
 .text.SDMMC_CmdWriteSingleBlock
                0x0800f574       0x44 ./Drivers/STM32F7xx_HAL_Driver/Src/stm32f7xx_ll_sdmmc.o
                0x0800f574                SDMMC_CmdWriteSingleBlock
 .text.SDMMC_CmdWriteMultiBlock
                0x0800f5b8       0x44 ./Drivers/STM32F7xx_HAL_Driver/Src/stm32f7xx_ll_sdmmc.o
                0x0800f5b8                SDMMC_CmdWriteMultiBlock
 .text.SDMMC_CmdStopTransfer
                0x0800f5fc       0x44 ./Drivers/STM32F7xx_HAL_Driver/Src/stm32f7xx_ll_sdmmc.o
                0x0800f5fc                SDMMC_CmdStopTransfer
 .text.SDMMC_CmdSelDesel
                0x0800f640       0x46 ./Drivers/STM32F7xx_HAL_Driver/Src/stm32f7xx_ll_sdmmc.o
                0x0800f640                SDMMC_CmdSelDesel
 .text.SDMMC_CmdGoIdleState
                0x0800f686       0x3c ./Drivers/STM32F7xx_HAL_Driver/Src/stm32f7xx_ll_sdmmc.o
                0x0800f686                SDMMC_CmdGoIdleState
 .text.SDMMC_CmdOperCond
                0x0800f6c2       0x3e ./Drivers/STM32F7xx_HAL_Driver/Src/stm32f7xx_ll_sdmmc.o
                0x0800f6c2                SDMMC_CmdOperCond
 .text.SDMMC_CmdAppCommand
                0x0800f700       0x44 ./Drivers/STM32F7xx_HAL_Driver/Src/stm32f7xx_ll_sdmmc.o
                0x0800f700                SDMMC_CmdAppCommand
 .text.SDMMC_CmdAppOperCommand
                0x0800f744       0x48 ./Drivers/STM32F7xx_HAL_Driver/Src/stm32f7xx_ll_sdmmc.o
                0x0800f744                SDMMC_CmdAppOperCommand
 .text.SDMMC_CmdSendCID
                0x0800f78c       0x3c ./Drivers/STM32F7xx_HAL_Driver/Src/stm32f7xx_ll_sdmmc.o
                0x0800f78c                SDMMC_CmdSendCID
 .text.SDMMC_CmdSendCSD
                0x0800f7c8       0x3e ./Drivers/STM32F7xx_HAL_Driver/Src/stm32f7xx_ll_sdmmc.o
                0x0800f7c8                SDMMC_CmdSendCSD
 .text.SDMMC_CmdSetRelAdd
                0x0800f806       0x42 ./Drivers/STM32F7xx_HAL_Driver/Src/stm32f7xx_ll_sdmmc.o
                0x0800f806                SDMMC_CmdSetRelAdd
 .text.SDMMC_CmdSendStatus
                0x0800f848       0x44 ./Drivers/STM32F7xx_HAL_Driver/Src/stm32f7xx_ll_sdmmc.o
                0x0800f848                SDMMC_CmdSendStatus
 .text.SDMMC_GetCmdResp1
                0x0800f88c      0x1dc ./Drivers/STM32F7xx_HAL_Driver/Src/stm32f7xx_ll_sdmmc.o
                0x0800f88c                SDMMC_GetCmdResp1
 .text.SDMMC_GetCmdResp2
                0x0800fa68       0x90 ./Drivers/STM32F7xx_HAL_Driver/Src/stm32f7xx_ll_sdmmc.o
                0x0800fa68                SDMMC_GetCmdResp2
 .text.SDMMC_GetCmdResp3
                0x0800faf8       0x7c ./Drivers/STM32F7xx_HAL_Driver/Src/stm32f7xx_ll_sdmmc.o
                0x0800faf8                SDMMC_GetCmdResp3
 .text.SDMMC_GetCmdResp6
                0x0800fb74       0xec ./Drivers/STM32F7xx_HAL_Driver/Src/stm32f7xx_ll_sdmmc.o
                0x0800fb74                SDMMC_GetCmdResp6
 .text.SDMMC_GetCmdResp7
                0x0800fc60       0x9c ./Drivers/STM32F7xx_HAL_Driver/Src/stm32f7xx_ll_sdmmc.o
                0x0800fc60                SDMMC_GetCmdResp7
 .text.SDMMC_GetCmdError
                0x0800fcfc       0x58 ./Drivers/STM32F7xx_HAL_Driver/Src/stm32f7xx_ll_sdmmc.o
 .text.MX_FATFS_Init
                0x0800fd54       0x24 ./FATFS/App/fatfs.o
                0x0800fd54                MX_FATFS_Init
 .text.get_fattime
                0x0800fd78       0x10 ./FATFS/App/fatfs.o
                0x0800fd78                get_fattime
 .text.BSP_SD_Init
                0x0800fd88       0x30 ./FATFS/Target/bsp_driver_sd.o
                0x0800fd88                BSP_SD_Init
 .text.BSP_SD_ReadBlocks_DMA
                0x0800fdb8       0x34 ./FATFS/Target/bsp_driver_sd.o
                0x0800fdb8                BSP_SD_ReadBlocks_DMA
 .text.BSP_SD_WriteBlocks_DMA
                0x0800fdec       0x34 ./FATFS/Target/bsp_driver_sd.o
                0x0800fdec                BSP_SD_WriteBlocks_DMA
 .text.BSP_SD_GetCardState
                0x0800fe20       0x20 ./FATFS/Target/bsp_driver_sd.o
                0x0800fe20                BSP_SD_GetCardState
 .text.BSP_SD_GetCardInfo
                0x0800fe40       0x1c ./FATFS/Target/bsp_driver_sd.o
                0x0800fe40                BSP_SD_GetCardInfo
 .text.HAL_SD_AbortCallback
                0x0800fe5c       0x14 ./FATFS/Target/bsp_driver_sd.o
                0x0800fe5c                HAL_SD_AbortCallback
 .text.HAL_SD_TxCpltCallback
                0x0800fe70       0x14 ./FATFS/Target/bsp_driver_sd.o
                0x0800fe70                HAL_SD_TxCpltCallback
 .text.HAL_SD_RxCpltCallback
                0x0800fe84       0x14 ./FATFS/Target/bsp_driver_sd.o
                0x0800fe84                HAL_SD_RxCpltCallback
 .text.BSP_SD_AbortCallback
                0x0800fe98        0xe ./FATFS/Target/bsp_driver_sd.o
                0x0800fe98                BSP_SD_AbortCallback
 .text.BSP_SD_IsDetected
                0x0800fea6       0x24 ./FATFS/Target/bsp_driver_sd.o
                0x0800fea6                BSP_SD_IsDetected
 *fill*         0x0800feca        0x2 
 .text.BSP_PlatformIsDetected
                0x0800fecc       0x2c ./FATFS/Target/fatfs_platform.o
                0x0800fecc                BSP_PlatformIsDetected
 .text.SD_CheckStatusWithTimeout
                0x0800fef8       0x3a ./FATFS/Target/sd_diskio.o
 *fill*         0x0800ff32        0x2 
 .text.SD_CheckStatus
                0x0800ff34       0x3c ./FATFS/Target/sd_diskio.o
 .text.SD_initialize
                0x0800ff70       0x98 ./FATFS/Target/sd_diskio.o
                0x0800ff70                SD_initialize
 .text.SD_status
                0x08010008       0x1c ./FATFS/Target/sd_diskio.o
                0x08010008                SD_status
 .text.SD_read  0x08010024       0x9c ./FATFS/Target/sd_diskio.o
                0x08010024                SD_read
 .text.SD_write
                0x080100c0       0x94 ./FATFS/Target/sd_diskio.o
                0x080100c0                SD_write
 .text.SD_ioctl
                0x08010154       0xb0 ./FATFS/Target/sd_diskio.o
                0x08010154                SD_ioctl
 .text.BSP_SD_WriteCpltCallback
                0x08010204       0x1c ./FATFS/Target/sd_diskio.o
                0x08010204                BSP_SD_WriteCpltCallback
 .text.BSP_SD_ReadCpltCallback
                0x08010220       0x1c ./FATFS/Target/sd_diskio.o
                0x08010220                BSP_SD_ReadCpltCallback
 .text.disk_status
                0x0801023c       0x34 ./Middlewares/Third_Party/FatFs/src/diskio.o
                0x0801023c                disk_status
 .text.disk_initialize
                0x08010270       0x4c ./Middlewares/Third_Party/FatFs/src/diskio.o
                0x08010270                disk_initialize
 .text.disk_read
                0x080102bc       0x40 ./Middlewares/Third_Party/FatFs/src/diskio.o
                0x080102bc                disk_read
 .text.disk_write
                0x080102fc       0x40 ./Middlewares/Third_Party/FatFs/src/diskio.o
                0x080102fc                disk_write
 .text.disk_ioctl
                0x0801033c       0x3c ./Middlewares/Third_Party/FatFs/src/diskio.o
                0x0801033c                disk_ioctl
 .text.FATFS_LinkDriverEx
                0x08010378       0x98 ./Middlewares/Third_Party/FatFs/src/ff_gen_drv.o
                0x08010378                FATFS_LinkDriverEx
 .text.FATFS_LinkDriver
                0x08010410       0x1e ./Middlewares/Third_Party/FatFs/src/ff_gen_drv.o
                0x08010410                FATFS_LinkDriver
 .text.ff_cre_syncobj
                0x0801042e       0x40 ./Middlewares/Third_Party/FatFs/src/option/syscall.o
                0x0801042e                ff_cre_syncobj
 .text.ff_del_syncobj
                0x0801046e       0x18 ./Middlewares/Third_Party/FatFs/src/option/syscall.o
                0x0801046e                ff_del_syncobj
 .text.ff_req_grant
                0x08010486       0x2a ./Middlewares/Third_Party/FatFs/src/option/syscall.o
                0x08010486                ff_req_grant
 .text.ff_rel_grant
                0x080104b0       0x16 ./Middlewares/Third_Party/FatFs/src/option/syscall.o
                0x080104b0                ff_rel_grant
 .text.makeFreeRtosPriority
                0x080104c6       0x30 ./Middlewares/Third_Party/FreeRTOS/Source/CMSIS_RTOS/cmsis_os.o
 .text.inHandlerMode
                0x080104f6       0x24 ./Middlewares/Third_Party/FreeRTOS/Source/CMSIS_RTOS/cmsis_os.o
 .text.osKernelStart
                0x0801051a        0xe ./Middlewares/Third_Party/FreeRTOS/Source/CMSIS_RTOS/cmsis_os.o
                0x0801051a                osKernelStart
 .text.osKernelRunning
                0x08010528       0x18 ./Middlewares/Third_Party/FreeRTOS/Source/CMSIS_RTOS/cmsis_os.o
                0x08010528                osKernelRunning
 .text.osKernelSysTick
                0x08010540       0x20 ./Middlewares/Third_Party/FreeRTOS/Source/CMSIS_RTOS/cmsis_os.o
                0x08010540                osKernelSysTick
 .text.osThreadCreate
                0x08010560       0x98 ./Middlewares/Third_Party/FreeRTOS/Source/CMSIS_RTOS/cmsis_os.o
                0x08010560                osThreadCreate
 .text.osDelay  0x080105f8       0x28 ./Middlewares/Third_Party/FreeRTOS/Source/CMSIS_RTOS/cmsis_os.o
                0x080105f8                osDelay
 .text.osSemaphoreCreate
                0x08010620       0x64 ./Middlewares/Third_Party/FreeRTOS/Source/CMSIS_RTOS/cmsis_os.o
                0x08010620                osSemaphoreCreate
 .text.osSemaphoreWait
                0x08010684       0x9c ./Middlewares/Third_Party/FreeRTOS/Source/CMSIS_RTOS/cmsis_os.o
                0x08010684                osSemaphoreWait
 .text.osSemaphoreRelease
                0x08010720       0x6c ./Middlewares/Third_Party/FreeRTOS/Source/CMSIS_RTOS/cmsis_os.o
                0x08010720                osSemaphoreRelease
 .text.osSemaphoreDelete
                0x0801078c       0x26 ./Middlewares/Third_Party/FreeRTOS/Source/CMSIS_RTOS/cmsis_os.o
                0x0801078c                osSemaphoreDelete
 .text.osMessageCreate
                0x080107b2       0x50 ./Middlewares/Third_Party/FreeRTOS/Source/CMSIS_RTOS/cmsis_os.o
                0x080107b2                osMessageCreate
 *fill*         0x08010802        0x2 
 .text.osMessagePut
                0x08010804       0x80 ./Middlewares/Third_Party/FreeRTOS/Source/CMSIS_RTOS/cmsis_os.o
                0x08010804                osMessagePut
 .text.osMessageGet
                0x08010884       0xe8 ./Middlewares/Third_Party/FreeRTOS/Source/CMSIS_RTOS/cmsis_os.o
                0x08010884                osMessageGet
 .text.vListInitialise
                0x0801096c       0x40 ./Middlewares/Third_Party/FreeRTOS/Source/list.o
                0x0801096c                vListInitialise
 .text.vListInitialiseItem
                0x080109ac       0x1a ./Middlewares/Third_Party/FreeRTOS/Source/list.o
                0x080109ac                vListInitialiseItem
 .text.vListInsertEnd
                0x080109c6       0x48 ./Middlewares/Third_Party/FreeRTOS/Source/list.o
                0x080109c6                vListInsertEnd
 .text.vListInsert
                0x08010a0e       0x72 ./Middlewares/Third_Party/FreeRTOS/Source/list.o
                0x08010a0e                vListInsert
 .text.uxListRemove
                0x08010a80       0x54 ./Middlewares/Third_Party/FreeRTOS/Source/list.o
                0x08010a80                uxListRemove
 .text.xQueueGenericReset
                0x08010ad4       0xd8 ./Middlewares/Third_Party/FreeRTOS/Source/queue.o
                0x08010ad4                xQueueGenericReset
 .text.xQueueGenericCreateStatic
                0x08010bac      0x10e ./Middlewares/Third_Party/FreeRTOS/Source/queue.o
                0x08010bac                xQueueGenericCreateStatic
 .text.xQueueGenericCreate
                0x08010cba       0x86 ./Middlewares/Third_Party/FreeRTOS/Source/queue.o
                0x08010cba                xQueueGenericCreate
 .text.prvInitialiseNewQueue
                0x08010d40       0x3e ./Middlewares/Third_Party/FreeRTOS/Source/queue.o
 *fill*         0x08010d7e        0x2 
 .text.xQueueGenericSend
                0x08010d80      0x214 ./Middlewares/Third_Party/FreeRTOS/Source/queue.o
                0x08010d80                xQueueGenericSend
 .text.xQueueGenericSendFromISR
                0x08010f94      0x146 ./Middlewares/Third_Party/FreeRTOS/Source/queue.o
                0x08010f94                xQueueGenericSendFromISR
 .text.xQueueGiveFromISR
                0x080110da      0x130 ./Middlewares/Third_Party/FreeRTOS/Source/queue.o
                0x080110da                xQueueGiveFromISR
 *fill*         0x0801120a        0x2 
 .text.xQueueReceive
                0x0801120c      0x1d0 ./Middlewares/Third_Party/FreeRTOS/Source/queue.o
                0x0801120c                xQueueReceive
 .text.xQueueSemaphoreTake
                0x080113dc      0x230 ./Middlewares/Third_Party/FreeRTOS/Source/queue.o
                0x080113dc                xQueueSemaphoreTake
 .text.xQueueReceiveFromISR
                0x0801160c      0x110 ./Middlewares/Third_Party/FreeRTOS/Source/queue.o
                0x0801160c                xQueueReceiveFromISR
 .text.vQueueDelete
                0x0801171c       0x4c ./Middlewares/Third_Party/FreeRTOS/Source/queue.o
                0x0801171c                vQueueDelete
 .text.prvGetDisinheritPriorityAfterTimeout
                0x08011768       0x30 ./Middlewares/Third_Party/FreeRTOS/Source/queue.o
 .text.prvCopyDataToQueue
                0x08011798       0xd4 ./Middlewares/Third_Party/FreeRTOS/Source/queue.o
 .text.prvCopyDataFromQueue
                0x0801186c       0x4c ./Middlewares/Third_Party/FreeRTOS/Source/queue.o
 .text.prvUnlockQueue
                0x080118b8       0xa4 ./Middlewares/Third_Party/FreeRTOS/Source/queue.o
 .text.prvIsQueueEmpty
                0x0801195c       0x2c ./Middlewares/Third_Party/FreeRTOS/Source/queue.o
 .text.prvIsQueueFull
                0x08011988       0x30 ./Middlewares/Third_Party/FreeRTOS/Source/queue.o
 .text.vQueueUnregisterQueue
                0x080119b8       0x54 ./Middlewares/Third_Party/FreeRTOS/Source/queue.o
                0x080119b8                vQueueUnregisterQueue
 .text.xTaskCreateStatic
                0x08011a0c       0xcc ./Middlewares/Third_Party/FreeRTOS/Source/tasks.o
                0x08011a0c                xTaskCreateStatic
 .text.xTaskCreate
                0x08011ad8       0x8a ./Middlewares/Third_Party/FreeRTOS/Source/tasks.o
                0x08011ad8                xTaskCreate
 .text.prvInitialiseNewTask
                0x08011b62      0x124 ./Middlewares/Third_Party/FreeRTOS/Source/tasks.o
 *fill*         0x08011c86        0x2 
 .text.prvAddNewTaskToReadyList
                0x08011c88       0xd4 ./Middlewares/Third_Party/FreeRTOS/Source/tasks.o
 .text.vTaskDelete
                0x08011d5c      0x124 ./Middlewares/Third_Party/FreeRTOS/Source/tasks.o
                0x08011d5c                vTaskDelete
 .text.vTaskDelay
                0x08011e80       0x70 ./Middlewares/Third_Party/FreeRTOS/Source/tasks.o
                0x08011e80                vTaskDelay
 .text.vTaskSuspend
                0x08011ef0      0x12c ./Middlewares/Third_Party/FreeRTOS/Source/tasks.o
                0x08011ef0                vTaskSuspend
 .text.prvTaskIsTaskSuspended
                0x0801201c       0x68 ./Middlewares/Third_Party/FreeRTOS/Source/tasks.o
 .text.vTaskResume
                0x08012084       0xc0 ./Middlewares/Third_Party/FreeRTOS/Source/tasks.o
                0x08012084                vTaskResume
 .text.vTaskStartScheduler
                0x08012144       0xcc ./Middlewares/Third_Party/FreeRTOS/Source/tasks.o
                0x08012144                vTaskStartScheduler
 .text.vTaskSuspendAll
                0x08012210       0x1c ./Middlewares/Third_Party/FreeRTOS/Source/tasks.o
                0x08012210                vTaskSuspendAll
 .text.xTaskResumeAll
                0x0801222c      0x140 ./Middlewares/Third_Party/FreeRTOS/Source/tasks.o
                0x0801222c                xTaskResumeAll
 .text.xTaskGetTickCount
                0x0801236c       0x20 ./Middlewares/Third_Party/FreeRTOS/Source/tasks.o
                0x0801236c                xTaskGetTickCount
 .text.xTaskGetTickCountFromISR
                0x0801238c       0x24 ./Middlewares/Third_Party/FreeRTOS/Source/tasks.o
                0x0801238c                xTaskGetTickCountFromISR
 .text.xTaskIncrementTick
                0x080123b0      0x178 ./Middlewares/Third_Party/FreeRTOS/Source/tasks.o
                0x080123b0                xTaskIncrementTick
 .text.vTaskSwitchContext
                0x08012528      0x108 ./Middlewares/Third_Party/FreeRTOS/Source/tasks.o
                0x08012528                vTaskSwitchContext
 .text.vTaskPlaceOnEventList
                0x08012630       0x50 ./Middlewares/Third_Party/FreeRTOS/Source/tasks.o
                0x08012630                vTaskPlaceOnEventList
 .text.xTaskRemoveFromEventList
                0x08012680       0xcc ./Middlewares/Third_Party/FreeRTOS/Source/tasks.o
                0x08012680                xTaskRemoveFromEventList
 .text.vTaskInternalSetTimeOutState
                0x0801274c       0x2c ./Middlewares/Third_Party/FreeRTOS/Source/tasks.o
                0x0801274c                vTaskInternalSetTimeOutState
 .text.xTaskCheckForTimeOut
                0x08012778       0xd0 ./Middlewares/Third_Party/FreeRTOS/Source/tasks.o
                0x08012778                xTaskCheckForTimeOut
 .text.vTaskMissedYield
                0x08012848       0x18 ./Middlewares/Third_Party/FreeRTOS/Source/tasks.o
                0x08012848                vTaskMissedYield
 .text.prvIdleTask
                0x08012860       0x34 ./Middlewares/Third_Party/FreeRTOS/Source/tasks.o
 .text.prvInitialiseTaskLists
                0x08012894       0x80 ./Middlewares/Third_Party/FreeRTOS/Source/tasks.o
 .text.prvCheckTasksWaitingTermination
                0x08012914       0x5c ./Middlewares/Third_Party/FreeRTOS/Source/tasks.o
 .text.prvDeleteTCB
                0x08012970       0x64 ./Middlewares/Third_Party/FreeRTOS/Source/tasks.o
 .text.prvResetNextTaskUnblockTime
                0x080129d4       0x40 ./Middlewares/Third_Party/FreeRTOS/Source/tasks.o
 .text.xTaskGetSchedulerState
                0x08012a14       0x3c ./Middlewares/Third_Party/FreeRTOS/Source/tasks.o
                0x08012a14                xTaskGetSchedulerState
 .text.xTaskPriorityInherit
                0x08012a50      0x100 ./Middlewares/Third_Party/FreeRTOS/Source/tasks.o
                0x08012a50                xTaskPriorityInherit
 .text.xTaskPriorityDisinherit
                0x08012b50      0x118 ./Middlewares/Third_Party/FreeRTOS/Source/tasks.o
                0x08012b50                xTaskPriorityDisinherit
 .text.vTaskPriorityDisinheritAfterTimeout
                0x08012c68      0x140 ./Middlewares/Third_Party/FreeRTOS/Source/tasks.o
                0x08012c68                vTaskPriorityDisinheritAfterTimeout
 .text.pvTaskIncrementMutexHeldCount
                0x08012da8       0x28 ./Middlewares/Third_Party/FreeRTOS/Source/tasks.o
                0x08012da8                pvTaskIncrementMutexHeldCount
 .text.prvAddCurrentTaskToDelayedList
                0x08012dd0       0xcc ./Middlewares/Third_Party/FreeRTOS/Source/tasks.o
 .text.pxPortInitialiseStack
                0x08012e9c       0x68 ./Middlewares/Third_Party/FreeRTOS/Source/portable/GCC/ARM_CM7/r0p1/port.o
                0x08012e9c                pxPortInitialiseStack
 .text.prvTaskExitError
                0x08012f04       0x64 ./Middlewares/Third_Party/FreeRTOS/Source/portable/GCC/ARM_CM7/r0p1/port.o
 *fill*         0x08012f68        0x8 
 .text.SVC_Handler
                0x08012f70       0x28 ./Middlewares/Third_Party/FreeRTOS/Source/portable/GCC/ARM_CM7/r0p1/port.o
                0x08012f70                SVC_Handler
 .text.prvPortStartFirstTask
                0x08012f98       0x28 ./Middlewares/Third_Party/FreeRTOS/Source/portable/GCC/ARM_CM7/r0p1/port.o
 .text.xPortStartScheduler
                0x08012fc0       0xfc ./Middlewares/Third_Party/FreeRTOS/Source/portable/GCC/ARM_CM7/r0p1/port.o
                0x08012fc0                xPortStartScheduler
 .text.vPortEnterCritical
                0x080130bc       0x6c ./Middlewares/Third_Party/FreeRTOS/Source/portable/GCC/ARM_CM7/r0p1/port.o
                0x080130bc                vPortEnterCritical
 .text.vPortExitCritical
                0x08013128       0x58 ./Middlewares/Third_Party/FreeRTOS/Source/portable/GCC/ARM_CM7/r0p1/port.o
                0x08013128                vPortExitCritical
 .text.PendSV_Handler
                0x08013180       0x68 ./Middlewares/Third_Party/FreeRTOS/Source/portable/GCC/ARM_CM7/r0p1/port.o
                0x08013180                PendSV_Handler
 .text.SysTick_Handler
                0x080131e8       0x48 ./Middlewares/Third_Party/FreeRTOS/Source/portable/GCC/ARM_CM7/r0p1/port.o
                0x080131e8                SysTick_Handler
 .text.vPortSetupTimerInterrupt
                0x08013230       0x48 ./Middlewares/Third_Party/FreeRTOS/Source/portable/GCC/ARM_CM7/r0p1/port.o
                0x08013230                vPortSetupTimerInterrupt
 .text.vPortEnableVFP
                0x08013278       0x14 ./Middlewares/Third_Party/FreeRTOS/Source/portable/GCC/ARM_CM7/r0p1/port.o
 .text.vPortValidateInterruptPriority
                0x0801328c       0x8c ./Middlewares/Third_Party/FreeRTOS/Source/portable/GCC/ARM_CM7/r0p1/port.o
                0x0801328c                vPortValidateInterruptPriority
 .text.pvPortMalloc
                0x08013318      0x1a4 ./Middlewares/Third_Party/FreeRTOS/Source/portable/MemMang/heap_4.o
                0x08013318                pvPortMalloc
 .text.vPortFree
                0x080134bc       0xc0 ./Middlewares/Third_Party/FreeRTOS/Source/portable/MemMang/heap_4.o
                0x080134bc                vPortFree
 .text.prvHeapInit
                0x0801357c       0xc4 ./Middlewares/Third_Party/FreeRTOS/Source/portable/MemMang/heap_4.o
 .text.prvInsertBlockIntoFreeList
                0x08013640       0xb4 ./Middlewares/Third_Party/FreeRTOS/Source/portable/MemMang/heap_4.o
 .text.malloc   0x080136f4       0x10 C:/ST/STM32CubeIDE_1.14.1/STM32CubeIDE/plugins/com.st.stm32cube.ide.mcu.externaltools.gnu-tools-for-stm32.12.3.rel1.win32_1.0.100.202403111256/tools/bin/../lib/gcc/arm-none-eabi/12.3.1/../../../../arm-none-eabi/lib/thumb/v7e-m+fp/hard\libc_nano.a(libc_a-malloc.o)
                0x080136f4                malloc
 .text.sbrk_aligned
                0x08013704       0x44 C:/ST/STM32CubeIDE_1.14.1/STM32CubeIDE/plugins/com.st.stm32cube.ide.mcu.externaltools.gnu-tools-for-stm32.12.3.rel1.win32_1.0.100.202403111256/tools/bin/../lib/gcc/arm-none-eabi/12.3.1/../../../../arm-none-eabi/lib/thumb/v7e-m+fp/hard\libc_nano.a(libc_a-mallocr.o)
 .text._malloc_r
                0x08013748      0x100 C:/ST/STM32CubeIDE_1.14.1/STM32CubeIDE/plugins/com.st.stm32cube.ide.mcu.externaltools.gnu-tools-for-stm32.12.3.rel1.win32_1.0.100.202403111256/tools/bin/../lib/gcc/arm-none-eabi/12.3.1/../../../../arm-none-eabi/lib/thumb/v7e-m+fp/hard\libc_nano.a(libc_a-mallocr.o)
                0x08013748                _malloc_r
 .text.__malloc_lock
                0x08013848        0xc C:/ST/STM32CubeIDE_1.14.1/STM32CubeIDE/plugins/com.st.stm32cube.ide.mcu.externaltools.gnu-tools-for-stm32.12.3.rel1.win32_1.0.100.202403111256/tools/bin/../lib/gcc/arm-none-eabi/12.3.1/../../../../arm-none-eabi/lib/thumb/v7e-m+fp/hard\libc_nano.a(libc_a-mlock.o)
                0x08013848                __malloc_lock
 .text.__malloc_unlock
                0x08013854        0xc C:/ST/STM32CubeIDE_1.14.1/STM32CubeIDE/plugins/com.st.stm32cube.ide.mcu.externaltools.gnu-tools-for-stm32.12.3.rel1.win32_1.0.100.202403111256/tools/bin/../lib/gcc/arm-none-eabi/12.3.1/../../../../arm-none-eabi/lib/thumb/v7e-m+fp/hard\libc_nano.a(libc_a-mlock.o)
                0x08013854                __malloc_unlock
 .text.memset   0x08013860       0x10 C:/ST/STM32CubeIDE_1.14.1/STM32CubeIDE/plugins/com.st.stm32cube.ide.mcu.externaltools.gnu-tools-for-stm32.12.3.rel1.win32_1.0.100.202403111256/tools/bin/../lib/gcc/arm-none-eabi/12.3.1/../../../../arm-none-eabi/lib/thumb/v7e-m+fp/hard\libc_nano.a(libc_a-memset.o)
                0x08013860                memset
 .text._sbrk_r  0x08013870       0x20 C:/ST/STM32CubeIDE_1.14.1/STM32CubeIDE/plugins/com.st.stm32cube.ide.mcu.externaltools.gnu-tools-for-stm32.12.3.rel1.win32_1.0.100.202403111256/tools/bin/../lib/gcc/arm-none-eabi/12.3.1/../../../../arm-none-eabi/lib/thumb/v7e-m+fp/hard\libc_nano.a(libc_a-sbrkr.o)
                0x08013870                _sbrk_r
 .text.__errno  0x08013890        0xc C:/ST/STM32CubeIDE_1.14.1/STM32CubeIDE/plugins/com.st.stm32cube.ide.mcu.externaltools.gnu-tools-for-stm32.12.3.rel1.win32_1.0.100.202403111256/tools/bin/../lib/gcc/arm-none-eabi/12.3.1/../../../../arm-none-eabi/lib/thumb/v7e-m+fp/hard\libc_nano.a(libc_a-errno.o)
                0x08013890                __errno
 .text.__libc_init_array
                0x0801389c       0x48 C:/ST/STM32CubeIDE_1.14.1/STM32CubeIDE/plugins/com.st.stm32cube.ide.mcu.externaltools.gnu-tools-for-stm32.12.3.rel1.win32_1.0.100.202403111256/tools/bin/../lib/gcc/arm-none-eabi/12.3.1/../../../../arm-none-eabi/lib/thumb/v7e-m+fp/hard\libc_nano.a(libc_a-init.o)
                0x0801389c                __libc_init_array
 .text.__retarget_lock_acquire_recursive
                0x080138e4        0x2 C:/ST/STM32CubeIDE_1.14.1/STM32CubeIDE/plugins/com.st.stm32cube.ide.mcu.externaltools.gnu-tools-for-stm32.12.3.rel1.win32_1.0.100.202403111256/tools/bin/../lib/gcc/arm-none-eabi/12.3.1/../../../../arm-none-eabi/lib/thumb/v7e-m+fp/hard\libc_nano.a(libc_a-lock.o)
                0x080138e4                __retarget_lock_acquire_recursive
 .text.__retarget_lock_release_recursive
                0x080138e6        0x2 C:/ST/STM32CubeIDE_1.14.1/STM32CubeIDE/plugins/com.st.stm32cube.ide.mcu.externaltools.gnu-tools-for-stm32.12.3.rel1.win32_1.0.100.202403111256/tools/bin/../lib/gcc/arm-none-eabi/12.3.1/../../../../arm-none-eabi/lib/thumb/v7e-m+fp/hard\libc_nano.a(libc_a-lock.o)
                0x080138e6                __retarget_lock_release_recursive
 .text.memcpy   0x080138e8       0x1c C:/ST/STM32CubeIDE_1.14.1/STM32CubeIDE/plugins/com.st.stm32cube.ide.mcu.externaltools.gnu-tools-for-stm32.12.3.rel1.win32_1.0.100.202403111256/tools/bin/../lib/gcc/arm-none-eabi/12.3.1/../../../../arm-none-eabi/lib/thumb/v7e-m+fp/hard\libc_nano.a(libc_a-memcpy-stub.o)
                0x080138e8                memcpy
 *(.glue_7)
 .glue_7        0x08013904        0x0 linker stubs
 *(.glue_7t)
 .glue_7t       0x08013904        0x0 linker stubs
 *(.eh_frame)
 .eh_frame      0x08013904        0x0 C:/ST/STM32CubeIDE_1.14.1/STM32CubeIDE/plugins/com.st.stm32cube.ide.mcu.externaltools.gnu-tools-for-stm32.12.3.rel1.win32_1.0.100.202403111256/tools/bin/../lib/gcc/arm-none-eabi/12.3.1/thumb/v7e-m+fp/hard/crtbegin.o
 *(.init)
 .init          0x08013904        0x4 C:/ST/STM32CubeIDE_1.14.1/STM32CubeIDE/plugins/com.st.stm32cube.ide.mcu.externaltools.gnu-tools-for-stm32.12.3.rel1.win32_1.0.100.202403111256/tools/bin/../lib/gcc/arm-none-eabi/12.3.1/thumb/v7e-m+fp/hard/crti.o
                0x08013904                _init
 .init          0x08013908        0x8 C:/ST/STM32CubeIDE_1.14.1/STM32CubeIDE/plugins/com.st.stm32cube.ide.mcu.externaltools.gnu-tools-for-stm32.12.3.rel1.win32_1.0.100.202403111256/tools/bin/../lib/gcc/arm-none-eabi/12.3.1/thumb/v7e-m+fp/hard/crtn.o
 *(.fini)
 .fini          0x08013910        0x4 C:/ST/STM32CubeIDE_1.14.1/STM32CubeIDE/plugins/com.st.stm32cube.ide.mcu.externaltools.gnu-tools-for-stm32.12.3.rel1.win32_1.0.100.202403111256/tools/bin/../lib/gcc/arm-none-eabi/12.3.1/thumb/v7e-m+fp/hard/crti.o
                0x08013910                _fini
 .fini          0x08013914        0x8 C:/ST/STM32CubeIDE_1.14.1/STM32CubeIDE/plugins/com.st.stm32cube.ide.mcu.externaltools.gnu-tools-for-stm32.12.3.rel1.win32_1.0.100.202403111256/tools/bin/../lib/gcc/arm-none-eabi/12.3.1/thumb/v7e-m+fp/hard/crtn.o
                0x0801391c                        . = ALIGN (0x4)
                0x0801391c                        _etext = .

.vfp11_veneer   0x0801391c        0x0
 .vfp11_veneer  0x0801391c        0x0 linker stubs

.v4_bx          0x0801391c        0x0
 .v4_bx         0x0801391c        0x0 linker stubs

.iplt           0x0801391c        0x0
 .iplt          0x0801391c        0x0 C:/ST/STM32CubeIDE_1.14.1/STM32CubeIDE/plugins/com.st.stm32cube.ide.mcu.externaltools.gnu-tools-for-stm32.12.3.rel1.win32_1.0.100.202403111256/tools/bin/../lib/gcc/arm-none-eabi/12.3.1/thumb/v7e-m+fp/hard/crtbegin.o

.rodata         0x0801391c     0x295c
                0x0801391c                        . = ALIGN (0x4)
 *(.rodata)
 .rodata        0x0801391c       0x44 ./Core/Src/ff.o
 .rodata        0x08013960      0x1b2 ./Core/Src/main.o
 *fill*         0x08013b12        0x2 
 .rodata        0x08013b14       0x10 ./FATFS/Target/sd_diskio.o
 .rodata        0x08013b24        0x5 ./Middlewares/Third_Party/FreeRTOS/Source/tasks.o
 *(.rodata*)
 *fill*         0x08013b29        0x3 
 .rodata.ExCvt  0x08013b2c       0x80 ./Core/Src/ff.o
 .rodata.Font24_Table
                0x08013bac     0x1ab8 ./Core/Src/stm32746g_discovery_lcd.o
                0x08013bac                Font24_Table
 .rodata.Font16_Table
                0x08015664      0xbe0 ./Core/Src/stm32746g_discovery_lcd.o
                0x08015664                Font16_Table
 .rodata.AHBPrescTable
                0x08016244       0x10 ./Core/Src/system_stm32f7xx.o
                0x08016244                AHBPrescTable
 .rodata.APBPrescTable
                0x08016254        0x8 ./Core/Src/system_stm32f7xx.o
                0x08016254                APBPrescTable
 .rodata.flagBitshiftOffset.0
                0x0801625c        0x8 ./Drivers/STM32F7xx_HAL_Driver/Src/stm32f7xx_hal_dma.o
 .rodata.SD_Driver
                0x08016264       0x14 ./FATFS/Target/sd_diskio.o
                0x08016264                SD_Driver
                0x08016278                        . = ALIGN (0x4)

.ARM.extab      0x08016278        0x0
                0x08016278                        . = ALIGN (0x4)
 *(.ARM.extab* .gnu.linkonce.armextab.*)
                0x08016278                        . = ALIGN (0x4)

.ARM            0x08016278        0x8
                0x08016278                        . = ALIGN (0x4)
                0x08016278                        __exidx_start = .
 *(.ARM.exidx*)
 .ARM.exidx     0x08016278        0x8 C:/ST/STM32CubeIDE_1.14.1/STM32CubeIDE/plugins/com.st.stm32cube.ide.mcu.externaltools.gnu-tools-for-stm32.12.3.rel1.win32_1.0.100.202403111256/tools/bin/../lib/gcc/arm-none-eabi/12.3.1/thumb/v7e-m+fp/hard\libgcc.a(_udivmoddi4.o)
                0x08016280                        __exidx_end = .
                0x08016280                        . = ALIGN (0x4)

.rel.dyn        0x08016280        0x0
 .rel.iplt      0x08016280        0x0 C:/ST/STM32CubeIDE_1.14.1/STM32CubeIDE/plugins/com.st.stm32cube.ide.mcu.externaltools.gnu-tools-for-stm32.12.3.rel1.win32_1.0.100.202403111256/tools/bin/../lib/gcc/arm-none-eabi/12.3.1/thumb/v7e-m+fp/hard/crtbegin.o

.preinit_array  0x08016280        0x0
                0x08016280                        . = ALIGN (0x4)
                0x08016280                        PROVIDE (__preinit_array_start = .)
 *(.preinit_array*)
                0x08016280                        PROVIDE (__preinit_array_end = .)
                0x08016280                        . = ALIGN (0x4)

.init_array     0x08016280        0x4
                0x08016280                        . = ALIGN (0x4)
                0x08016280                        PROVIDE (__init_array_start = .)
 *(SORT_BY_NAME(.init_array.*))
 *(.init_array*)
 .init_array    0x08016280        0x4 C:/ST/STM32CubeIDE_1.14.1/STM32CubeIDE/plugins/com.st.stm32cube.ide.mcu.externaltools.gnu-tools-for-stm32.12.3.rel1.win32_1.0.100.202403111256/tools/bin/../lib/gcc/arm-none-eabi/12.3.1/thumb/v7e-m+fp/hard/crtbegin.o
                0x08016284                        PROVIDE (__init_array_end = .)
                0x08016284                        . = ALIGN (0x4)

.fini_array     0x08016284        0x4
                0x08016284                        . = ALIGN (0x4)
                [!provide]                        PROVIDE (__fini_array_start = .)
 *(SORT_BY_NAME(.fini_array.*))
 *(.fini_array*)
 .fini_array    0x08016284        0x4 C:/ST/STM32CubeIDE_1.14.1/STM32CubeIDE/plugins/com.st.stm32cube.ide.mcu.externaltools.gnu-tools-for-stm32.12.3.rel1.win32_1.0.100.202403111256/tools/bin/../lib/gcc/arm-none-eabi/12.3.1/thumb/v7e-m+fp/hard/crtbegin.o
                [!provide]                        PROVIDE (__fini_array_end = .)
                0x08016288                        . = ALIGN (0x4)
                0x08016288                        _sidata = LOADADDR (.data)

.data           0x20000000       0xdc load address 0x08016288
                0x20000000                        . = ALIGN (0x4)
                0x20000000                        _sdata = .
 *(.data)
 *(.data*)
 .data.ft5336_ts_drv
                0x20000000       0x28 ./Core/Src/ft5336.o
                0x20000000                ft5336_ts_drv
 .data.Nb_octets_seconde
                0x20000028        0x4 ./Core/Src/main.o
                0x20000028                Nb_octets_seconde
 .data.Font24   0x2000002c        0x8 ./Core/Src/stm32746g_discovery_lcd.o
                0x2000002c                Font24
 .data.Font16   0x20000034        0x8 ./Core/Src/stm32746g_discovery_lcd.o
                0x20000034                Font16
 .data.sdramstatus.3
                0x2000003c        0x1 ./Core/Src/stm32746g_discovery_sdram.o
 *fill*         0x2000003d        0x3 
 .data.SystemCoreClock
                0x20000040        0x4 ./Core/Src/system_stm32f7xx.o
                0x20000040                SystemCoreClock
 .data.wm8994_drv
                0x20000044       0x38 ./Core/Src/wm8994.o
                0x20000044                wm8994_drv
 .data.ColdStartup
                0x2000007c        0x1 ./Core/Src/wm8994.o
 *fill*         0x2000007d        0x3 
 .data.uwTickPrio