Archive member included to satisfy reference by file (symbol)

/opt/st/stm32cubeide_1.15.0/plugins/com.st.stm32cube.ide.mcu.externaltools.gnu-tools-for-stm32.12.3.rel1.linux64_1.0.100.202403111256/tools/bin/../lib/gcc/arm-none-eabi/12.3.1/../../../../arm-none-eabi/lib/thumb/v7e-m+fp/hard/libc_nano.a(libc_a-exit.o)
                              /opt/st/stm32cubeide_1.15.0/plugins/com.st.stm32cube.ide.mcu.externaltools.gnu-tools-for-stm32.12.3.rel1.linux64_1.0.100.202403111256/tools/bin/../lib/gcc/arm-none-eabi/12.3.1/../../../../arm-none-eabi/lib/thumb/v7e-m+fp/hard/crt0.o (exit)
/opt/st/stm32cubeide_1.15.0/plugins/com.st.stm32cube.ide.mcu.externaltools.gnu-tools-for-stm32.12.3.rel1.linux64_1.0.100.202403111256/tools/bin/../lib/gcc/arm-none-eabi/12.3.1/../../../../arm-none-eabi/lib/thumb/v7e-m+fp/hard/libc_nano.a(libc_a-findfp.o)
                              /opt/st/stm32cubeide_1.15.0/plugins/com.st.stm32cube.ide.mcu.externaltools.gnu-tools-for-stm32.12.3.rel1.linux64_1.0.100.202403111256/tools/bin/../lib/gcc/arm-none-eabi/12.3.1/../../../../arm-none-eabi/lib/thumb/v7e-m+fp/hard/libc_nano.a(libc_a-exit.o) (__stdio_exit_handler)
/opt/st/stm32cubeide_1.15.0/plugins/com.st.stm32cube.ide.mcu.externaltools.gnu-tools-for-stm32.12.3.rel1.linux64_1.0.100.202403111256/tools/bin/../lib/gcc/arm-none-eabi/12.3.1/../../../../arm-none-eabi/lib/thumb/v7e-m+fp/hard/libc_nano.a(libc_a-fwalk.o)
                              /opt/st/stm32cubeide_1.15.0/plugins/com.st.stm32cube.ide.mcu.externaltools.gnu-tools-for-stm32.12.3.rel1.linux64_1.0.100.202403111256/tools/bin/../lib/gcc/arm-none-eabi/12.3.1/../../../../arm-none-eabi/lib/thumb/v7e-m+fp/hard/libc_nano.a(libc_a-findfp.o) (_fwalk_sglue)
/opt/st/stm32cubeide_1.15.0/plugins/com.st.stm32cube.ide.mcu.externaltools.gnu-tools-for-stm32.12.3.rel1.linux64_1.0.100.202403111256/tools/bin/../lib/gcc/arm-none-eabi/12.3.1/../../../../arm-none-eabi/lib/thumb/v7e-m+fp/hard/libc_nano.a(libc_a-sprintf.o)
                              ./Core/Src/main.o (sprintf)
/opt/st/stm32cubeide_1.15.0/plugins/com.st.stm32cube.ide.mcu.externaltools.gnu-tools-for-stm32.12.3.rel1.linux64_1.0.100.202403111256/tools/bin/../lib/gcc/arm-none-eabi/12.3.1/../../../../arm-none-eabi/lib/thumb/v7e-m+fp/hard/libc_nano.a(libc_a-stdio.o)
                              /opt/st/stm32cubeide_1.15.0/plugins/com.st.stm32cube.ide.mcu.externaltools.gnu-tools-for-stm32.12.3.rel1.linux64_1.0.100.202403111256/tools/bin/../lib/gcc/arm-none-eabi/12.3.1/../../../../arm-none-eabi/lib/thumb/v7e-m+fp/hard/libc_nano.a(libc_a-findfp.o) (__sread)
/opt/st/stm32cubeide_1.15.0/plugins/com.st.stm32cube.ide.mcu.externaltools.gnu-tools-for-stm32.12.3.rel1.linux64_1.0.100.202403111256/tools/bin/../lib/gcc/arm-none-eabi/12.3.1/../../../../arm-none-eabi/lib/thumb/v7e-m+fp/hard/libc_nano.a(libc_a-memset.o)
                              /opt/st/stm32cubeide_1.15.0/plugins/com.st.stm32cube.ide.mcu.externaltools.gnu-tools-for-stm32.12.3.rel1.linux64_1.0.100.202403111256/tools/bin/../lib/gcc/arm-none-eabi/12.3.1/../../../../arm-none-eabi/lib/thumb/v7e-m+fp/hard/crt0.o (memset)
/opt/st/stm32cubeide_1.15.0/plugins/com.st.stm32cube.ide.mcu.externaltools.gnu-tools-for-stm32.12.3.rel1.linux64_1.0.100.202403111256/tools/bin/../lib/gcc/arm-none-eabi/12.3.1/../../../../arm-none-eabi/lib/thumb/v7e-m+fp/hard/libc_nano.a(libc_a-closer.o)
                              /opt/st/stm32cubeide_1.15.0/plugins/com.st.stm32cube.ide.mcu.externaltools.gnu-tools-for-stm32.12.3.rel1.linux64_1.0.100.202403111256/tools/bin/../lib/gcc/arm-none-eabi/12.3.1/../../../../arm-none-eabi/lib/thumb/v7e-m+fp/hard/libc_nano.a(libc_a-stdio.o) (_close_r)
/opt/st/stm32cubeide_1.15.0/plugins/com.st.stm32cube.ide.mcu.externaltools.gnu-tools-for-stm32.12.3.rel1.linux64_1.0.100.202403111256/tools/bin/../lib/gcc/arm-none-eabi/12.3.1/../../../../arm-none-eabi/lib/thumb/v7e-m+fp/hard/libc_nano.a(libc_a-reent.o)
                              /opt/st/stm32cubeide_1.15.0/plugins/com.st.stm32cube.ide.mcu.externaltools.gnu-tools-for-stm32.12.3.rel1.linux64_1.0.100.202403111256/tools/bin/../lib/gcc/arm-none-eabi/12.3.1/../../../../arm-none-eabi/lib/thumb/v7e-m+fp/hard/libc_nano.a(libc_a-closer.o) (errno)
/opt/st/stm32cubeide_1.15.0/plugins/com.st.stm32cube.ide.mcu.externaltools.gnu-tools-for-stm32.12.3.rel1.linux64_1.0.100.202403111256/tools/bin/../lib/gcc/arm-none-eabi/12.3.1/../../../../arm-none-eabi/lib/thumb/v7e-m+fp/hard/libc_nano.a(libc_a-impure.o)
                              /opt/st/stm32cubeide_1.15.0/plugins/com.st.stm32cube.ide.mcu.externaltools.gnu-tools-for-stm32.12.3.rel1.linux64_1.0.100.202403111256/tools/bin/../lib/gcc/arm-none-eabi/12.3.1/../../../../arm-none-eabi/lib/thumb/v7e-m+fp/hard/libc_nano.a(libc_a-sprintf.o) (_impure_ptr)
/opt/st/stm32cubeide_1.15.0/plugins/com.st.stm32cube.ide.mcu.externaltools.gnu-tools-for-stm32.12.3.rel1.linux64_1.0.100.202403111256/tools/bin/../lib/gcc/arm-none-eabi/12.3.1/../../../../arm-none-eabi/lib/thumb/v7e-m+fp/hard/libc_nano.a(libc_a-lseekr.o)
[...]
Memory Configuration

Name             Origin             Length             Attributes
RAM              0x20000000         0x00050000         xrw
FLASH            0x08000000         0x00100000         xr
*default*        0x00000000         0xffffffff

Linker script and memory map

LOAD /opt/st/stm32cubeide_1.15.0/plugins/com.st.stm32cube.ide.mcu.externaltools.gnu-tools-for-stm32.12.3.rel1.linux64_1.0.100.202403111256/tools/bin/../lib/gcc/arm-none-eabi/12.3.1/thumb/v7e-m+fp/hard/crti.o
LOAD /opt/st/stm32cubeide_1.15.0/plugins/com.st.stm32cube.ide.mcu.externaltools.gnu-tools-for-stm32.12.3.rel1.linux64_1.0.100.202403111256/tools/bin/../lib/gcc/arm-none-eabi/12.3.1/thumb/v7e-m+fp/hard/crtbegin.o
LOAD /opt/st/stm32cubeide_1.15.0/plugins/com.st.stm32cube.ide.mcu.externaltools.gnu-tools-for-stm32.12.3.rel1.linux64_1.0.100.202403111256/tools/bin/../lib/gcc/arm-none-eabi/12.3.1/../../../../arm-none-eabi/lib/thumb/v7e-m+fp/hard/crt0.o
LOAD ./Core/Src/adc.o
LOAD ./Core/Src/dac.o
LOAD ./Core/Src/dma2d.o
LOAD ./Core/Src/fmc.o
LOAD ./Core/Src/freertos.o
LOAD ./Core/Src/ft5336.o
LOAD ./Core/Src/gpio.o
LOAD ./Core/Src/i2c.o
LOAD ./Core/Src/ltdc.o
LOAD ./Core/Src/main.o
LOAD ./Core/Src/rtc.o
LOAD ./Core/Src/spi.o
LOAD ./Core/Src/stm32746g_discovery.o
LOAD ./Core/Src/stm32746g_discovery_lcd.o
LOAD ./Core/Src/stm32746g_discovery_sdram.o
LOAD ./Core/Src/stm32746g_discovery_ts.o
LOAD ./Core/Src/stm32f7xx_hal_msp.o
LOAD ./Core/Src/stm32f7xx_hal_timebase_tim.o
LOAD ./Core/Src/stm32f7xx_it.o
LOAD ./Core/Src/syscalls.o
LOAD ./Core/Src/sysmem.o
LOAD ./Core/Src/system_stm32f7xx.o
LOAD ./Core/Src/tim.o
LOAD ./Core/Src/usart.o
LOAD ./Core/Startup/startup_stm32f746nghx.o
LOAD ./Drivers/STM32F7xx_HAL_Driver/Src/stm32f7xx_hal.o
LOAD ./Drivers/STM32F7xx_HAL_Driver/Src/stm32f7xx_hal_adc.o
LOAD ./Drivers/STM32F7xx_HAL_Driver/Src/stm32f7xx_hal_adc_ex.o
LOAD ./Drivers/STM32F7xx_HAL_Driver/Src/stm32f7xx_hal_cortex.o
LOAD ./Drivers/STM32F7xx_HAL_Driver/Src/stm32f7xx_hal_dac.o
LOAD ./Drivers/STM32F7xx_HAL_Driver/Src/stm32f7xx_hal_dac_ex.o
LOAD ./Drivers/STM32F7xx_HAL_Driver/Src/stm32f7xx_hal_dma.o
LOAD ./Drivers/STM32F7xx_HAL_Driver/Src/stm32f7xx_hal_dma2d.o
LOAD ./Drivers/STM32F7xx_HAL_Driver/Src/stm32f7xx_hal_dma_ex.o
LOAD ./Drivers/STM32F7xx_HAL_Driver/Src/stm32f7xx_hal_dsi.o
LOAD ./Drivers/STM32F7xx_HAL_Driver/Src/stm32f7xx_hal_exti.o
LOAD ./Drivers/STM32F7xx_HAL_Driver/Src/stm32f7xx_hal_flash.o
LOAD ./Drivers/STM32F7xx_HAL_Driver/Src/stm32f7xx_hal_flash_ex.o
LOAD ./Drivers/STM32F7xx_HAL_Driver/Src/stm32f7xx_hal_gpio.o
LOAD ./Drivers/STM32F7xx_HAL_Driver/Src/stm32f7xx_hal_i2c.o
LOAD ./Drivers/STM32F7xx_HAL_Driver/Src/stm32f7xx_hal_i2c_ex.o
LOAD ./Drivers/STM32F7xx_HAL_Driver/Src/stm32f7xx_hal_ltdc.o
LOAD ./Drivers/STM32F7xx_HAL_Driver/Src/stm32f7xx_hal_ltdc_ex.o
LOAD ./Drivers/STM32F7xx_HAL_Driver/Src/stm32f7xx_hal_pwr.o
LOAD ./Drivers/STM32F7xx_HAL_Driver/Src/stm32f7xx_hal_pwr_ex.o
LOAD ./Drivers/STM32F7xx_HAL_Driver/Src/stm32f7xx_hal_rcc.o
LOAD ./Drivers/STM32F7xx_HAL_Driver/Src/stm32f7xx_hal_rcc_ex.o
LOAD ./Drivers/STM32F7xx_HAL_Driver/Src/stm32f7xx_hal_rtc.o
LOAD ./Drivers/STM32F7xx_HAL_Driver/Src/stm32f7xx_hal_rtc_ex.o
LOAD ./Drivers/STM32F7xx_HAL_Driver/Src/stm32f7xx_hal_sdram.o
LOAD ./Drivers/STM32F7xx_HAL_Driver/Src/stm32f7xx_hal_spi.o
LOAD ./Drivers/STM32F7xx_HAL_Driver/Src/stm32f7xx_hal_spi_ex.o
LOAD ./Drivers/STM32F7xx_HAL_Driver/Src/stm32f7xx_hal_tim.o
LOAD ./Drivers/STM32F7xx_HAL_Driver/Src/stm32f7xx_hal_tim_ex.o
LOAD ./Drivers/STM32F7xx_HAL_Driver/Src/stm32f7xx_hal_uart.o
LOAD ./Drivers/STM32F7xx_HAL_Driver/Src/stm32f7xx_hal_uart_ex.o
LOAD ./Drivers/STM32F7xx_HAL_Driver/Src/stm32f7xx_ll_fmc.o
LOAD ./Middlewares/Third_Party/FreeRTOS/Source/CMSIS_RTOS/cmsis_os.o
LOAD ./Middlewares/Third_Party/FreeRTOS/Source/croutine.o
LOAD ./Middlewares/Third_Party/FreeRTOS/Source/event_groups.o
LOAD ./Middlewares/Third_Party/FreeRTOS/Source/list.o
LOAD ./Middlewares/Third_Party/FreeRTOS/Source/queue.o
LOAD ./Middlewares/Third_Party/FreeRTOS/Source/stream_buffer.o
LOAD ./Middlewares/Third_Party/FreeRTOS/Source/tasks.o
LOAD ./Middlewares/Third_Party/FreeRTOS/Source/timers.o
LOAD ./Middlewares/Third_Party/FreeRTOS/Source/portable/GCC/ARM_CM7/r0p1/port.o
LOAD ./Middlewares/Third_Party/FreeRTOS/Source/portable/MemMang/heap_4.o
START GROUP
LOAD /opt/st/stm32cubeide_1.15.0/plugins/com.st.stm32cube.ide.mcu.externaltools.gnu-tools-for-stm32.12.3.rel1.linux64_1.0.100.202403111256/tools/bin/../lib/gcc/arm-none-eabi/12.3.1/../../../../arm-none-eabi/lib/thumb/v7e-m+fp/hard/libc_nano.a
LOAD /opt/st/stm32cubeide_1.15.0/plugins/com.st.stm32cube.ide.mcu.externaltools.gnu-tools-for-stm32.12.3.rel1.linux64_1.0.100.202403111256/tools/bin/../lib/gcc/arm-none-eabi/12.3.1/../../../../arm-none-eabi/lib/thumb/v7e-m+fp/hard/libm.a
END GROUP
START GROUP
LOAD /opt/st/stm32cubeide_1.15.0/plugins/com.st.stm32cube.ide.mcu.externaltools.gnu-tools-for-stm32.12.3.rel1.linux64_1.0.100.202403111256/tools/bin/../lib/gcc/arm-none-eabi/12.3.1/thumb/v7e-m+fp/hard/libgcc.a
LOAD /opt/st/stm32cubeide_1.15.0/plugins/com.st.stm32cube.ide.mcu.externaltools.gnu-tools-for-stm32.12.3.rel1.linux64_1.0.100.202403111256/tools/bin/../lib/gcc/arm-none-eabi/12.3.1/../../../../arm-none-eabi/lib/thumb/v7e-m+fp/hard/libc_nano.a
END GROUP
START GROUP
LOAD /opt/st/stm32cubeide_1.15.0/plugins/com.st.stm32cube.ide.mcu.externaltools.gnu-tools-for-stm32.12.3.rel1.linux64_1.0.100.202403111256/tools/bin/../lib/gcc/arm-none-eabi/12.3.1/thumb/v7e-m+fp/hard/libgcc.a
LOAD /opt/st/stm32cubeide_1.15.0/plugins/com.st.stm32cube.ide.mcu.externaltools.gnu-tools-for-stm32.12.3.rel1.linux64_1.0.100.202403111256/tools/bin/../lib/gcc/arm-none-eabi/12.3.1/../../../../arm-none-eabi/lib/thumb/v7e-m+fp/hard/libc_nano.a
LOAD /opt/st/stm32cubeide_1.15.0/plugins/com.st.stm32cube.ide.mcu.externaltools.gnu-tools-for-stm32.12.3.rel1.linux64_1.0.100.202403111256/tools/bin/../lib/gcc/arm-none-eabi/12.3.1/../../../../arm-none-eabi/lib/thumb/v7e-m+fp/hard/libnosys.a
END GROUP
START GROUP
LOAD /opt/st/stm32cubeide_1.15.0/plugins/com.st.stm32cube.ide.mcu.externaltools.gnu-tools-for-stm32.12.3.rel1.linux64_1.0.100.202403111256/tools/bin/../lib/gcc/arm-none-eabi/12.3.1/thumb/v7e-m+fp/hard/libgcc.a
LOAD /opt/st/stm32cubeide_1.15.0/plugins/com.st.stm32cube.ide.mcu.externaltools.gnu-tools-for-stm32.12.3.rel1.linux64_1.0.100.202403111256/tools/bin/../lib/gcc/arm-none-eabi/12.3.1/../../../../arm-none-eabi/lib/thumb/v7e-m+fp/hard/libc_nano.a
LOAD /opt/st/stm32cubeide_1.15.0/plugins/com.st.stm32cube.ide.mcu.externaltools.gnu-tools-for-stm32.12.3.rel1.linux64_1.0.100.202403111256/tools/bin/../lib/gcc/arm-none-eabi/12.3.1/../../../../arm-none-eabi/lib/thumb/v7e-m+fp/hard/libnosys.a
END GROUP
LOAD /opt/st/stm32cubeide_1.15.0/plugins/com.st.stm32cube.ide.mcu.externaltools.gnu-tools-for-stm32.12.3.rel1.linux64_1.0.100.202403111256/tools/bin/../lib/gcc/arm-none-eabi/12.3.1/thumb/v7e-m+fp/hard/crtend.o
LOAD /opt/st/stm32cubeide_1.15.0/plugins/com.st.stm32cube.ide.mcu.externaltools.gnu-tools-for-stm32.12.3.rel1.linux64_1.0.100.202403111256/tools/bin/../lib/gcc/arm-none-eabi/12.3.1/thumb/v7e-m+fp/hard/crtn.o
                0x20050000                        _estack = (ORIGIN (RAM) + LENGTH (RAM))
                0x00000200                        _Min_Heap_Size = 0x200
                0x00000400                        _Min_Stack_Size = 0x400

.isr_vector     0x08000000      0x1c8
                0x08000000                        . = ALIGN (0x4)
 *(.isr_vector)
 .isr_vector    0x08000000      0x1c8 ./Core/Startup/startup_stm32f746nghx.o
                0x08000000                g_pfnVectors
                0x080001c8                        . = ALIGN (0x4)

.text           0x080001d0     0xc528
                0x080001d0                        . = ALIGN (0x4)
 *(.text)
 .text          0x080001d0       0x40 /opt/st/stm32cubeide_1.15.0/plugins/com.st.stm32cube.ide.mcu.externaltools.gnu-tools-for-stm32.12.3.rel1.linux64_1.0.100.202403111256/tools/bin/../lib/gcc/arm-none-eabi/12.3.1/thumb/v7e-m+fp/hard/crtbegin.o
 .text          0x08000210       0xa0 /opt/st/stm32cubeide_1.15.0/plugins/com.st.stm32cube.ide.mcu.externaltools.gnu-tools-for-stm32.12.3.rel1.linux64_1.0.100.202403111256/tools/bin/../lib/gcc/arm-none-eabi/12.3.1/../../../../arm-none-eabi/lib/thumb/v7e-m+fp/hard/libc_nano.a(libc_a-memchr.o)
                0x08000210                memchr
 .text          0x080002b0       0x30 /opt/st/stm32cubeide_1.15.0/plugins/com.st.stm32cube.ide.mcu.externaltools.gnu-tools-for-stm32.12.3.rel1.linux64_1.0.100.202403111256/tools/bin/../lib/gcc/arm-none-eabi/12.3.1/thumb/v7e-m+fp/hard/libgcc.a(_aeabi_uldivmod.o)
                0x080002b0                __aeabi_uldivmod
 .text          0x080002e0      0x2bc /opt/st/stm32cubeide_1.15.0/plugins/com.st.stm32cube.ide.mcu.externaltools.gnu-tools-for-stm32.12.3.rel1.linux64_1.0.100.202403111256/tools/bin/../lib/gcc/arm-none-eabi/12.3.1/thumb/v7e-m+fp/hard/libgcc.a(_udivmoddi4.o)
                0x080002e0                __udivmoddi4
 .text          0x0800059c        0x4 /opt/st/stm32cubeide_1.15.0/plugins/com.st.stm32cube.ide.mcu.externaltools.gnu-tools-for-stm32.12.3.rel1.linux64_1.0.100.202403111256/tools/bin/../lib/gcc/arm-none-eabi/12.3.1/thumb/v7e-m+fp/hard/libgcc.a(_dvmd_tls.o)
                0x0800059c                __aeabi_ldiv0
                0x0800059c                __aeabi_idiv0
 *(.text*)
 .text.MX_ADC1_Init
                0x080005a0       0xa4 ./Core/Src/adc.o
                0x080005a0                MX_ADC1_Init
 .text.MX_ADC3_Init
                0x08000644       0xa4 ./Core/Src/adc.o
                0x08000644                MX_ADC3_Init
 .text.HAL_ADC_MspInit
                0x080006e8       0xdc ./Core/Src/adc.o
                0x080006e8                HAL_ADC_MspInit
 .text.MX_DAC_Init
                0x080007c4       0x54 ./Core/Src/dac.o
                0x080007c4                MX_DAC_Init
 .text.HAL_DAC_MspInit
                0x08000818       0x90 ./Core/Src/dac.o
                0x08000818                HAL_DAC_MspInit
 .text.MX_DMA2D_Init
                0x080008a8       0x64 ./Core/Src/dma2d.o
                0x080008a8                MX_DMA2D_Init
 .text.HAL_DMA2D_MspInit
                0x0800090c       0x4c ./Core/Src/dma2d.o
                0x0800090c                HAL_DMA2D_MspInit
 .text.MX_FMC_Init
                0x08000958       0xa0 ./Core/Src/fmc.o
                0x08000958                MX_FMC_Init
 .text.HAL_FMC_MspInit
                0x080009f8      0x120 ./Core/Src/fmc.o
 .text.HAL_SDRAM_MspInit
                0x08000b18       0x14 ./Core/Src/fmc.o
                0x08000b18                HAL_SDRAM_MspInit
 .text.vApplicationGetIdleTaskMemory
                0x08000b2c       0x34 ./Core/Src/freertos.o
                0x08000b2c                vApplicationGetIdleTaskMemory
 .text.MX_FREERTOS_Init
                0x08000b60       0x38 ./Core/Src/freertos.o
                0x08000b60                MX_FREERTOS_Init
 .text.StartDefaultTask
                0x08000b98       0x10 ./Core/Src/freertos.o
                0x08000b98                StartDefaultTask
 .text.ft5336_Init
                0x08000ba8       0x1c ./Core/Src/ft5336.o
                0x08000ba8                ft5336_Init
 .text.ft5336_Reset
                0x08000bc4       0x16 ./Core/Src/ft5336.o
                0x08000bc4                ft5336_Reset
 .text.ft5336_ReadID
                0x08000bda       0x5a ./Core/Src/ft5336.o
                0x08000bda                ft5336_ReadID
 .text.ft5336_TS_Start
                0x08000c34       0x22 ./Core/Src/ft5336.o
                0x08000c34                ft5336_TS_Start
 *fill*         0x08000c56        0x2 
 .text.ft5336_TS_DetectTouch
                0x08000c58       0x54 ./Core/Src/ft5336.o
                0x08000c58                ft5336_TS_DetectTouch
 .text.ft5336_TS_GetXY
                0x08000cac      0x1e0 ./Core/Src/ft5336.o
                0x08000cac                ft5336_TS_GetXY
 .text.ft5336_TS_EnableIT
                0x08000e8c       0x28 ./Core/Src/ft5336.o
                0x08000e8c                ft5336_TS_EnableIT
 .text.ft5336_TS_DisableIT
                0x08000eb4       0x28 ./Core/Src/ft5336.o
                0x08000eb4                ft5336_TS_DisableIT
 .text.ft5336_TS_ITStatus
                0x08000edc       0x18 ./Core/Src/ft5336.o
                0x08000edc                ft5336_TS_ITStatus
 .text.ft5336_TS_ClearIT
                0x08000ef4       0x16 ./Core/Src/ft5336.o
                0x08000ef4                ft5336_TS_ClearIT
 .text.ft5336_TS_GetGestureID
                0x08000f0a       0x32 ./Core/Src/ft5336.o
                0x08000f0a                ft5336_TS_GetGestureID
 .text.ft5336_TS_GetTouchInfo
                0x08000f3c      0x15c ./Core/Src/ft5336.o
                0x08000f3c                ft5336_TS_GetTouchInfo
 .text.ft5336_Get_I2C_InitializedStatus
                0x08001098       0x18 ./Core/Src/ft5336.o
 .text.ft5336_I2C_InitializeIfRequired
                0x080010b0       0x20 ./Core/Src/ft5336.o
 .text.ft5336_TS_Configure
                0x080010d0       0x1c ./Core/Src/ft5336.o
 .text.MX_GPIO_Init
                0x080010ec      0x580 ./Core/Src/gpio.o
                0x080010ec                MX_GPIO_Init
 .text.MX_I2C1_Init
                0x0800166c       0x80 ./Core/Src/i2c.o
                0x0800166c                MX_I2C1_Init
 .text.MX_I2C3_Init
                0x080016ec       0x80 ./Core/Src/i2c.o
                0x080016ec                MX_I2C3_Init
 .text.HAL_I2C_MspInit
                0x0800176c      0x150 ./Core/Src/i2c.o
                0x0800176c                HAL_I2C_MspInit
 .text.HAL_I2C_MspDeInit
                0x080018bc       0x78 ./Core/Src/i2c.o
                0x080018bc                HAL_I2C_MspDeInit
 .text.MX_LTDC_Init
                0x08001934      0x104 ./Core/Src/ltdc.o
                0x08001934                MX_LTDC_Init
 .text.HAL_LTDC_MspInit
                0x08001a38      0x204 ./Core/Src/ltdc.o
                0x08001a38                HAL_LTDC_MspInit
 .text.main     0x08001c3c      0x288 ./Core/Src/main.o
                0x08001c3c                main
 .text.SystemClock_Config
                0x08001ec4       0xe4 ./Core/Src/main.o
                0x08001ec4                SystemClock_Config
 .text.HAL_TIM_PeriodElapsedCallback
                0x08001fa8       0x24 ./Core/Src/main.o
                0x08001fa8                HAL_TIM_PeriodElapsedCallback
 .text.Error_Handler
                0x08001fcc        0xc ./Core/Src/main.o
                0x08001fcc                Error_Handler
 .text.MX_RTC_Init
                0x08001fd8      0x148 ./Core/Src/rtc.o
                0x08001fd8                MX_RTC_Init
 .text.HAL_RTC_MspInit
                0x08002120       0x5c ./Core/Src/rtc.o
                0x08002120                HAL_RTC_MspInit
 .text.MX_SPI2_Init
                0x0800217c       0x7c ./Core/Src/spi.o
                0x0800217c                MX_SPI2_Init
 .text.HAL_SPI_MspInit
                0x080021f8       0xc4 ./Core/Src/spi.o
                0x080021f8                HAL_SPI_MspInit
 .text.I2Cx_MspInit
                0x080022bc      0x160 ./Core/Src/stm32746g_discovery.o
 .text.I2Cx_Init
                0x0800241c       0x78 ./Core/Src/stm32746g_discovery.o
 .text.I2Cx_ReadMultiple
                0x08002494       0x5a ./Core/Src/stm32746g_discovery.o
 .text.I2Cx_WriteMultiple
                0x080024ee       0x5a ./Core/Src/stm32746g_discovery.o
 .text.I2Cx_Error
                0x08002548       0x20 ./Core/Src/stm32746g_discovery.o
 .text.TS_IO_Init
                0x08002568       0x14 ./Core/Src/stm32746g_discovery.o
                0x08002568                TS_IO_Init
 .text.TS_IO_Write
                0x0800257c       0x34 ./Core/Src/stm32746g_discovery.o
                0x0800257c                TS_IO_Write
 .text.TS_IO_Read
                0x080025b0       0x3c ./Core/Src/stm32746g_discovery.o
                0x080025b0                TS_IO_Read
 .text.TS_IO_Delay
                0x080025ec       0x16 ./Core/Src/stm32746g_discovery.o
                0x080025ec                TS_IO_Delay
 *fill*         0x08002602        0x2 
 .text.BSP_LCD_Init
                0x08002604       0xe0 ./Core/Src/stm32746g_discovery_lcd.o
                0x08002604                BSP_LCD_Init
 .text.BSP_LCD_GetXSize
                0x080026e4       0x28 ./Core/Src/stm32746g_discovery_lcd.o
                0x080026e4                BSP_LCD_GetXSize
 .text.BSP_LCD_GetYSize
                0x0800270c       0x28 ./Core/Src/stm32746g_discovery_lcd.o
                0x0800270c                BSP_LCD_GetYSize
 .text.BSP_LCD_LayerDefaultInit
                0x08002734       0xc0 ./Core/Src/stm32746g_discovery_lcd.o
                0x08002734                BSP_LCD_LayerDefaultInit
 .text.BSP_LCD_SelectLayer
                0x080027f4       0x20 ./Core/Src/stm32746g_discovery_lcd.o
                0x080027f4                BSP_LCD_SelectLayer
 .text.BSP_LCD_SetTextColor
                0x08002814       0x30 ./Core/Src/stm32746g_discovery_lcd.o
                0x08002814                BSP_LCD_SetTextColor
 .text.BSP_LCD_SetBackColor
                0x08002844       0x34 ./Core/Src/stm32746g_discovery_lcd.o
                0x08002844                BSP_LCD_SetBackColor
 .text.BSP_LCD_SetFont
                0x08002878       0x34 ./Core/Src/stm32746g_discovery_lcd.o
                0x08002878                BSP_LCD_SetFont
 .text.BSP_LCD_GetFont
                0x080028ac       0x2c ./Core/Src/stm32746g_discovery_lcd.o
                0x080028ac                BSP_LCD_GetFont
 .text.BSP_LCD_Clear
                0x080028d8       0x50 ./Core/Src/stm32746g_discovery_lcd.o
                0x080028d8                BSP_LCD_Clear
 .text.BSP_LCD_DisplayChar
                0x08002928       0x88 ./Core/Src/stm32746g_discovery_lcd.o
                0x08002928                BSP_LCD_DisplayChar
 .text.BSP_LCD_DisplayStringAt
                0x080029b0      0x190 ./Core/Src/stm32746g_discovery_lcd.o
                0x080029b0                BSP_LCD_DisplayStringAt
 .text.BSP_LCD_DisplayStringAtLine
                0x08002b40       0x2e ./Core/Src/stm32746g_discovery_lcd.o
                0x08002b40                BSP_LCD_DisplayStringAtLine
 *fill*         0x08002b6e        0x2 
 .text.BSP_LCD_DrawHLine
                0x08002b70       0xbc ./Core/Src/stm32746g_discovery_lcd.o
                0x08002b70                BSP_LCD_DrawHLine
 .text.BSP_LCD_DrawCircle
                0x08002c2c      0x1d4 ./Core/Src/stm32746g_discovery_lcd.o
                0x08002c2c                BSP_LCD_DrawCircle
 .text.BSP_LCD_DrawPixel
                0x08002e00       0x90 ./Core/Src/stm32746g_discovery_lcd.o
                0x08002e00                BSP_LCD_DrawPixel
 .text.BSP_LCD_DrawBitmap
                0x08002e90      0x164 ./Core/Src/stm32746g_discovery_lcd.o
                0x08002e90                BSP_LCD_DrawBitmap
 .text.BSP_LCD_FillCircle
                0x08002ff4      0x140 ./Core/Src/stm32746g_discovery_lcd.o
                0x08002ff4                BSP_LCD_FillCircle
 .text.BSP_LCD_DisplayOn
                0x08003134       0x3c ./Core/Src/stm32746g_discovery_lcd.o
                0x08003134                BSP_LCD_DisplayOn
 .text.BSP_LCD_MspInit
                0x08003170      0x1b4 ./Core/Src/stm32746g_discovery_lcd.o
                0x08003170                BSP_LCD_MspInit
 .text.BSP_LCD_ClockConfig
                0x08003324       0x38 ./Core/Src/stm32746g_discovery_lcd.o
                0x08003324                BSP_LCD_ClockConfig
 .text.DrawChar
                0x0800335c      0x170 ./Core/Src/stm32746g_discovery_lcd.o
 .text.LL_FillBuffer
                0x080034cc       0x98 ./Core/Src/stm32746g_discovery_lcd.o
 .text.LL_ConvertLineToARGB8888
                0x08003564       0x88 ./Core/Src/stm32746g_discovery_lcd.o
 .text.BSP_SDRAM_Init
                0x080035ec       0xbc ./Core/Src/stm32746g_discovery_sdram.o
                0x080035ec                BSP_SDRAM_Init
 .text.BSP_SDRAM_Initialization_sequence
                0x080036a8       0xc0 ./Core/Src/stm32746g_discovery_sdram.o
                0x080036a8                BSP_SDRAM_Initialization_sequence
 .text.BSP_SDRAM_MspInit
                0x08003768      0x1f0 ./Core/Src/stm32746g_discovery_sdram.o
                0x08003768                BSP_SDRAM_MspInit
 .text.BSP_TS_Init
                0x08003958       0x80 ./Core/Src/stm32746g_discovery_ts.o
                0x08003958                BSP_TS_Init
 .text.BSP_TS_GetState
                0x080039d8      0x378 ./Core/Src/stm32746g_discovery_ts.o
                0x080039d8                BSP_TS_GetState
 .text.BSP_TS_Get_GestureId
                0x08003d50      0x104 ./Core/Src/stm32746g_discovery_ts.o
                0x08003d50                BSP_TS_Get_GestureId
 .text.HAL_MspInit
                0x08003e54       0x50 ./Core/Src/stm32f7xx_hal_msp.o
                0x08003e54                HAL_MspInit
 .text.HAL_InitTick
                0x08003ea4       0xf4 ./Core/Src/stm32f7xx_hal_timebase_tim.o
                0x08003ea4                HAL_InitTick
 .text.NMI_Handler
                0x08003f98        0x8 ./Core/Src/stm32f7xx_it.o
                0x08003f98                NMI_Handler
 .text.HardFault_Handler
                0x08003fa0        0x8 ./Core/Src/stm32f7xx_it.o
                0x08003fa0                HardFault_Handler
 .text.MemManage_Handler
                0x08003fa8        0x8 ./Core/Src/stm32f7xx_it.o
                0x08003fa8                MemManage_Handler
 .text.BusFault_Handler
                0x08003fb0        0x8 ./Core/Src/stm32f7xx_it.o
                0x08003fb0                BusFault_Handler
 .text.UsageFault_Handler
                0x08003fb8        0x8 ./Core/Src/stm32f7xx_it.o
                0x08003fb8                UsageFault_Handler
 .text.DebugMon_Handler
                0x08003fc0        0xe ./Core/Src/stm32f7xx_it.o
                0x08003fc0                DebugMon_Handler
 *fill*         0x08003fce        0x2 
 .text.TIM6_DAC_IRQHandler
                0x08003fd0       0x28 ./Core/Src/stm32f7xx_it.o
                0x08003fd0                TIM6_DAC_IRQHandler
 .text.LTDC_IRQHandler
                0x08003ff8       0x14 ./Core/Src/stm32f7xx_it.o
                0x08003ff8                LTDC_IRQHandler
 .text.DMA2D_IRQHandler
                0x0800400c       0x14 ./Core/Src/stm32f7xx_it.o
                0x0800400c                DMA2D_IRQHandler
 .text._sbrk    0x08004020       0x6c ./Core/Src/sysmem.o
                0x08004020                _sbrk
 .text.SystemInit
                0x0800408c       0x24 ./Core/Src/system_stm32f7xx.o
                0x0800408c                SystemInit
 .text.MX_TIM1_Init
                0x080040b0       0xa8 ./Core/Src/tim.o
                0x080040b0                MX_TIM1_Init
 .text.MX_TIM2_Init
                0x08004158       0x9c ./Core/Src/tim.o
                0x08004158                MX_TIM2_Init
 .text.MX_TIM3_Init
                0x080041f4       0x9c ./Core/Src/tim.o
                0x080041f4                MX_TIM3_Init
 .text.MX_TIM5_Init
                0x08004290       0x9c ./Core/Src/tim.o
                0x08004290                MX_TIM5_Init
 .text.MX_TIM8_Init
                0x0800432c       0xa8 ./Core/Src/tim.o
                0x0800432c                MX_TIM8_Init
 .text.HAL_TIM_Base_MspInit
                0x080043d4      0x124 ./Core/Src/tim.o
                0x080043d4                HAL_TIM_Base_MspInit
 .text.MX_UART7_Init
                0x080044f8       0x60 ./Core/Src/usart.o
                0x080044f8                MX_UART7_Init
 .text.MX_USART1_UART_Init
                0x08004558       0x60 ./Core/Src/usart.o
                0x08004558                MX_USART1_UART_Init
 .text.MX_USART6_UART_Init
                0x080045b8       0x60 ./Core/Src/usart.o
                0x080045b8                MX_USART6_UART_Init
 .text.HAL_UART_MspInit
                0x08004618      0x220 ./Core/Src/usart.o
                0x08004618                HAL_UART_MspInit
 .text.Reset_Handler
                0x08004838       0x50 ./Core/Startup/startup_stm32f746nghx.o
                0x08004838                Reset_Handler
 .text.Default_Handler
                0x08004888        0x2 ./Core/Startup/startup_stm32f746nghx.o
                0x08004888                RTC_Alarm_IRQHandler
                0x08004888                EXTI2_IRQHandler
                0x08004888                TIM8_CC_IRQHandler
                0x08004888                UART8_IRQHandler
                0x08004888                SPI4_IRQHandler
                0x08004888                TIM1_CC_IRQHandler
                0x08004888                DMA2_Stream5_IRQHandler
                0x08004888                DMA1_Stream5_IRQHandler
                0x08004888                PVD_IRQHandler
                0x08004888                TAMP_STAMP_IRQHandler
                0x08004888                CAN2_RX1_IRQHandler
                0x08004888                EXTI3_IRQHandler
                0x08004888                TIM8_TRG_COM_TIM14_IRQHandler
                0x08004888                TIM1_UP_TIM10_IRQHandler
                0x08004888                TIM8_UP_TIM13_IRQHandler
                0x08004888                I2C3_ER_IRQHandler
                0x08004888                EXTI0_IRQHandler
                0x08004888                I2C2_EV_IRQHandler
                0x08004888                DMA1_Stream2_IRQHandler
                0x08004888                CAN1_RX0_IRQHandler
                0x08004888                FPU_IRQHandler
                0x08004888                OTG_HS_WKUP_IRQHandler
                0x08004888                LTDC_ER_IRQHandler
                0x08004888                CAN2_SCE_IRQHandler
                0x08004888                DMA2_Stream2_IRQHandler
                0x08004888                SPI1_IRQHandler
                0x08004888                TIM1_BRK_TIM9_IRQHandler
                0x08004888                DCMI_IRQHandler
                0x08004888                CAN2_RX0_IRQHandler
                0x08004888                DMA2_Stream3_IRQHandler
                0x08004888                SAI2_IRQHandler
                0x08004888                USART6_IRQHandler
                0x08004888                USART3_IRQHandler
                0x08004888                CAN1_RX1_IRQHandler
                0x08004888                UART5_IRQHandler
                0x08004888                DMA2_Stream0_IRQHandler
                0x08004888                TIM4_IRQHandler
                0x08004888                QUADSPI_IRQHandler
                0x08004888                I2C1_EV_IRQHandler
                0x08004888                DMA1_Stream6_IRQHandler
                0x08004888                DMA1_Stream1_IRQHandler
                0x08004888                UART4_IRQHandler
                0x08004888                TIM3_IRQHandler
                0x08004888                RCC_IRQHandler
                0x08004888                TIM8_BRK_TIM12_IRQHandler
                0x08004888                Default_Handler
                0x08004888                CEC_IRQHandler
                0x08004888                EXTI15_10_IRQHandler
                0x08004888                ADC_IRQHandler
                0x08004888                DMA1_Stream7_IRQHandler
                0x08004888                SPI5_IRQHandler
                0x08004888                TIM7_IRQHandler
                0x08004888                SDMMC1_IRQHandler
                0x08004888                CAN2_TX_IRQHandler
                0x08004888                TIM5_IRQHandler
                0x08004888                DMA2_Stream7_IRQHandler
                0x08004888                I2C3_EV_IRQHandler
                0x08004888                EXTI9_5_IRQHandler
                0x08004888                RTC_WKUP_IRQHandler
                0x08004888                ETH_WKUP_IRQHandler
                0x08004888                SPDIF_RX_IRQHandler
                0x08004888                SPI2_IRQHandler
                0x08004888                OTG_HS_EP1_IN_IRQHandler
                0x08004888                DMA1_Stream0_IRQHandler
                0x08004888                CAN1_TX_IRQHandler
                0x08004888                EXTI4_IRQHandler
                0x08004888                RNG_IRQHandler
                0x08004888                ETH_IRQHandler
                0x08004888                OTG_HS_EP1_OUT_IRQHandler
                0x08004888                WWDG_IRQHandler
                0x08004888                SPI6_IRQHandler
                0x08004888                I2C4_EV_IRQHandler
                0x08004888                TIM2_IRQHandler
                0x08004888                OTG_FS_WKUP_IRQHandler
                0x08004888                TIM1_TRG_COM_TIM11_IRQHandler
                0x08004888                OTG_HS_IRQHandler
                0x08004888                EXTI1_IRQHandler
                0x08004888                UART7_IRQHandler
                0x08004888                USART2_IRQHandler
                0x08004888                I2C2_ER_IRQHandler
                0x08004888                DMA2_Stream1_IRQHandler
                0x08004888                CAN1_SCE_IRQHandler
                0x08004888                FLASH_IRQHandler
                0x08004888                DMA2_Stream4_IRQHandler
                0x08004888                USART1_IRQHandler
                0x08004888                OTG_FS_IRQHandler
                0x08004888                SPI3_IRQHandler
                0x08004888                DMA1_Stream4_IRQHandler
                0x08004888                I2C1_ER_IRQHandler
                0x08004888                FMC_IRQHandler
                0x08004888                LPTIM1_IRQHandler
                0x08004888                I2C4_ER_IRQHandler
                0x08004888                DMA2_Stream6_IRQHandler
                0x08004888                SAI1_IRQHandler
                0x08004888                DMA1_Stream3_IRQHandler
 .text.HAL_Init
                0x0800488a       0x1a ./Drivers/STM32F7xx_HAL_Driver/Src/stm32f7xx_hal.o
                0x0800488a                HAL_Init
 .text.HAL_IncTick
                0x080048a4       0x28 ./Drivers/STM32F7xx_HAL_Driver/Src/stm32f7xx_hal.o
                0x080048a4                HAL_IncTick
 .text.HAL_GetTick
                0x080048cc       0x18 ./Drivers/STM32F7xx_HAL_Driver/Src/stm32f7xx_hal.o
                0x080048cc                HAL_GetTick
 .text.HAL_Delay
                0x080048e4       0x48 ./Drivers/STM32F7xx_HAL_Driver/Src/stm32f7xx_hal.o
                0x080048e4                HAL_Delay
 .text.HAL_ADC_Init
                0x0800492c       0x88 ./Drivers/STM32F7xx_HAL_Driver/Src/stm32f7xx_hal_adc.o
                0x0800492c                HAL_ADC_Init
 .text.HAL_ADC_Start
                0x080049b4      0x19c ./Drivers/STM32F7xx_HAL_Driver/Src/stm32f7xx_hal_adc.o
                0x080049b4                HAL_ADC_Start
 .text.HAL_ADC_PollForConversion
                0x08004b50      0x116 ./Drivers/STM32F7xx_HAL_Driver/Src/stm32f7xx_hal_adc.o
                0x08004b50                HAL_ADC_PollForConversion
 .text.HAL_ADC_GetValue
                0x08004c66       0x1a ./Drivers/STM32F7xx_HAL_Driver/Src/stm32f7xx_hal_adc.o
                0x08004c66                HAL_ADC_GetValue
 .text.HAL_ADC_ConfigChannel
                0x08004c80      0x2ac ./Drivers/STM32F7xx_HAL_Driver/Src/stm32f7xx_hal_adc.o
                0x08004c80                HAL_ADC_ConfigChannel
 .text.ADC_Init
                0x08004f2c      0x1f4 ./Drivers/STM32F7xx_HAL_Driver/Src/stm32f7xx_hal_adc.o
 .text.__NVIC_SetPriorityGrouping
                0x08005120       0x48 ./Drivers/STM32F7xx_HAL_Driver/Src/stm32f7xx_hal_cortex.o
 .text.__NVIC_GetPriorityGrouping
                0x08005168       0x1c ./Drivers/STM32F7xx_HAL_Driver/Src/stm32f7xx_hal_cortex.o
 .text.__NVIC_EnableIRQ
                0x08005184       0x3c ./Drivers/STM32F7xx_HAL_Driver/Src/stm32f7xx_hal_cortex.o
 .text.__NVIC_SetPriority
                0x080051c0       0x54 ./Drivers/STM32F7xx_HAL_Driver/Src/stm32f7xx_hal_cortex.o
 .text.NVIC_EncodePriority
                0x08005214       0x66 ./Drivers/STM32F7xx_HAL_Driver/Src/stm32f7xx_hal_cortex.o
 .text.HAL_NVIC_SetPriorityGrouping
                0x0800527a       0x16 ./Drivers/STM32F7xx_HAL_Driver/Src/stm32f7xx_hal_cortex.o
                0x0800527a                HAL_NVIC_SetPriorityGrouping
 .text.HAL_NVIC_SetPriority
                0x08005290       0x38 ./Drivers/STM32F7xx_HAL_Driver/Src/stm32f7xx_hal_cortex.o
                0x08005290                HAL_NVIC_SetPriority
 .text.HAL_NVIC_EnableIRQ
                0x080052c8       0x1c ./Drivers/STM32F7xx_HAL_Driver/Src/stm32f7xx_hal_cortex.o
                0x080052c8                HAL_NVIC_EnableIRQ
 .text.HAL_DAC_Init
                0x080052e4       0x44 ./Drivers/STM32F7xx_HAL_Driver/Src/stm32f7xx_hal_dac.o
                0x080052e4                HAL_DAC_Init
 .text.HAL_DAC_IRQHandler
                0x08005328       0xb4 ./Drivers/STM32F7xx_HAL_Driver/Src/stm32f7xx_hal_dac.o
                0x08005328                HAL_DAC_IRQHandler
 .text.HAL_DAC_DMAUnderrunCallbackCh1
                0x080053dc       0x14 ./Drivers/STM32F7xx_HAL_Driver/Src/stm32f7xx_hal_dac.o
                0x080053dc                HAL_DAC_DMAUnderrunCallbackCh1
 .text.HAL_DAC_ConfigChannel
                0x080053f0       0x9e ./Drivers/STM32F7xx_HAL_Driver/Src/stm32f7xx_hal_dac.o
                0x080053f0                HAL_DAC_ConfigChannel
 .text.HAL_DACEx_DMAUnderrunCallbackCh2
                0x0800548e       0x14 ./Drivers/STM32F7xx_HAL_Driver/Src/stm32f7xx_hal_dac_ex.o
                0x0800548e                HAL_DACEx_DMAUnderrunCallbackCh2
 *fill*         0x080054a2        0x2 
 .text.HAL_DMA_Init
                0x080054a4      0x15c ./Drivers/STM32F7xx_HAL_Driver/Src/stm32f7xx_hal_dma.o
                0x080054a4                HAL_DMA_Init
 .text.HAL_DMA_DeInit
                0x08005600       0xbc ./Drivers/STM32F7xx_HAL_Driver/Src/stm32f7xx_hal_dma.o
                0x08005600                HAL_DMA_DeInit
 .text.DMA_CalcBaseAndBitshift
                0x080056bc       0x6c ./Drivers/STM32F7xx_HAL_Driver/Src/stm32f7xx_hal_dma.o
 .text.DMA_CheckFifoParam
                0x08005728       0xf8 ./Drivers/STM32F7xx_HAL_Driver/Src/stm32f7xx_hal_dma.o
 .text.HAL_DMA2D_Init
                0x08005820       0x94 ./Drivers/STM32F7xx_HAL_Driver/Src/stm32f7xx_hal_dma2d.o
                0x08005820                HAL_DMA2D_Init
 .text.HAL_DMA2D_Start
                0x080058b4       0x56 ./Drivers/STM32F7xx_HAL_Driver/Src/stm32f7xx_hal_dma2d.o
                0x080058b4                HAL_DMA2D_Start
 .text.HAL_DMA2D_PollForTransfer
                0x0800590a      0x1d2 ./Drivers/STM32F7xx_HAL_Driver/Src/stm32f7xx_hal_dma2d.o
                0x0800590a                HAL_DMA2D_PollForTransfer
 .text.HAL_DMA2D_IRQHandler
                0x08005adc      0x1f8 ./Drivers/STM32F7xx_HAL_Driver/Src/stm32f7xx_hal_dma2d.o
                0x08005adc                HAL_DMA2D_IRQHandler
 .text.HAL_DMA2D_LineEventCallback
                0x08005cd4       0x14 ./Drivers/STM32F7xx_HAL_Driver/Src/stm32f7xx_hal_dma2d.o
                0x08005cd4                HAL_DMA2D_LineEventCallback
 .text.HAL_DMA2D_CLUTLoadingCpltCallback
                0x08005ce8       0x14 ./Drivers/STM32F7xx_HAL_Driver/Src/stm32f7xx_hal_dma2d.o
                0x08005ce8                HAL_DMA2D_CLUTLoadingCpltCallback
 .text.HAL_DMA2D_ConfigLayer
                0x08005cfc      0x124 ./Drivers/STM32F7xx_HAL_Driver/Src/stm32f7xx_hal_dma2d.o
                0x08005cfc                HAL_DMA2D_ConfigLayer
 .text.DMA2D_SetConfig
                0x08005e20      0x138 ./Drivers/STM32F7xx_HAL_Driver/Src/stm32f7xx_hal_dma2d.o
 .text.HAL_GPIO_Init
                0x08005f58      0x358 ./Drivers/STM32F7xx_HAL_Driver/Src/stm32f7xx_hal_gpio.o
                0x08005f58                HAL_GPIO_Init
 .text.HAL_GPIO_DeInit
                0x080062b0      0x218 ./Drivers/STM32F7xx_HAL_Driver/Src/stm32f7xx_hal_gpio.o
                0x080062b0                HAL_GPIO_DeInit
 .text.HAL_GPIO_ReadPin
                0x080064c8       0x30 ./Drivers/STM32F7xx_HAL_Driver/Src/stm32f7xx_hal_gpio.o
                0x080064c8                HAL_GPIO_ReadPin
 .text.HAL_GPIO_WritePin
                0x080064f8       0x32 ./Drivers/STM32F7xx_HAL_Driver/Src/stm32f7xx_hal_gpio.o
                0x080064f8                HAL_GPIO_WritePin
 *fill*         0x0800652a        0x2 
 .text.HAL_I2C_Init
                0x0800652c      0x120 ./Drivers/STM32F7xx_HAL_Driver/Src/stm32f7xx_hal_i2c.o
                0x0800652c                HAL_I2C_Init
 .text.HAL_I2C_DeInit
                0x0800664c       0x5e ./Drivers/STM32F7xx_HAL_Driver/Src/stm32f7xx_hal_i2c.o
                0x0800664c                HAL_I2C_DeInit
 *fill*         0x080066aa        0x2 
 .text.HAL_I2C_Mem_Write
                0x080066ac      0x228 ./Drivers/STM32F7xx_HAL_Driver/Src/stm32f7xx_hal_i2c.o
                0x080066ac                HAL_I2C_Mem_Write
 .text.HAL_I2C_Mem_Read
                0x080068d4      0x234 ./Drivers/STM32F7xx_HAL_Driver/Src/stm32f7xx_hal_i2c.o
                0x080068d4                HAL_I2C_Mem_Read
 .text.HAL_I2C_GetState
                0x08006b08       0x1c ./Drivers/STM32F7xx_HAL_Driver/Src/stm32f7xx_hal_i2c.o
                0x08006b08                HAL_I2C_GetState
 .text.I2C_RequestMemoryWrite
                0x08006b24       0xa8 ./Drivers/STM32F7xx_HAL_Driver/Src/stm32f7xx_hal_i2c.o
 .text.I2C_RequestMemoryRead
                0x08006bcc       0xa8 ./Drivers/STM32F7xx_HAL_Driver/Src/stm32f7xx_hal_i2c.o
 .text.I2C_Flush_TXDR
                0x08006c74       0x48 ./Drivers/STM32F7xx_HAL_Driver/Src/stm32f7xx_hal_i2c.o
 .text.I2C_WaitOnFlagUntilTimeout
                0x08006cbc       0x80 ./Drivers/STM32F7xx_HAL_Driver/Src/stm32f7xx_hal_i2c.o
 .text.I2C_WaitOnTXISFlagUntilTimeout
                0x08006d3c       0x80 ./Drivers/STM32F7xx_HAL_Driver/Src/stm32f7xx_hal_i2c.o
 .text.I2C_WaitOnSTOPFlagUntilTimeout
                0x08006dbc       0x78 ./Drivers/STM32F7xx_HAL_Driver/Src/stm32f7xx_hal_i2c.o
 .text.I2C_IsErrorOccurred
                0x08006e34      0x1c0 ./Drivers/STM32F7xx_HAL_Driver/Src/stm32f7xx_hal_i2c.o
 .text.I2C_TransferConfig
                0x08006ff4       0x64 ./Drivers/STM32F7xx_HAL_Driver/Src/stm32f7xx_hal_i2c.o
 .text.HAL_I2CEx_ConfigAnalogFilter
                0x08007058       0x96 ./Drivers/STM32F7xx_HAL_Driver/Src/stm32f7xx_hal_i2c_ex.o
                0x08007058                HAL_I2CEx_ConfigAnalogFilter
 .text.HAL_I2CEx_ConfigDigitalFilter
                0x080070ee       0x98 ./Drivers/STM32F7xx_HAL_Driver/Src/stm32f7xx_hal_i2c_ex.o
                0x080070ee                HAL_I2CEx_ConfigDigitalFilter
 *fill*         0x08007186        0x2 
 .text.HAL_LTDC_Init
                0x08007188      0x1a0 ./Drivers/STM32F7xx_HAL_Driver/Src/stm32f7xx_hal_ltdc.o
                0x08007188                HAL_LTDC_Init
 .text.HAL_LTDC_IRQHandler
                0x08007328      0x148 ./Drivers/STM32F7xx_HAL_Driver/Src/stm32f7xx_hal_ltdc.o
                0x08007328                HAL_LTDC_IRQHandler
 .text.HAL_LTDC_ErrorCallback
                0x08007470       0x14 ./Drivers/STM32F7xx_HAL_Driver/Src/stm32f7xx_hal_ltdc.o
                0x08007470                HAL_LTDC_ErrorCallback
 .text.HAL_LTDC_LineEventCallback
                0x08007484       0x14 ./Drivers/STM32F7xx_HAL_Driver/Src/stm32f7xx_hal_ltdc.o
                0x08007484                HAL_LTDC_LineEventCallback
 .text.HAL_LTDC_ReloadEventCallback
                0x08007498       0x14 ./Drivers/STM32F7xx_HAL_Driver/Src/stm32f7xx_hal_ltdc.o
                0x08007498                HAL_LTDC_ReloadEventCallback
 .text.HAL_LTDC_ConfigLayer
                0x080074ac       0x7c ./Drivers/STM32F7xx_HAL_Driver/Src/stm32f7xx_hal_ltdc.o
                0x080074ac                HAL_LTDC_ConfigLayer
 .text.HAL_LTDC_GetState
                0x08007528       0x1c ./Drivers/STM32F7xx_HAL_Driver/Src/stm32f7xx_hal_ltdc.o
                0x08007528                HAL_LTDC_GetState
 .text.LTDC_SetConfig
                0x08007544      0x334 ./Drivers/STM32F7xx_HAL_Driver/Src/stm32f7xx_hal_ltdc.o
 .text.HAL_PWR_EnableBkUpAccess
                0x08007878       0x20 ./Drivers/STM32F7xx_HAL_Driver/Src/stm32f7xx_hal_pwr.o
                0x08007878                HAL_PWR_EnableBkUpAccess
 .text.HAL_PWREx_EnableOverDrive
                0x08007898       0xa0 ./Drivers/STM32F7xx_HAL_Driver/Src/stm32f7xx_hal_pwr_ex.o
                0x08007898                HAL_PWREx_EnableOverDrive
 .text.HAL_RCC_OscConfig
                0x08007938      0x548 ./Drivers/STM32F7xx_HAL_Driver/Src/stm32f7xx_hal_rcc.o
                0x08007938                HAL_RCC_OscConfig
 .text.HAL_RCC_ClockConfig
                0x08007e80      0x1d8 ./Drivers/STM32F7xx_HAL_Driver/Src/stm32f7xx_hal_rcc.o
                0x08007e80                HAL_RCC_ClockConfig
 .text.HAL_RCC_GetSysClockFreq
                0x08008058      0x18c ./Drivers/STM32F7xx_HAL_Driver/Src/stm32f7xx_hal_rcc.o
                0x08008058                HAL_RCC_GetSysClockFreq
 .text.HAL_RCC_GetHCLKFreq
                0x080081e4       0x18 ./Drivers/STM32F7xx_HAL_Driver/Src/stm32f7xx_hal_rcc.o
                0x080081e4                HAL_RCC_GetHCLKFreq
 .text.HAL_RCC_GetPCLK1Freq
                0x080081fc       0x28 ./Drivers/STM32F7xx_HAL_Driver/Src/stm32f7xx_hal_rcc.o
                0x080081fc                HAL_RCC_GetPCLK1Freq
 .text.HAL_RCC_GetPCLK2Freq
                0x08008224       0x28 ./Drivers/STM32F7xx_HAL_Driver/Src/stm32f7xx_hal_rcc.o
                0x08008224                HAL_RCC_GetPCLK2Freq
 .text.HAL_RCC_GetClockConfig
                0x0800824c       0x64 ./Drivers/STM32F7xx_HAL_Driver/Src/stm32f7xx_hal_rcc.o
                0x0800824c                HAL_RCC_GetClockConfig
 .text.HAL_RCCEx_PeriphCLKConfig
                0x080082b0      0x7e0 ./Drivers/STM32F7xx_HAL_Driver/Src/stm32f7xx_hal_rcc_ex.o
                0x080082b0                HAL_RCCEx_PeriphCLKConfig
 .text.HAL_RTC_Init
                0x08008a90      0x108 ./Drivers/STM32F7xx_HAL_Driver/Src/stm32f7xx_hal_rtc.o
                0x08008a90                HAL_RTC_Init
 .text.HAL_RTC_SetTime
                0x08008b98      0x134 ./Drivers/STM32F7xx_HAL_Driver/Src/stm32f7xx_hal_rtc.o
                0x08008b98                HAL_RTC_SetTime
 .text.HAL_RTC_SetDate
                0x08008ccc      0x108 ./Drivers/STM32F7xx_HAL_Driver/Src/stm32f7xx_hal_rtc.o
                0x08008ccc                HAL_RTC_SetDate
 .text.HAL_RTC_SetAlarm
                0x08008dd4      0x254 ./Drivers/STM32F7xx_HAL_Driver/Src/stm32f7xx_hal_rtc.o
                0x08008dd4                HAL_RTC_SetAlarm
 .text.HAL_RTC_WaitForSynchro
                0x08009028       0x50 ./Drivers/STM32F7xx_HAL_Driver/Src/stm32f7xx_hal_rtc.o
                0x08009028                HAL_RTC_WaitForSynchro
 .text.RTC_EnterInitMode
                0x08009078       0x6e ./Drivers/STM32F7xx_HAL_Driver/Src/stm32f7xx_hal_rtc.o
                0x08009078                RTC_EnterInitMode
 .text.RTC_ExitInitMode
                0x080090e6       0x4a ./Drivers/STM32F7xx_HAL_Driver/Src/stm32f7xx_hal_rtc.o
                0x080090e6                RTC_ExitInitMode
 .text.RTC_ByteToBcd2
                0x08009130       0x3c ./Drivers/STM32F7xx_HAL_Driver/Src/stm32f7xx_hal_rtc.o
                0x08009130                RTC_ByteToBcd2
 .text.HAL_RTCEx_SetTimeStamp
                0x0800916c       0xd0 ./Drivers/STM32F7xx_HAL_Driver/Src/stm32f7xx_hal_rtc_ex.o
                0x0800916c                HAL_RTCEx_SetTimeStamp
 .text.HAL_SDRAM_Init
                0x0800923c       0x68 ./Drivers/STM32F7xx_HAL_Driver/Src/stm32f7xx_hal_sdram.o
                0x0800923c                HAL_SDRAM_Init
 .text.HAL_SDRAM_SendCommand
                0x080092a4       0x6a ./Drivers/STM32F7xx_HAL_Driver/Src/stm32f7xx_hal_sdram.o
                0x080092a4                HAL_SDRAM_SendCommand
 .text.HAL_SDRAM_ProgramRefreshRate
                0x0800930e       0x50 ./Drivers/STM32F7xx_HAL_Driver/Src/stm32f7xx_hal_sdram.o
                0x0800930e                HAL_SDRAM_ProgramRefreshRate
 .text.HAL_SPI_Init
                0x0800935e      0x156 ./Drivers/STM32F7xx_HAL_Driver/Src/stm32f7xx_hal_spi.o
                0x0800935e                HAL_SPI_Init
 .text.HAL_TIM_Base_Init
                0x080094b4       0xae ./Drivers/STM32F7xx_HAL_Driver/Src/stm32f7xx_hal_tim.o
                0x080094b4                HAL_TIM_Base_Init
 *fill*         0x08009562        0x2 
 .text.HAL_TIM_Base_Start_IT
                0x08009564       0xf0 ./Drivers/STM32F7xx_HAL_Driver/Src/stm32f7xx_hal_tim.o
                0x08009564                HAL_TIM_Base_Start_IT
 .text.HAL_TIM_IRQHandler
                0x08009654      0x23e ./Drivers/STM32F7xx_HAL_Driver/Src/stm32f7xx_hal_tim.o
                0x08009654                HAL_TIM_IRQHandler
 *fill*         0x08009892        0x2 
 .text.HAL_TIM_ConfigClockSource
                0x08009894      0x194 ./Drivers/STM32F7xx_HAL_Driver/Src/stm32f7xx_hal_tim.o
                0x08009894                HAL_TIM_ConfigClockSource
 .text.HAL_TIM_OC_DelayElapsedCallback
                0x08009a28       0x14 ./Drivers/STM32F7xx_HAL_Driver/Src/stm32f7xx_hal_tim.o
                0x08009a28                HAL_TIM_OC_DelayElapsedCallback
 .text.HAL_TIM_IC_CaptureCallback
                0x08009a3c       0x14 ./Drivers/STM32F7xx_HAL_Driver/Src/stm32f7xx_hal_tim.o
                0x08009a3c                HAL_TIM_IC_CaptureCallback
 .text.HAL_TIM_PWM_PulseFinishedCallback
                0x08009a50       0x14 ./Drivers/STM32F7xx_HAL_Driver/Src/stm32f7xx_hal_tim.o
                0x08009a50                HAL_TIM_PWM_PulseFinishedCallback
 .text.HAL_TIM_TriggerCallback
                0x08009a64       0x14 ./Drivers/STM32F7xx_HAL_Driver/Src/stm32f7xx_hal_tim.o
                0x08009a64                HAL_TIM_TriggerCallback
 .text.TIM_Base_SetConfig
                0x08009a78      0x140 ./Drivers/STM32F7xx_HAL_Driver/Src/stm32f7xx_hal_tim.o
                0x08009a78                TIM_Base_SetConfig
 .text.TIM_TI1_ConfigInputStage
                0x08009bb8       0x5e ./Drivers/STM32F7xx_HAL_Driver/Src/stm32f7xx_hal_tim.o
 .text.TIM_TI2_ConfigInputStage
                0x08009c16       0x60 ./Drivers/STM32F7xx_HAL_Driver/Src/stm32f7xx_hal_tim.o
 .text.TIM_ITRx_SetConfig
                0x08009c76       0x36 ./Drivers/STM32F7xx_HAL_Driver/Src/stm32f7xx_hal_tim.o
 .text.TIM_ETR_SetConfig
                0x08009cac       0x40 ./Drivers/STM32F7xx_HAL_Driver/Src/stm32f7xx_hal_tim.o
                0x08009cac                TIM_ETR_SetConfig
 .text.HAL_TIMEx_MasterConfigSynchronization
                0x08009cec      0x11c ./Drivers/STM32F7xx_HAL_Driver/Src/stm32f7xx_hal_tim_ex.o
                0x08009cec                HAL_TIMEx_MasterConfigSynchronization
 .text.HAL_TIMEx_CommutCallback
                0x08009e08       0x14 ./Drivers/STM32F7xx_HAL_Driver/Src/stm32f7xx_hal_tim_ex.o
                0x08009e08                HAL_TIMEx_CommutCallback
 .text.HAL_TIMEx_BreakCallback
                0x08009e1c       0x14 ./Drivers/STM32F7xx_HAL_Driver/Src/stm32f7xx_hal_tim_ex.o
                0x08009e1c                HAL_TIMEx_BreakCallback
 .text.HAL_TIMEx_Break2Callback
                0x08009e30       0x14 ./Drivers/STM32F7xx_HAL_Driver/Src/stm32f7xx_hal_tim_ex.o
                0x08009e30                HAL_TIMEx_Break2Callback
 .text.HAL_UART_Init
                0x08009e44       0x9c ./Drivers/STM32F7xx_HAL_Driver/Src/stm32f7xx_hal_uart.o
                0x08009e44                HAL_UART_Init
 .text.UART_SetConfig
                0x08009ee0      0x4c8 ./Drivers/STM32F7xx_HAL_Driver/Src/stm32f7xx_hal_uart.o
                0x08009ee0                UART_SetConfig
 .text.UART_AdvFeatureConfig
                0x0800a3a8      0x144 ./Drivers/STM32F7xx_HAL_Driver/Src/stm32f7xx_hal_uart.o
                0x0800a3a8                UART_AdvFeatureConfig
 .text.UART_CheckIdleState
                0x0800a4ec       0x6e ./Drivers/STM32F7xx_HAL_Driver/Src/stm32f7xx_hal_uart.o
                0x0800a4ec                UART_CheckIdleState
 .text.UART_WaitOnFlagUntilTimeout
                0x0800a55a      0x18c ./Drivers/STM32F7xx_HAL_Driver/Src/stm32f7xx_hal_uart.o
                0x0800a55a                UART_WaitOnFlagUntilTimeout
 *fill*         0x0800a6e6        0x2 
 .text.FMC_SDRAM_Init
                0x0800a6e8       0xb8 ./Drivers/STM32F7xx_HAL_Driver/Src/stm32f7xx_ll_fmc.o
                0x0800a6e8                FMC_SDRAM_Init
 .text.FMC_SDRAM_Timing_Init
                0x0800a7a0       0xd4 ./Drivers/STM32F7xx_HAL_Driver/Src/stm32f7xx_ll_fmc.o
                0x0800a7a0                FMC_SDRAM_Timing_Init
 .text.FMC_SDRAM_SendCommand
                0x0800a874       0x48 ./Drivers/STM32F7xx_HAL_Driver/Src/stm32f7xx_ll_fmc.o
                0x0800a874                FMC_SDRAM_SendCommand
 .text.FMC_SDRAM_ProgramRefreshRate
                0x0800a8bc       0x30 ./Drivers/STM32F7xx_HAL_Driver/Src/stm32f7xx_ll_fmc.o
                0x0800a8bc                FMC_SDRAM_ProgramRefreshRate
 .text.makeFreeRtosPriority
                0x0800a8ec       0x30 ./Middlewares/Third_Party/FreeRTOS/Source/CMSIS_RTOS/cmsis_os.o
 .text.osKernelStart
                0x0800a91c        0xe ./Middlewares/Third_Party/FreeRTOS/Source/CMSIS_RTOS/cmsis_os.o
                0x0800a91c                osKernelStart
 .text.osThreadCreate
                0x0800a92a       0x98 ./Middlewares/Third_Party/FreeRTOS/Source/CMSIS_RTOS/cmsis_os.o
                0x0800a92a                osThreadCreate
 .text.osDelay  0x0800a9c2       0x28 ./Middlewares/Third_Party/FreeRTOS/Source/CMSIS_RTOS/cmsis_os.o
                0x0800a9c2                osDelay
 .text.vListInitialise
                0x0800a9ea       0x40 ./Middlewares/Third_Party/FreeRTOS/Source/list.o
                0x0800a9ea                vListInitialise
 .text.vListInitialiseItem
                0x0800aa2a       0x1a ./Middlewares/Third_Party/FreeRTOS/Source/list.o
                0x0800aa2a                vListInitialiseItem
 .text.vListInsertEnd
                0x0800aa44       0x48 ./Middlewares/Third_Party/FreeRTOS/Source/list.o
                0x0800aa44                vListInsertEnd
 .text.vListInsert
                0x0800aa8c       0x72 ./Middlewares/Third_Party/FreeRTOS/Source/list.o
                0x0800aa8c                vListInsert
 .text.uxListRemove
                0x0800aafe       0x54 ./Middlewares/Third_Party/FreeRTOS/Source/list.o
                0x0800aafe                uxListRemove
 .text.xTaskCreateStatic
                0x0800ab52       0xcc ./Middlewares/Third_Party/FreeRTOS/Source/tasks.o
                0x0800ab52                xTaskCreateStatic
 .text.xTaskCreate
                0x0800ac1e       0x8a ./Middlewares/Third_Party/FreeRTOS/Source/tasks.o
                0x0800ac1e                xTaskCreate
 .text.prvInitialiseNewTask
                0x0800aca8      0x114 ./Middlewares/Third_Party/FreeRTOS/Source/tasks.o
 .text.prvAddNewTaskToReadyList
                0x0800adbc       0xd4 ./Middlewares/Third_Party/FreeRTOS/Source/tasks.o
 .text.vTaskDelay
                0x0800ae90       0x70 ./Middlewares/Third_Party/FreeRTOS/Source/tasks.o
                0x0800ae90                vTaskDelay
 .text.vTaskStartScheduler
                0x0800af00       0xcc ./Middlewares/Third_Party/FreeRTOS/Source/tasks.o
                0x0800af00                vTaskStartScheduler
 .text.vTaskSuspendAll
                0x0800afcc       0x1c ./Middlewares/Third_Party/FreeRTOS/Source/tasks.o
                0x0800afcc                vTaskSuspendAll
 .text.xTaskResumeAll
                0x0800afe8      0x140 ./Middlewares/Third_Party/FreeRTOS/Source/tasks.o
                0x0800afe8                xTaskResumeAll
 .text.xTaskIncrementTick
                0x0800b128      0x178 ./Middlewares/Third_Party/FreeRTOS/Source/tasks.o
                0x0800b128                xTaskIncrementTick
 .text.vTaskSwitchContext
                0x0800b2a0       0xbc ./Middlewares/Third_Party/FreeRTOS/Source/tasks.o
                0x0800b2a0                vTaskSwitchContext
 .text.prvIdleTask
                0x0800b35c       0x30 ./Middlewares/Third_Party/FreeRTOS/Source/tasks.o
 .text.prvInitialiseTaskLists
                0x0800b38c       0x80 ./Middlewares/Third_Party/FreeRTOS/Source/tasks.o
 .text.prvCheckTasksWaitingTermination
                0x0800b40c       0x5c ./Middlewares/Third_Party/FreeRTOS/Source/tasks.o
 .text.prvDeleteTCB
                0x0800b468       0x64 ./Middlewares/Third_Party/FreeRTOS/Source/tasks.o
 .text.prvResetNextTaskUnblockTime
                0x0800b4cc       0x40 ./Middlewares/Third_Party/FreeRTOS/Source/tasks.o
 .text.prvAddCurrentTaskToDelayedList
                0x0800b50c       0xcc ./Middlewares/Third_Party/FreeRTOS/Source/tasks.o
 .text.pxPortInitialiseStack
                0x0800b5d8       0x68 ./Middlewares/Third_Party/FreeRTOS/Source/portable/GCC/ARM_CM7/r0p1/port.o
                0x0800b5d8                pxPortInitialiseStack
 .text.prvTaskExitError
                0x0800b640       0x64 ./Middlewares/Third_Party/FreeRTOS/Source/portable/GCC/ARM_CM7/r0p1/port.o
 *fill*         0x0800b6a4        0xc 
 .text.SVC_Handler
                0x0800b6b0       0x28 ./Middlewares/Third_Party/FreeRTOS/Source/portable/GCC/ARM_CM7/r0p1/port.o
                0x0800b6b0                SVC_Handler
 .text.prvPortStartFirstTask
                0x0800b6d8       0x28 ./Middlewares/Third_Party/FreeRTOS/Source/portable/GCC/ARM_CM7/r0p1/port.o
 .text.xPortStartScheduler
                0x0800b700       0xfc ./Middlewares/Third_Party/FreeRTOS/Source/portable/GCC/ARM_CM7/r0p1/port.o
                0x0800b700                xPortStartScheduler
 .text.vPortEnterCritical
                0x0800b7fc       0x6c ./Middlewares/Third_Party/FreeRTOS/Source/portable/GCC/ARM_CM7/r0p1/port.o
                0x0800b7fc                vPortEnterCritical
 .text.vPortExitCritical
                0x0800b868       0x58 ./Middlewares/Third_Party/FreeRTOS/Source/portable/GCC/ARM_CM7/r0p1/port.o
                0x0800b868                vPortExitCritical
 .text.PendSV_Handler
                0x0800b8c0       0x68 ./Middlewares/Third_Party/FreeRTOS/Source/portable/GCC/ARM_CM7/r0p1/port.o
                0x0800b8c0                PendSV_Handler
 .text.SysTick_Handler
                0x0800b928       0x48 ./Middlewares/Third_Party/FreeRTOS/Source/portable/GCC/ARM_CM7/r0p1/port.o
                0x0800b928                SysTick_Handler
 .text.vPortSetupTimerInterrupt
                0x0800b970       0x48 ./Middlewares/Third_Party/FreeRTOS/Source/portable/GCC/ARM_CM7/r0p1/port.o
                0x0800b970                vPortSetupTimerInterrupt
 .text.vPortEnableVFP
                0x0800b9b8       0x14 ./Middlewares/Third_Party/FreeRTOS/Source/portable/GCC/ARM_CM7/r0p1/port.o
 .text.pvPortMalloc
                0x0800b9cc      0x19c ./Middlewares/Third_Party/FreeRTOS/Source/portable/MemMang/heap_4.o
                0x0800b9cc                pvPortMalloc
 .text.vPortFree
                0x0800bb68       0xc0 ./Middlewares/Third_Party/FreeRTOS/Source/portable/MemMang/heap_4.o
                0x0800bb68                vPortFree
 .text.prvHeapInit
                0x0800bc28       0xc4 ./Middlewares/Third_Party/FreeRTOS/Source/portable/MemMang/heap_4.o
 .text.prvInsertBlockIntoFreeList
                0x0800bcec       0xb4 ./Middlewares/Third_Party/FreeRTOS/Source/portable/MemMang/heap_4.o
 .text.sprintf  0x0800bda0       0x40 /opt/st/stm32cubeide_1.15.0/plugins/com.st.stm32cube.ide.mcu.externaltools.gnu-tools-for-stm32.12.3.rel1.linux64_1.0.100.202403111256/tools/bin/../lib/gcc/arm-none-eabi/12.3.1/../../../../arm-none-eabi/lib/thumb/v7e-m+fp/hard/libc_nano.a(libc_a-sprintf.o)
                0x0800bda0                sprintf
                0x0800bda0                siprintf
 .text.memset   0x0800bde0       0x10 /opt/st/stm32cubeide_1.15.0/plugins/com.st.stm32cube.ide.mcu.externaltools.gnu-tools-for-stm32.12.3.rel1.linux64_1.0.100.202403111256/tools/bin/../lib/gcc/arm-none-eabi/12.3.1/../../../../arm-none-eabi/lib/thumb/v7e-m+fp/hard/libc_nano.a(libc_a-memset.o)
                0x0800bde0                memset
 .text.__errno  0x0800bdf0        0xc /opt/st/stm32cubeide_1.15.0/plugins/com.st.stm32cube.ide.mcu.externaltools.gnu-tools-for-stm32.12.3.rel1.linux64_1.0.100.202403111256/tools/bin/../lib/gcc/arm-none-eabi/12.3.1/../../../../arm-none-eabi/lib/thumb/v7e-m+fp/hard/libc_nano.a(libc_a-errno.o)
                0x0800bdf0                __errno
 .text.__libc_init_array
                0x0800bdfc       0x48 /opt/st/stm32cubeide_1.15.0/plugins/com.st.stm32cube.ide.mcu.externaltools.gnu-tools-for-stm32.12.3.rel1.linux64_1.0.100.202403111256/tools/bin/../lib/gcc/arm-none-eabi/12.3.1/../../../../arm-none-eabi/lib/thumb/v7e-m+fp/hard/libc_nano.a(libc_a-init.o)
                0x0800bdfc                __libc_init_array
 .text.__retarget_lock_acquire_recursive
                0x0800be44        0x2 /opt/st/stm32cubeide_1.15.0/plugins/com.st.stm32cube.ide.mcu.externaltools.gnu-tools-for-stm32.12.3.rel1.linux64_1.0.100.202403111256/tools/bin/../lib/gcc/arm-none-eabi/12.3.1/../../../../arm-none-eabi/lib/thumb/v7e-m+fp/hard/libc_nano.a(libc_a-lock.o)
                0x0800be44                __retarget_lock_acquire_recursive
 .text.__retarget_lock_release_recursive
                0x0800be46        0x2 /opt/st/stm32cubeide_1.15.0/plugins/com.st.stm32cube.ide.mcu.externaltools.gnu-tools-for-stm32.12.3.rel1.linux64_1.0.100.202403111256/tools/bin/../lib/gcc/arm-none-eabi/12.3.1/../../../../arm-none-eabi/lib/thumb/v7e-m+fp/hard/libc_nano.a(libc_a-lock.o)
                0x0800be46                __retarget_lock_release_recursive
 .text.memcpy   0x0800be48       0x1c /opt/st/stm32cubeide_1.15.0/plugins/com.st.stm32cube.ide.mcu.externaltools.gnu-tools-for-stm32.12.3.rel1.linux64_1.0.100.202403111256/tools/bin/../lib/gcc/arm-none-eabi/12.3.1/../../../../arm-none-eabi/lib/thumb/v7e-m+fp/hard/libc_nano.a(libc_a-memcpy-stub.o)
                0x0800be48                memcpy
 .text._free_r  0x0800be64       0x94 /opt/st/stm32cubeide_1.15.0/plugins/com.st.stm32cube.ide.mcu.externaltools.gnu-tools-for-stm32.12.3.rel1.linux64_1.0.100.202403111256/tools/bin/../lib/gcc/arm-none-eabi/12.3.1/../../../../arm-none-eabi/lib/thumb/v7e-m+fp/hard/libc_nano.a(libc_a-freer.o)
                0x0800be64                _free_r
 .text.sbrk_aligned
                0x0800bef8       0x44 /opt/st/stm32cubeide_1.15.0/plugins/com.st.stm32cube.ide.mcu.externaltools.gnu-tools-for-stm32.12.3.rel1.linux64_1.0.100.202403111256/tools/bin/../lib/gcc/arm-none-eabi/12.3.1/../../../../arm-none-eabi/lib/thumb/v7e-m+fp/hard/libc_nano.a(libc_a-mallocr.o)
 .text._malloc_r
                0x0800bf3c      0x100 /opt/st/stm32cubeide_1.15.0/plugins/com.st.stm32cube.ide.mcu.externaltools.gnu-tools-for-stm32.12.3.rel1.linux64_1.0.100.202403111256/tools/bin/../lib/gcc/arm-none-eabi/12.3.1/../../../../arm-none-eabi/lib/thumb/v7e-m+fp/hard/libc_nano.a(libc_a-mallocr.o)
                0x0800bf3c                _malloc_r
 .text.__malloc_lock
                0x0800c03c        0xc /opt/st/stm32cubeide_1.15.0/plugins/com.st.stm32cube.ide.mcu.externaltools.gnu-tools-for-stm32.12.3.rel1.linux64_1.0.100.202403111256/tools/bin/../lib/gcc/arm-none-eabi/12.3.1/../../../../arm-none-eabi/lib/thumb/v7e-m+fp/hard/libc_nano.a(libc_a-mlock.o)
                0x0800c03c                __malloc_lock
 .text.__malloc_unlock
                0x0800c048        0xc /opt/st/stm32cubeide_1.15.0/plugins/com.st.stm32cube.ide.mcu.externaltools.gnu-tools-for-stm32.12.3.rel1.linux64_1.0.100.202403111256/tools/bin/../lib/gcc/arm-none-eabi/12.3.1/../../../../arm-none-eabi/lib/thumb/v7e-m+fp/hard/libc_nano.a(libc_a-mlock.o)
                0x0800c048                __malloc_unlock
 .text.__ssputs_r
                0x0800c054       0xb6 /opt/st/stm32cubeide_1.15.0/plugins/com.st.stm32cube.ide.mcu.externaltools.gnu-tools-for-stm32.12.3.rel1.linux64_1.0.100.202403111256/tools/bin/../lib/gcc/arm-none-eabi/12.3.1/../../../../arm-none-eabi/lib/thumb/v7e-m+fp/hard/libc_nano.a(libc_a-nano-svfprintf.o)
                0x0800c054                __ssputs_r
 *fill*         0x0800c10a        0x2 
 .text._svfprintf_r
                0x0800c10c      0x1f8 /opt/st/stm32cubeide_1.15.0/plugins/com.st.stm32cube.ide.mcu.externaltools.gnu-tools-for-stm32.12.3.rel1.linux64_1.0.100.202403111256/tools/bin/../lib/gcc/arm-none-eabi/12.3.1/../../../../arm-none-eabi/lib/thumb/v7e-m+fp/hard/libc_nano.a(libc_a-nano-svfprintf.o)
                0x0800c10c                _svfprintf_r
                0x0800c10c                _svfiprintf_r
 .text._printf_common
                0x0800c304       0xda /opt/st/stm32cubeide_1.15.0/plugins/com.st.stm32cube.ide.mcu.externaltools.gnu-tools-for-stm32.12.3.rel1.linux64_1.0.100.202403111256/tools/bin/../lib/gcc/arm-none-eabi/12.3.1/../../../../arm-none-eabi/lib/thumb/v7e-m+fp/hard/libc_nano.a(libc_a-nano-vfprintf_i.o)
                0x0800c304                _printf_common
 *fill*         0x0800c3de        0x2 
 .text._printf_i
                0x0800c3e0      0x240 /opt/st/stm32cubeide_1.15.0/plugins/com.st.stm32cube.ide.mcu.externaltools.gnu-tools-for-stm32.12.3.rel1.linux64_1.0.100.202403111256/tools/bin/../lib/gcc/arm-none-eabi/12.3.1/../../../../arm-none-eabi/lib/thumb/v7e-m+fp/hard/libc_nano.a(libc_a-nano-vfprintf_i.o)
                0x0800c3e0                _printf_i
 .text.memmove  0x0800c620       0x34 /opt/st/stm32cubeide_1.15.0/plugins/com.st.stm32cube.ide.mcu.externaltools.gnu-tools-for-stm32.12.3.rel1.linux64_1.0.100.202403111256/tools/bin/../lib/gcc/arm-none-eabi/12.3.1/../../../../arm-none-eabi/lib/thumb/v7e-m+fp/hard/libc_nano.a(libc_a-memmove.o)
                0x0800c620                memmove
 .text._sbrk_r  0x0800c654       0x20 /opt/st/stm32cubeide_1.15.0/plugins/com.st.stm32cube.ide.mcu.externaltools.gnu-tools-for-stm32.12.3.rel1.linux64_1.0.100.202403111256/tools/bin/../lib/gcc/arm-none-eabi/12.3.1/../../../../arm-none-eabi/lib/thumb/v7e-m+fp/hard/libc_nano.a(libc_a-sbrkr.o)
                0x0800c654                _sbrk_r
 .text._realloc_r
                0x0800c674       0x5c /opt/st/stm32cubeide_1.15.0/plugins/com.st.stm32cube.ide.mcu.externaltools.gnu-tools-for-stm32.12.3.rel1.linux64_1.0.100.202403111256/tools/bin/../lib/gcc/arm-none-eabi/12.3.1/../../../../arm-none-eabi/lib/thumb/v7e-m+fp/hard/libc_nano.a(libc_a-reallocr.o)
                0x0800c674                _realloc_r
 .text._malloc_usable_size_r
                0x0800c6d0       0x10 /opt/st/stm32cubeide_1.15.0/plugins/com.st.stm32cube.ide.mcu.externaltools.gnu-tools-for-stm32.12.3.rel1.linux64_1.0.100.202403111256/tools/bin/../lib/gcc/arm-none-eabi/12.3.1/../../../../arm-none-eabi/lib/thumb/v7e-m+fp/hard/libc_nano.a(libc_a-msizer.o)
                0x0800c6d0                _malloc_usable_size_r
 *(.glue_7)
 .glue_7        0x0800c6e0        0x0 linker stubs
 *(.glue_7t)
 .glue_7t       0x0800c6e0        0x0 linker stubs
 *(.eh_frame)
 .eh_frame      0x0800c6e0        0x0 /opt/st/stm32cubeide_1.15.0/plugins/com.st.stm32cube.ide.mcu.externaltools.gnu-tools-for-stm32.12.3.rel1.linux64_1.0.100.202403111256/tools/bin/../lib/gcc/arm-none-eabi/12.3.1/thumb/v7e-m+fp/hard/crtbegin.o
 *(.init)
 .init          0x0800c6e0        0x4 /opt/st/stm32cubeide_1.15.0/plugins/com.st.stm32cube.ide.mcu.externaltools.gnu-tools-for-stm32.12.3.rel1.linux64_1.0.100.202403111256/tools/bin/../lib/gcc/arm-none-eabi/12.3.1/thumb/v7e-m+fp/hard/crti.o
                0x0800c6e0                _init
 .init          0x0800c6e4        0x8 /opt/st/stm32cubeide_1.15.0/plugins/com.st.stm32cube.ide.mcu.externaltools.gnu-tools-for-stm32.12.3.rel1.linux64_1.0.100.202403111256/tools/bin/../lib/gcc/arm-none-eabi/12.3.1/thumb/v7e-m+fp/hard/crtn.o
 *(.fini)
 .fini          0x0800c6ec        0x4 /opt/st/stm32cubeide_1.15.0/plugins/com.st.stm32cube.ide.mcu.externaltools.gnu-tools-for-stm32.12.3.rel1.linux64_1.0.100.202403111256/tools/bin/../lib/gcc/arm-none-eabi/12.3.1/thumb/v7e-m+fp/hard/crti.o
                0x0800c6ec                _fini
 .fini          0x0800c6f0        0x8 /opt/st/stm32cubeide_1.15.0/plugins/com.st.stm32cube.ide.mcu.externaltools.gnu-tools-for-stm32.12.3.rel1.linux64_1.0.100.202403111256/tools/bin/../lib/gcc/arm-none-eabi/12.3.1/thumb/v7e-m+fp/hard/crtn.o
                0x0800c6f8                        . = ALIGN (0x4)
                0x0800c6f8                        _etext = .

.vfp11_veneer   0x0800c6f8        0x0
 .vfp11_veneer  0x0800c6f8        0x0 linker stubs

.v4_bx          0x0800c6f8        0x0
 .v4_bx         0x0800c6f8        0x0 linker stubs

.iplt           0x0800c6f8        0x0
 .iplt          0x0800c6f8        0x0 /opt/st/stm32cubeide_1.15.0/plugins/com.st.stm32cube.ide.mcu.externaltools.gnu-tools-for-stm32.12.3.rel1.linux64_1.0.100.202403111256/tools/bin/../lib/gcc/arm-none-eabi/12.3.1/thumb/v7e-m+fp/hard/crtbegin.o

.rodata         0x0800c6f8     0x4034
                0x0800c6f8                        . = ALIGN (0x4)
 *(.rodata)
 .rodata        0x0800c6f8       0x28 ./Core/Src/freertos.o
 .rodata        0x0800c720       0x3a ./Core/Src/main.o
 *fill*         0x0800c75a        0x2 
 .rodata        0x0800c75c        0x5 ./Middlewares/Third_Party/FreeRTOS/Source/tasks.o
 *(.rodata*)
 *fill*         0x0800c761        0x3 
 .rodata.apple_bmp
                0x0800c764     0x2046 ./Core/Src/main.o
                0x0800c764                apple_bmp
 *fill*         0x0800e7aa        0x2 
 .rodata.Font24_Table
                0x0800e7ac     0x1ab8 ./Core/Src/stm32746g_discovery_lcd.o
                0x0800e7ac                Font24_Table
 .rodata.Font12_Table
                0x08010264      0x474 ./Core/Src/stm32746g_discovery_lcd.o
                0x08010264                Font12_Table
 .rodata.AHBPrescTable
                0x080106d8       0x10 ./Core/Src/system_stm32f7xx.o
                0x080106d8                AHBPrescTable
 .rodata.APBPrescTable
                0x080106e8        0x8 ./Core/Src/system_stm32f7xx.o
                0x080106e8                APBPrescTable
 .rodata.flagBitshiftOffset.0
                0x080106f0        0x8 ./Drivers/STM32F7xx_HAL_Driver/Src/stm32f7xx_hal_dma.o
 .rodata._svfprintf_r.str1.1
                0x080106f8       0x11 /opt/st/stm32cubeide_1.15.0/plugins/com.st.stm32cube.ide.mcu.externaltools.gnu-tools-for-stm32.12.3.rel1.linux64_1.0.100.202403111256/tools/bin/../lib/gcc/arm-none-eabi/12.3.1/../../../../arm-none-eabi/lib/thumb/v7e-m+fp/hard/libc_nano.a(libc_a-nano-svfprintf.o)
 .rodata._printf_i.str1.1
                0x08010709       0x22 /opt/st/stm32cubeide_1.15.0/plugins/com.st.stm32cube.ide.mcu.externaltools.gnu-tools-for-stm32.12.3.rel1.linux64_1.0.100.202403111256/tools/bin/../lib/gcc/arm-none-eabi/12.3.1/../../../../arm-none-eabi/lib/thumb/v7e-m+fp/hard/libc_nano.a(libc_a-nano-vfprintf_i.o)
                0x0801072c                        . = ALIGN (0x4)
 *fill*         0x0801072b        0x1 

.ARM.extab      0x0801072c        0x0
                0x0801072c                        . = ALIGN (0x4)
 *(.ARM.extab* .gnu.linkonce.armextab.*)
                0x0801072c                        . = ALIGN (0x4)

.ARM            0x0801072c        0x8
                0x0801072c                        . = ALIGN (0x4)
                0x0801072c                        __exidx_start = .
 *(.ARM.exidx*)
 .ARM.exidx     0x0801072c        0x8 /opt/st/stm32cubeide_1.15.0/plugins/com.st.stm32cube.ide.mcu.externaltools.gnu-tools-for-stm32.12.3.rel1.linux64_1.0.100.202403111256/tools/bin/../lib/gcc/arm-none-eabi/12.3.1/../../../../arm-none-eabi/lib/thumb/v7e-m+fp/hard/libc_nano.a(libc_a-memchr.o)
 .ARM.exidx     0x08010734        0x0 /opt/st/stm32cubeide_1.15.0/plugins/com.st.stm32cube.ide.mcu.externaltools.gnu-tools-for-stm32.12.3.rel1.linux64_1.0.100.202403111256/tools/bin/../lib/gcc/arm-none-eabi/12.3.1/thumb/v7e-m+fp/hard/libgcc.a(_udivmoddi4.o)
                                  0x8 (size before relaxing)
                0x08010734                        __exidx_end = .
                0x08010734                        . = ALIGN (0x4)

.rel.dyn        0x08010734        0x0
 .rel.iplt      0x08010734        0x0 /opt/st/stm32cubeide_1.15.0/plugins/com.st.stm32cube.ide.mcu.externaltools.gnu-tools-for-stm32.12.3.rel1.linux64_1.0.100.202403111256/tools/bin/../lib/gcc/arm-none-eabi/12.3.1/thumb/v7e-m+fp/hard/crtbegin.o

.preinit_array  0x08010734        0x0
                0x08010734                        . = ALIGN (0x4)
                0x08010734                        PROVIDE (__preinit_array_start = .)
 *(.preinit_array*)
                0x08010734                        PROVIDE (__preinit_array_end = .)
                0x08010734                        . = ALIGN (0x4)

.init_array     0x08010734        0x4
                0x08010734                        . = ALIGN (0x4)
                0x08010734                        PROVIDE (__init_array_start = .)
 *(SORT_BY_NAME(.init_array.*))
 *(.init_array*)
 .init_array    0x08010734        0x4 /opt/st/stm32cubeide_1.15.0/plugins/com.st.stm32cube.ide.mcu.externaltools.gnu-tools-for-stm32.12.3.rel1.linux64_1.0.100.202403111256/tools/bin/../lib/gcc/arm-none-eabi/12.3.1/thumb/v7e-m+fp/hard/crtbegin.o
                0x08010738                        PROVIDE (__init_array_end = .)
                0x08010738                        . = ALIGN (0x4)

.fini_array     0x08010738        0x4
                0x08010738                        . = ALIGN (0x4)
                [!provide]                        PROVIDE (__fini_array_start = .)
 *(SORT_BY_NAME(.fini_array.*))
 *(.fini_array*)
 .fini_array    0x08010738        0x4 /opt/st/stm32cubeide_1.15.0/plugins/com.st.stm32cube.ide.mcu.externaltools.gnu-tools-for-stm32.12.3.rel1.linux64_1.0.100.202403111256/tools/bin/../lib/gcc/arm-none-eabi/12.3.1/thumb/v7e-m+fp/hard/crtbegin.o
                [!provide]                        PROVIDE (__fini_array_end = .)
                0x0801073c                        . = ALIGN (0x4)
                0x0801073c                        _sidata = LOADADDR (.data)

.data           0x20000000       0x9c load address 0x0801073c
                0x20000000                        . = ALIGN (0x4)
                0x20000000                        _sdata = .
 *(.data)
 *(.data*)
 .data.ft5336_ts_drv
                0x20000000       0x28 ./Core/Src/ft5336.o
                0x20000000                ft5336_ts_drv
 .data.Font24   0x20000028        0x8 ./Core/Src/stm32746g_discovery_lcd.o
                0x20000028                Font24
 .data.Font12   0x20000030        0x8 ./Core/Src/stm32746g_discovery_lcd.o
                0x20000030                Font12
 .data.sdramstatus.3
                0x20000038        0x1 ./Core/Src/stm32746g_discovery_sdram.o
 *fill*         0x20000039        0x3 
 .data.SystemCoreClock
                0x2000003c        0x4 ./Core/Src/system_stm32f7xx.o
                0x2000003c                SystemCoreClock
 .data.uwTickPrio
                0x20000040        0x4 ./Drivers/STM32F7xx_HAL_Driver/Src/stm32f7xx_hal.o
                0x20000040                uwTickPrio
 .data.uwTickFreq
                0x20000044        0x1 ./Drivers/STM32F7xx_HAL_Driver/Src/stm32f7xx_hal.o
                0x20000044                uwTickFreq
 *fill*         0x20000045        0x3 
 .data.uxCriticalNesting
                0x20000048        0x4 ./Middlewares/Third_Party/FreeRTOS/Source/portable/GCC/ARM_CM7/r0p1/port.o
 .data._impure_ptr
                0x2000004c        0x4 /opt/st/stm32cubeide_1.15.0/plugins/com.st.stm32cube.ide.mcu.externaltools.gnu-tools-for-stm32.12.3.rel1.linux64_1.0.100.202403111256/tools/bin/../lib/gcc/arm-none-eabi/12.3.1/../../../../arm-none-eabi/lib/thumb/v7e-m+fp/hard/libc_nano.a(libc_a-impure.o)
                0x2000004c                _impure_ptr
 .data._impure_data
                0x20000050       0x4c /opt/st/stm32cubeide_1.15.0/plugins/com.st.stm32cube.ide.mcu.externaltools.gnu-tools-for-stm32.12.3.rel1.linux64_1.0.100.202403111256/tools/bin/../lib/gcc/arm-none-eabi/12.3.1/../../../../arm-none-eabi/lib/thumb/v7e-m+fp/hard/libc_nano.a(libc_a-impure.o)
                0x20000050                _impure_data
 *(.RamFunc)
 *(.RamFunc*)
                0x2000009c                        . = ALIGN (0x4)
                0x2000009c                        _edata = .

.igot.plt       0x2000009c        0x0 load address 0x080107d8
 .igot.plt      0x2000009c        0x0 /opt/st/stm32cubeide_1.15.0/plugins/com.st.stm32cube.ide.mcu.externaltools.gnu-tools-for-stm32.12.3.rel1.linux64_1.0.100.202403111256/tools/bin/../lib/gcc/arm-none-eabi/12.3.1/thumb/v7e-m+fp/hard/crtbegin.o
                0x2000009c                        . = ALIGN (0x4)

.bss            0x2000009c     0x4a68 load address 0x080107d8
                0x2000009c                        _sbss = .
                0x2000009c                        __bss_start__ = _sbss
 *(.bss)
 .bss           0x2000009c       0x1c /opt/st/stm32cubeide_1.15.0/plugins/com.st.stm32cube.ide.mcu.externaltools.gnu-tools-for-stm32.12.3.rel1.linux64_1.0.100.202403111256/tools/bin/../lib/gcc/arm-none-eabi/12.3.1/thumb/v7e-m+fp/hard/crtbegin.o
 *(.bss*)
 .bss.hadc1     0x200000b8       0x48 ./Core/Src/adc.o
                0x200000b8                hadc1
 .bss.hadc3     0x20000100       0x48 ./Core/Src/adc.o
                0x20000100                hadc3
 .bss.hdac      0x20000148       0x14 ./Core/Src/dac.o
                0x20000148                hdac
 .bss.hdma2d    0x2000015c       0x40 ./Core/Src/dma2d.o
                0x2000015c                hdma2d
 .bss.hsdram1   0x2000019c       0x34 ./Core/Src/fmc.o
                0x2000019c                hsdram1
 .bss.FMC_Initialized
                0x200001d0        0x4 ./Core/Src/fmc.o
 .bss.defaultTaskHandle
                0x200001d4        0x4 ./Core/Src/freertos.o
                0x200001d4                defaultTaskHandle
 .bss.xIdleTaskTCBBuffer
                0x200001d8       0x54 ./Core/Src/freertos.o
 .bss.xIdleStack
                0x2000022c      0x200 ./Core/Src/freertos.o
 .bss.ft5336_handle
                0x2000042c        0x3 ./Core/Src/ft5336.o
 *fill*         0x2000042f        0x1 
 .bss.coord.0   0x20000430        0x2 ./Core/Src/ft5336.o
 *fill*         0x20000432        0x2 
 .bss.hi2c1     0x20000434       0x54 ./Core/Src/i2c.o
                0x20000434                hi2c1
 .bss.hi2c3     0x20000488       0x54 ./Core/Src/i2c.o
                0x20000488                hi2c3
 .bss.hltdc     0x200004dc       0xa8 ./Core/Src/ltdc.o
                0x200004dc                hltdc
 .bss.joystick_v
                0x20000584        0x4 ./Core/Src/main.o
                0x20000584                joystick_v
 .bss.TS_State.0
                0x20000588       0x2c ./Core/Src/main.o
 .bss.hrtc      0x200005b4       0x20 ./Core/Src/rtc.o
                0x200005b4                hrtc
 .bss.hspi2     0x200005d4       0x64 ./Core/Src/spi.o
                0x200005d4                hspi2
 .bss.hI2cAudioHandler
                0x20000638       0x54 ./Core/Src/stm32746g_discovery.o
 .bss.hLtdcHandler
                0x2000068c       0xa8 ./Core/Src/stm32746g_discovery_lcd.o
                0x2000068c                hLtdcHandler
 .bss.hDma2dHandler
                0x20000734       0x40 ./Core/Src/stm32746g_discovery_lcd.o
 .bss.ActiveLayer
                0x20000774        0x4 ./Core/Src/stm32746g_discovery_lcd.o
 .bss.DrawProp  0x20000778       0x18 ./Core/Src/stm32746g_discovery_lcd.o
 .bss.periph_clk_init_struct.0
                0x20000790       0x84 ./Core/Src/stm32746g_discovery_lcd.o
 .bss.sdramHandle
                0x20000814       0x34 ./Core/Src/stm32746g_discovery_sdram.o
                0x20000814                sdramHandle
 .bss.Timing    0x20000848       0x1c ./Core/Src/stm32746g_discovery_sdram.o
 .bss.Command   0x20000864       0x10 ./Core/Src/stm32746g_discovery_sdram.o
 .bss.dma_handle.1
                0x20000874       0x60 ./Core/Src/stm32746g_discovery_sdram.o
 .bss.tsDriver  0x200008d4        0x4 ./Core/Src/stm32746g_discovery_ts.o
 .bss.tsXBoundary
                0x200008d8        0x2 ./Core/Src/stm32746g_discovery_ts.o
 .bss.tsYBoundary
                0x200008da        0x2 ./Core/Src/stm32746g_discovery_ts.o
 .bss.tsOrientation
                0x200008dc        0x1 ./Core/Src/stm32746g_discovery_ts.o
 .bss.I2cAddress
                0x200008dd        0x1 ./Core/Src/stm32746g_discovery_ts.o
 *fill*         0x200008de        0x2 
 .bss._x.1      0x200008e0       0x14 ./Core/Src/stm32746g_discovery_ts.o
 .bss._y.0      0x200008f4       0x14 ./Core/Src/stm32746g_discovery_ts.o
 .bss.htim6     0x20000908       0x4c ./Core/Src/stm32f7xx_hal_timebase_tim.o
                0x20000908                htim6
 .bss.__sbrk_heap_end
                0x20000954        0x4 ./Core/Src/sysmem.o
 .bss.htim1     0x20000958       0x4c ./Core/Src/tim.o
                0x20000958                htim1
 .bss.htim2     0x200009a4       0x4c ./Core/Src/tim.o
                0x200009a4                htim2
 .bss.htim3     0x200009f0       0x4c ./Core/Src/tim.o
                0x200009f0                htim3
 .bss.htim5     0x20000a3c       0x4c ./Core/Src/tim.o
                0x20000a3c                htim5
 .bss.htim8     0x20000a88       0x4c ./Core/Src/tim.o
                0x20000a88                htim8
 .bss.huart7    0x20000ad4       0x88 ./Core/Src/usart.o
                0x20000ad4                huart7
 .bss.huart1    0x20000b5c       0x88 ./Core/Src/usart.o
                0x20000b5c                huart1
 .bss.huart6    0x20000be4       0x88 ./Core/Src/usart.o
                0x20000be4                huart6
 .bss.uwTick    0x20000c6c        0x4 ./Drivers/STM32F7xx_HAL_Driver/Src/stm32f7xx_hal.o
                0x20000c6c                uwTick
 .bss.pxCurrentTCB
                0x20000c70        0x4 ./Middlewares/Third_Party/FreeRTOS/Source/tasks.o
                0x20000c70                pxCurrentTCB
 .bss.pxReadyTasksLists
                0x20000c74       0x8c ./Middlewares/Third_Party/FreeRTOS/Source/tasks.o
 .bss.xDelayedTaskList1
                0x20000d00       0x14 ./Middlewares/Third_Party/FreeRTOS/Source/tasks.o
 .bss.xDelayedTaskList2
                0x20000d14       0x14 ./Middlewares/Third_Party/FreeRTOS/Source/tasks.o
 .bss.pxDelayedTaskList
                0x20000d28        0x4 ./Middlewares/Third_Party/FreeRTOS/Source/tasks.o
 .bss.pxOverflowDelayedTaskList
                0x20000d2c        0x4 ./Middlewares/Third_Party/FreeRTOS/Source/tasks.o
 .bss.xPendingReadyList
                0x20000d30       0x14 ./Middlewares/Third_Party/FreeRTOS/Source/tasks.o
 .bss.xTasksWaitingTermination
                0x20000d44       0x14 ./Middlewares/Third_Party/FreeRTOS/Source/tasks.o
 .bss.uxDeletedTasksWaitingCleanUp
                0x20000d58        0x4 ./Middlewares/Third_Party/FreeRTOS/Source/tasks.o
 .bss.xSuspendedTaskList
                0x20000d5c       0x14 ./Middlewares/Third_Party/FreeRTOS/Source/tasks.o
 .bss.uxCurrentNumberOfTasks
                0x20000d70        0x4 ./Middlewares/Third_Party/FreeRTOS/Source/tasks.o
 .bss.xTickCount
                0x20000d74        0x4 ./Middlewares/Third_Party/FreeRTOS/Source/tasks.o
 .bss.uxTopReadyPriority
                0x20000d78        0x4 ./Middlewares/Third_Party/FreeRTOS/Source/tasks.o
 .bss.xSchedulerRunning
                0x20000d7c        0x4 ./Middlewares/Third_Party/FreeRTOS/Source/tasks.o
 .bss.uxPendedTicks
                0x20000d80        0x4 ./Middlewares/Third_Party/FreeRTOS/Source/tasks.o
 .bss.xYieldPending
                0x20000d84        0x4 ./Middlewares/Third_Party/FreeRTOS/Source/tasks.o
 .bss.xNumOfOverflows
                0x20000d88        0x4 ./Middlewares/Third_Party/FreeRTOS/Source/tasks.o
 .bss.uxTaskNumber
                0x20000d8c        0x4 ./Middlewares/Third_Party/FreeRTOS/Source/tasks.o
 .bss.xNextTaskUnblockTime
                0x20000d90        0x4 ./Middlewares/Third_Party/FreeRTOS/Source/tasks.o
 .bss.xIdleTaskHandle
                0x20000d94        0x4 ./Middlewares/Third_Party/FreeRTOS/Source/tasks.o
 .bss.uxSchedulerSuspended
                0x20000d98        0x4 ./Middlewares/Third_Party/FreeRTOS/Source/tasks.o
 .bss.ucMaxSysCallPriority
                0x20000d9c        0x1 ./Middlewares/Third_Party/FreeRTOS/Source/portable/GCC/ARM_CM7/r0p1/port.o
 *fill*         0x20000d9d        0x3 
 .bss.ulMaxPRIGROUPValue
                0x20000da0        0x4 ./Middlewares/Third_Party/FreeRTOS/Source/portable/GCC/ARM_CM7/r0p1/port.o
 .bss.ucHeap    0x20000da4     0x3c00 ./Middlewares/Third_Party/FreeRTOS/Source/portable/MemMang/heap_4.o
 .bss.xStart    0x200049a4        0x8 ./Middlewares/Third_Party/FreeRTOS/Source/portable/MemMang/heap_4.o
 .bss.pxEnd     0x200049ac        0x4 ./Middlewares/Third_Party/FreeRTOS/Source/portable/MemMang/heap_4.o
 .bss.xFreeBytesRemaining
                0x200049b0        0x4 ./Middlewares/Third_Party/FreeRTOS/Source/portable/MemMang/heap_4.o
 .bss.xMinimumEverFreeBytesRemaining
                0x200049b4        0x4 ./Middlewares/Third_Party/FreeRTOS/Source/portable/MemMang/heap_4.o
 .bss.xBlockAllocatedBit
                0x200049b8        0x4 ./Middlewares/Third_Party/FreeRTOS/Source/portable/MemMang/heap_4.o
 .bss.__sf      0x200049bc      0x138 /opt/st/stm32cubeide_1.15.0/plugins/com.st.stm32cube.ide.mcu.externaltools.gnu-tools-for-stm32.12.3.rel1.linux64_1.0.100.202403111256/tools/bin/../lib/gcc/arm-none-eabi/12.3.1/../../../../arm-none-eabi/lib/thumb/v7e-m+fp/hard/libc_nano.a(libc_a-findfp.o)
                0x200049bc                __sf
 .bss.errno     0x20004af4        0x4 /opt/st/stm32cubeide_1.15.0/plugins/com.st.stm32cube.ide.mcu.externaltools.gnu-tools-for-stm32.12.3.rel1.linux64_1.0.100.202403111256/tools/bin/../lib/gcc/arm-none-eabi/12.3.1/../../../../arm-none-eabi/lib/thumb/v7e-m+fp/hard/libc_nano.a(libc_a-reent.o)
                0x20004af4                errno
 .bss.__lock___malloc_recursive_mutex
                0x20004af8        0x1 /opt/st/stm32cubeide_1.15.0/plugins/com.st.stm32cube.ide.mcu.externaltools.gnu-tools-for-stm32.12.3.rel1.linux64_1.0.100.202403111256/tools/bin/../lib/gcc/arm-none-eabi/12.3.1/../../../../arm-none-eabi/lib/thumb/v7e-m+fp/hard/libc_nano.a(libc_a-lock.o)
                0x20004af8                __lock___malloc_recursive_mutex
 *fill*         0x20004af9        0x3 
 .bss.__malloc_sbrk_start
                0x20004afc        0x4 /opt/st/stm32cubeide_1.15.0/plugins/com.st.stm32cube.ide.mcu.externaltools.gnu-tools-for-stm32.12.3.rel1.linux64_1.0.100.202403111256/tools/bin/../lib/gcc/arm-none-eabi/12.3.1/../../../../arm-none-eabi/lib/thumb/v7e-m+fp/hard/libc_nano.a(libc_a-mallocr.o)
                0x20004afc                __malloc_sbrk_start
 .bss.__malloc_free_list
                0x20004b00        0x4 /opt/st/stm32cubeide_1.15.0/plugins/com.st.stm32cube.ide.mcu.externaltools.gnu-tools-for-stm32.12.3.rel1.linux64_1.0.100.202403111256/tools/bin/../lib/gcc/arm-none-eabi/12.3.1/../../../../arm-none-eabi/lib/thumb/v7e-m+fp/hard/libc_nano.a(libc_a-mallocr.o)
                0x20004b00                __malloc_free_list
 *(COMMON)
                0x20004b04                        . = ALIGN (0x4)
                0x20004b04                        _ebss = .
                0x20004b04                        __bss_end__ = _ebss

._user_heap_stack
                0x20004b04      0x604 load address 0x080107d8
                0x20004b08                        . = ALIGN (0x8)
 *fill*         0x20004b04        0x4 
                [!provide]                        PROVIDE (end = .)
                0x20004b08                        PROVIDE (_end = .)
                0x20004d08                        . = (. + _Min_Heap_Size)
 *fill*         0x20004b08      0x200 
                0x20005108                        . = (. + _Min_Stack_Size)
 *fill*         0x20004d08      0x400 
                0x20005108                        . = ALIGN (0x8)

/DISCARD/
 libc.a(*)
 libm.a(*)
 libgcc.a(*)

.ARM.attributes
                0x00000000       0x30
 *(.ARM.attributes)
 .ARM.attributes
                0x00000000       0x22 /opt/st/stm32cubeide_1.15.0/plugins/com.st.stm32cube.ide.mcu.externaltools.gnu-tools-for-stm32.12.3.rel1.linux64_1.0.100.202403111256/tools/bin/../lib/gcc/arm-none-eabi/12.3.1/thumb/v7e-m+fp/hard/crti.o
 .ARM.attributes
                0x00000022       0x34 /opt/st/stm32cubeide_1.15.0/plugins/com.st.stm32cube.ide.mcu.externaltools.gnu-tools-for-stm32.12.3.rel1.linux64_1.0.100.202403111256/tools/bin/../lib/gcc/arm-none-eabi/12.3.1/thumb/v7e-m+fp/hard/crtbegin.o
 .ARM.attributes
                0x00000056       0x34 ./Core/Src/adc.o
 .ARM.attributes
                0x0000008a       0x34 ./Core/Src/dac.o
 .ARM.attributes
                0x000000be       0x34 ./Core/Src/dma2d.o
 .ARM.attributes
                0x000000f2       0x34 ./Core/Src/fmc.o
 .ARM.attributes
                0x00000126       0x34 ./Core/Src/freertos.o
 .ARM.attributes
                0x0000015a       0x34 ./Core/Src/ft5336.o
 .ARM.attributes
                0x0000018e       0x34 ./Core/Src/gpio.o
 .ARM.attributes
                0x000001c2       0x34 ./Core/Src/i2c.o
 .ARM.attributes
                0x000001f6       0x34 ./Core/Src/ltdc.o
 .ARM.attributes
                0x0000022a       0x34 ./Core/Src/main.o
 .ARM.attributes
                0x0000025e       0x34 ./Core/Src/rtc.o
 .ARM.attributes
                0x00000292       0x34 ./Core/Src/spi.o
 .ARM.attributes
                0x000002c6       0x34 ./Core/Src/stm32746g_discovery.o
 .ARM.attributes
                0x000002fa       0x34 ./Core/Src/stm32746g_discovery_lcd.o
 .ARM.attributes
                0x0000032e       0x34 ./Core/Src/stm32746g_discovery_sdram.o
 .ARM.attributes
                0x00000362       0x34 ./Core/Src/stm32746g_discovery_ts.o
 .ARM.attributes
                0x00000396       0x34 ./Core/Src/stm32f7xx_hal_msp.o
 .ARM.attributes
                0x000003ca       0x34 ./Core/Src/stm32f7xx_hal_timebase_tim.o
 .ARM.attributes
                0x000003fe       0x34 ./Core/Src/stm32f7xx_it.o
 .ARM.attributes
                0x00000432       0x34 ./Core/Src/sysmem.o
 .ARM.attributes
                0x00000466       0x34 ./Core/Src/system_stm32f7xx.o
 .ARM.attributes
                0x0000049a       0x34 ./Core/Src/tim.o
 .ARM.attributes
                0x000004ce       0x34 ./Core/Src/usart.o
 .ARM.attributes
                0x00000502       0x21 ./Core/Startup/startup_stm32f746nghx.o
 .ARM.attributes
                0x00000523       0x34 ./Drivers/STM32F7xx_HAL_Driver/Src/stm32f7xx_hal.o
 .ARM.attributes
                0x00000557       0x34 ./Drivers/STM32F7xx_HAL_Driver/Src/stm32f7xx_hal_adc.o
 .ARM.attributes
                0x0000058b       0x34 ./Drivers/STM32F7xx_HAL_Driver/Src/stm32f7xx_hal_cortex.o
 .ARM.attributes
                0x000005bf       0x34 ./Drivers/STM32F7xx_HAL_Driver/Src/stm32f7xx_hal_dac.o
 .ARM.attributes
                0x000005f3       0x34 ./Drivers/STM32F7xx_HAL_Driver/Src/stm32f7xx_hal_dac_ex.o
 .ARM.attributes
                0x00000627       0x34 ./Drivers/STM32F7xx_HAL_Driver/Src/stm32f7xx_hal_dma.o
 .ARM.attributes
                0x0000065b       0x34 ./Drivers/STM32F7xx_HAL_Driver/Src/stm32f7xx_hal_dma2d.o
 .ARM.attributes
                0x0000068f       0x34 ./Drivers/STM32F7xx_HAL_Driver/Src/stm32f7xx_hal_gpio.o
 .ARM.attributes
                0x000006c3       0x34 ./Drivers/STM32F7xx_HAL_Driver/Src/stm32f7xx_hal_i2c.o
 .ARM.attributes
                0x000006f7       0x34 ./Drivers/STM32F7xx_HAL_Driver/Src/stm32f7xx_hal_i2c_ex.o
 .ARM.attributes
                0x0000072b       0x34 ./Drivers/STM32F7xx_HAL_Driver/Src/stm32f7xx_hal_ltdc.o
 .ARM.attributes
                0x0000075f       0x34 ./Drivers/STM32F7xx_HAL_Driver/Src/stm32f7xx_hal_pwr.o
 .ARM.attributes
                0x00000793       0x34 ./Drivers/STM32F7xx_HAL_Driver/Src/stm32f7xx_hal_pwr_ex.o
 .ARM.attributes
                0x000007c7       0x34 ./Drivers/STM32F7xx_HAL_Driver/Src/stm32f7xx_hal_rcc.o
 .ARM.attributes
                0x000007fb       0x34 ./Drivers/STM32F7xx_HAL_Driver/Src/stm32f7xx_hal_rcc_ex.o
 .ARM.attributes
                0x0000082f       0x34 ./Drivers/STM32F7xx_HAL_Driver/Src/stm32f7xx_hal_rtc.o
 .ARM.attributes
                0x00000863       0x34 ./Drivers/STM32F7xx_HAL_Driver/Src/stm32f7xx_hal_rtc_ex.o
 .ARM.attributes
                0x00000897       0x34 ./Drivers/STM32F7xx_HAL_Driver/Src/stm32f7xx_hal_sdram.o
 .ARM.attributes
                0x000008cb       0x34 ./Drivers/STM32F7xx_HAL_Driver/Src/stm32f7xx_hal_spi.o
 .ARM.attributes
                0x000008ff       0x34 ./Drivers/STM32F7xx_HAL_Driver/Src/stm32f7xx_hal_tim.o
 .ARM.attributes
                0x00000933       0x34 ./Drivers/STM32F7xx_HAL_Driver/Src/stm32f7xx_hal_tim_ex.o
 .ARM.attributes
                0x00000967       0x34 ./Drivers/STM32F7xx_HAL_Driver/Src/stm32f7xx_hal_uart.o
 .ARM.attributes
                0x0000099b       0x34 ./Drivers/STM32F7xx_HAL_Driver/Src/stm32f7xx_ll_fmc.o
 .ARM.attributes
                0x000009cf       0x34 ./Middlewares/Third_Party/FreeRTOS/Source/CMSIS_RTOS/cmsis_os.o
 .ARM.attributes
                0x00000a03       0x34 ./Middlewares/Third_Party/FreeRTOS/Source/list.o
 .ARM.attributes
                0x00000a37       0x34 ./Middlewares/Third_Party/FreeRTOS/Source/tasks.o
 .ARM.attributes
                0x00000a6b       0x34 ./Middlewares/Third_Party/FreeRTOS/Source/portable/GCC/ARM_CM7/r0p1/port.o
 .ARM.attributes
                0x00000a9f       0x34 ./Middlewares/Third_Party/FreeRTOS/Source/portable/MemMang/heap_4.o
 .ARM.attributes
                0x00000ad3       0x34 /opt/st/stm32cubeide_1.15.0/plugins/com.st.stm32cube.ide.mcu.externaltools.gnu-tools-for-stm32.12.3.rel1.linux64_1.0.100.202403111256/tools/bin/../lib/gcc/arm-none-eabi/12.3.1/../../../../arm-none-eabi/lib/thumb/v7e-m+fp/hard/libc_nano.a(libc_a-findfp.o)
 .ARM.attributes
                0x00000b07       0x34 /opt/st/stm32cubeide_1.15.0/plugins/com.st.stm32cube.ide.mcu.externaltools.gnu-tools-for-stm32.12.3.rel1.linux64_1.0.100.202403111256/tools/bin/../lib/gcc/arm-none-eabi/12.3.1/../../../../arm-none-eabi/lib/thumb/v7e-m+fp/hard/libc_nano.a(libc_a-sprintf.o)
 .ARM.attributes
                0x00000b3b       0x34 /opt/st/stm32cubeide_1.15.0/plugins/com.st.stm32cube.ide.mcu.externaltools.gnu-tools-for-stm32.12.3.rel1.linux64_1.0.100.202403111256/tools/bin/../lib/gcc/arm-none-eabi/12.3.1/../../../../arm-none-eabi/lib/thumb/v7e-m+fp/hard/libc_nano.a(libc_a-memset.o)
 .ARM.attributes
                0x00000b6f       0x34 /opt/st/stm32cubeide_1.15.0/plugins/com.st.stm32cube.ide.mcu.externaltools.gnu-tools-for-stm32.12.3.rel1.linux64_1.0.100.202403111256/tools/bin/../lib/gcc/arm-none-eabi/12.3.1/../../../../arm-none-eabi/lib/thumb/v7e-m+fp/hard/libc_nano.a(libc_a-reent.o)
 .ARM.attributes
                0x00000ba3       0x34 /opt/st/stm32cubeide_1.15.0/plugins/com.st.stm32cube.ide.mcu.externaltools.gnu-tools-for-stm32.12.3.rel1.linux64_1.0.100.202403111256/tools/bin/../lib/gcc/arm-none-eabi/12.3.1/../../../../arm-none-eabi/lib/thumb/v7e-m+fp/hard/libc_nano.a(libc_a-impure.o)
 .ARM.attributes
                0x00000bd7       0x34 /opt/st/stm32cubeide_1.15.0/plugins/com.st.stm32cube.ide.mcu.externaltools.gnu-tools-for-stm32.12.3.rel1.linux64_1.0.100.202403111256/tools/bin/../lib/gcc/arm-none-eabi/12.3.1/../../../../arm-none-eabi/lib/thumb/v7e-m+fp/hard/libc_nano.a(libc_a-errno.o)
 .ARM.attributes
                0x00000c0b       0x34 /opt/st/stm32cubeide_1.15.0/plugins/com.st.stm32cube.ide.mcu.externaltools.gnu-tools-for-stm32.12.3.rel1.linux64_1.0.100.202403111256/tools/bin/../lib/gcc/arm-none-eabi/12.3.1/../../../../arm-none-eabi/lib/thumb/v7e-m+fp/hard/libc_nano.a(libc_a-init.o)
 .ARM.attributes
                0x00000c3f       0x34 /opt/st/stm32cubeide_1.15.0/plugins/com.st.stm32cube.ide.mcu.externaltools.gnu-tools-for-stm32.12.3.rel1.linux64_1.0.100.202403111256/tools/bin/../lib/gcc/arm-none-eabi/12.3.1/../../../../arm-none-eabi/lib/thumb/v7e-m+fp/hard/libc_nano.a(libc_a-lock.o)
 .ARM.attributes
                0x00000c73       0x34 /opt/st/stm32cubeide_1.15.0/plugins/com.st.stm32cube.ide.mcu.externaltools.gnu-tools-for-stm32.12.3.rel1.linux64_1.0.100.202403111256/tools/bin/../lib/gcc/arm-none-eabi/12.3.1/../../../../arm-none-eabi/lib/thumb/v7e-m+fp/hard/libc_nano.a(libc_a-memcpy-stub.o)
 .ARM.attributes
                0x00000ca7       0x34 /opt/st/stm32cubeide_1.15.0/plugins/com.st.stm32cube.ide.mcu.externaltools.gnu-tools-for-stm32.12.3.rel1.linux64_1.0.100.202403111256/tools/bin/../lib/gcc/arm-none-eabi/12.3.1/../../../../arm-none-eabi/lib/thumb/v7e-m+fp/hard/libc_nano.a(libc_a-freer.o)
 .ARM.attributes
                0x00000cdb       0x34 /opt/st/stm32cubeide_1.15.0/plugins/com.st.stm32cube.ide.mcu.externaltools.gnu-tools-for-stm32.12.3.rel1.linux64_1.0.100.202403111256/tools/bin/../lib/gcc/arm-none-eabi/12.3.1/../../../../arm-none-eabi/lib/thumb/v7e-m+fp/hard/libc_nano.a(libc_a-mallocr.o)
 .ARM.attributes
                0x00000d0f       0x34 /opt/st/stm32cubeide_1.15.0/plugins/com.st.stm32cube.ide.mcu.externaltools.gnu-tools-for-stm32.12.3.rel1.linux64_1.0.100.202403111256/tools/bin/../lib/gcc/arm-none-eabi/12.3.1/../../../../arm-none-eabi/lib/thumb/v7e-m+fp/hard/libc_nano.a(libc_a-mlock.o)
 .ARM.attributes
                0x00000d43       0x34 /opt/st/stm32cubeide_1.15.0/plugins/com.st.stm32cube.ide.mcu.externaltools.gnu-tools-for-stm32.12.3.rel1.linux64_1.0.100.202403111256/tools/bin/../lib/gcc/arm-none-eabi/12.3.1/../../../../arm-none-eabi/lib/thumb/v7e-m+fp/hard/libc_nano.a(libc_a-nano-svfprintf.o)
 .ARM.attributes
                0x00000d77       0x34 /opt/st/stm32cubeide_1.15.0/plugins/com.st.stm32cube.ide.mcu.externaltools.gnu-tools-for-stm32.12.3.rel1.linux64_1.0.100.202403111256/tools/bin/../lib/gcc/arm-none-eabi/12.3.1/../../../../arm-none-eabi/lib/thumb/v7e-m+fp/hard/libc_nano.a(libc_a-nano-vfprintf_i.o)
 .ARM.attributes