../Core/Src/freertos.c:158:6:vApplicationGetIdleTaskMemory	24	static
../Core/Src/freertos.c:172:6:MX_FREERTOS_Init	168	static
../Core/Src/freertos.c:231:6:StartDefaultTask	16	static
../Core/Src/freertos.c:249:6:StartDisplayTask	328	static
../Core/Src/freertos.c:380:6:StartJoystickTask	16	static
../Core/Src/freertos.c:419:6:StartManageBodyParts	64	static
../Core/Src/freertos.c:642:6:StartTsHandlerTask	16	static
../Core/Src/freertos.c:690:15:whatBodyPart	16	static
../Core/Src/freertos.c:760:9:isSnakePosition	24	static
../Core/Src/freertos.c:776:9:isApplePosition	24	static
../Core/Src/freertos.c:789:6:restartGame	16	static
../Core/Src/freertos.c:810:6:displayGameStatus	8	static
