../Core/Src/freertos.c:153:6:vApplicationGetIdleTaskMemory	24	static
../Core/Src/freertos.c:167:6:MX_FREERTOS_Init	168	static
../Core/Src/freertos.c:226:6:StartDefaultTask	16	static
../Core/Src/freertos.c:244:6:StartDisplayTask	224	static
../Core/Src/freertos.c:360:6:StartJoystickTask	16	static
../Core/Src/freertos.c:399:6:StartManageBodyParts	56	static
../Core/Src/freertos.c:603:6:StartTsHandlerTask	16	static
../Core/Src/freertos.c:642:15:whatBodyPart	16	static
../Core/Src/freertos.c:707:9:isSnakePosition	24	static
../Core/Src/freertos.c:723:6:restartGame	8	static
../Core/Src/freertos.c:736:6:displayGameStatus	8	static
