../Core/Src/freertos.c:205:6:vApplicationGetIdleTaskMemory	24	static
../Core/Src/freertos.c:219:6:MX_FREERTOS_Init	208	static
../Core/Src/freertos.c:287:6:StartDefaultTask	16	static
../Core/Src/freertos.c:305:6:StartDisplayTask	328	static
../Core/Src/freertos.c:440:6:StartJoystickTask	16	static
../Core/Src/freertos.c:479:6:StartManageBodyParts	72	static
../Core/Src/freertos.c:705:6:StartTsHandlerTask	16	static
../Core/Src/freertos.c:757:6:StartPlaySongTask	32	static
../Core/Src/freertos.c:799:15:whatBodyPart	16	static
../Core/Src/freertos.c:868:9:isSnakePosition	24	static
../Core/Src/freertos.c:884:9:isApplePosition	24	static
../Core/Src/freertos.c:897:6:restartGame	16	static
../Core/Src/freertos.c:920:6:displayGameStatus	8	static
../Core/Src/freertos.c:945:6:initSD	24	static
../Core/Src/freertos.c:985:6:initAudio	24	static
../Core/Src/freertos.c:1008:6:loadSong	8	static
../Core/Src/freertos.c:1018:6:readHeader	24	static
../Core/Src/freertos.c:1047:6:BSP_AUDIO_OUT_TransferComplete_CallBack	16	static
../Core/Src/freertos.c:1052:6:BSP_AUDIO_OUT_HalfTransfer_CallBack	16	static
