../Core/Src/freertos.c:194:6:vApplicationGetIdleTaskMemory	24	static
../Core/Src/freertos.c:208:6:MX_FREERTOS_Init	208	static
../Core/Src/freertos.c:276:6:StartDefaultTask	16	static
../Core/Src/freertos.c:294:6:StartDisplayTask	328	static
../Core/Src/freertos.c:429:6:StartJoystickTask	16	static
../Core/Src/freertos.c:468:6:StartManageBodyParts	72	static
../Core/Src/freertos.c:694:6:StartTsHandlerTask	16	static
../Core/Src/freertos.c:746:6:StartPlaySongTask	32	static
../Core/Src/freertos.c:788:15:whatBodyPart	16	static
../Core/Src/freertos.c:857:9:isSnakePosition	24	static
../Core/Src/freertos.c:873:9:isApplePosition	24	static
../Core/Src/freertos.c:886:6:restartGame	16	static
../Core/Src/freertos.c:909:6:displayGameStatus	8	static
../Core/Src/freertos.c:934:6:initSD	8	static
../Core/Src/freertos.c:945:6:initAudio	24	static
../Core/Src/freertos.c:968:6:loadSong	8	static
../Core/Src/freertos.c:978:6:readHeader	24	static
../Core/Src/freertos.c:1007:6:BSP_AUDIO_OUT_TransferComplete_CallBack	16	static
../Core/Src/freertos.c:1012:6:BSP_AUDIO_OUT_HalfTransfer_CallBack	16	static
