../Core/Src/freertos.c:156:6:vApplicationGetIdleTaskMemory	24	static
../Core/Src/freertos.c:170:6:MX_FREERTOS_Init	168	static
../Core/Src/freertos.c:229:6:StartDefaultTask	16	static
../Core/Src/freertos.c:247:6:StartDisplayTask	224	static
../Core/Src/freertos.c:365:6:StartJoystickTask	16	static
../Core/Src/freertos.c:404:6:StartManageBodyParts	56	static
../Core/Src/freertos.c:609:6:StartTsHandlerTask	16	static
../Core/Src/freertos.c:655:15:whatBodyPart	16	static
../Core/Src/freertos.c:720:9:isSnakePosition	24	static
../Core/Src/freertos.c:736:9:isApplePosition	24	static
../Core/Src/freertos.c:749:6:restartGame	16	static
../Core/Src/freertos.c:770:6:displayGameStatus	8	static
