../Drivers/CMSIS/Include/core_cm7.h:2229:22:SCB_EnableICache	4	static,ignoring_inline_asm
../Drivers/CMSIS/Include/core_cm7.h:2281:22:SCB_EnableDCache	24	static,ignoring_inline_asm
../Core/Src/main.c:167:6:SD_Init	8	static
../Core/Src/main.c:179:6:Audio_Init	24	static
../Core/Src/main.c:214:6:LCD_Init	16	static
../Core/Src/main.c:242:6:read_header	24	static
../Core/Src/main.c:271:6:Charge_Wave	8	static
../Core/Src/main.c:287:5:main	232	static
../Core/Src/main.c:423:6:SystemClock_Config	88	static
../Core/Src/main.c:478:6:PeriphCommonClock_Config	144	static
../Core/Src/main.c:505:13:MX_ADC1_Init	24	static
../Core/Src/main.c:556:13:MX_ADC3_Init	24	static
../Core/Src/main.c:607:13:MX_DMA2D_Init	8	static
../Core/Src/main.c:643:13:MX_LTDC_Init	64	static
../Core/Src/main.c:704:13:MX_SAI2_Init	8	static
../Core/Src/main.c:778:13:MX_SDMMC1_SD_Init	4	static
../Core/Src/main.c:805:13:MX_USART1_UART_Init	8	static
../Core/Src/main.c:837:13:MX_DMA_Init	16	static
../Core/Src/main.c:859:13:MX_FMC_Init	40	static
../Core/Src/main.c:938:13:MX_GPIO_Init	72	static
../Core/Src/main.c:1270:6:BSP_AUDIO_OUT_TransferComplete_CallBack	16	static
../Core/Src/main.c:1276:6:BSP_AUDIO_OUT_HalfTransfer_CallBack	16	static
../Core/Src/main.c:1290:6:Play_Wave	32	static
../Core/Src/main.c:1340:6:Affichage_Pic	16	static
../Core/Src/main.c:1359:6:deplac_pok	16	static
../Core/Src/main.c:1378:6:deplacement	16	static
../Core/Src/main.c:1396:6:combat	16	static
../Core/Src/main.c:1414:6:Demarrage	56	static
../Core/Src/main.c:1472:6:chgZone	16	static
../Core/Src/main.c:1491:6:HAL_TIM_PeriodElapsedCallback	16	static
../Core/Src/main.c:1509:6:Error_Handler	4	static,ignoring_inline_asm
