../Drivers/CMSIS/Include/core_cm7.h:2229:22:SCB_EnableICache	4	static,ignoring_inline_asm
../Drivers/CMSIS/Include/core_cm7.h:2281:22:SCB_EnableDCache	24	static,ignoring_inline_asm
../Core/Src/main.c:159:6:SD_Init	8	static
../Core/Src/main.c:171:6:Audio_Init	24	static
../Core/Src/main.c:206:6:LCD_Init	16	static
../Core/Src/main.c:234:6:read_header	24	static
../Core/Src/main.c:262:6:Charge_Wave	8	static
../Core/Src/main.c:277:5:main	232	static
../Core/Src/main.c:413:6:SystemClock_Config	88	static
../Core/Src/main.c:468:6:PeriphCommonClock_Config	144	static
../Core/Src/main.c:495:13:MX_ADC1_Init	24	static
../Core/Src/main.c:546:13:MX_ADC3_Init	24	static
../Core/Src/main.c:597:13:MX_DMA2D_Init	8	static
../Core/Src/main.c:633:13:MX_LTDC_Init	64	static
../Core/Src/main.c:694:13:MX_SAI2_Init	8	static
../Core/Src/main.c:768:13:MX_SDMMC1_SD_Init	4	static
../Core/Src/main.c:795:13:MX_USART1_UART_Init	8	static
../Core/Src/main.c:827:13:MX_DMA_Init	16	static
../Core/Src/main.c:849:13:MX_FMC_Init	40	static
../Core/Src/main.c:928:13:MX_GPIO_Init	72	static
../Core/Src/main.c:1260:6:BSP_AUDIO_OUT_TransferComplete_CallBack	16	static
../Core/Src/main.c:1266:6:BSP_AUDIO_OUT_HalfTransfer_CallBack	16	static
../Core/Src/main.c:1280:6:Play_Wave	32	static
../Core/Src/main.c:1330:6:Affichage_Pic	16	static
../Core/Src/main.c:1349:6:deplac_pok	16	static
../Core/Src/main.c:1368:6:deplacement	16	static
../Core/Src/main.c:1386:6:combat	16	static
../Core/Src/main.c:1404:6:Demarrage	56	static
../Core/Src/main.c:1461:6:chgZone	16	static
../Core/Src/main.c:1480:6:HAL_TIM_PeriodElapsedCallback	16	static
../Core/Src/main.c:1498:6:Error_Handler	4	static,ignoring_inline_asm
