../Drivers/CMSIS/Include/core_cm7.h:2229:22:SCB_EnableICache	4	static,ignoring_inline_asm
../Drivers/CMSIS/Include/core_cm7.h:2281:22:SCB_EnableDCache	24	static,ignoring_inline_asm
../Core/Src/main.c:215:15:whatBodyPart	16	static
../Core/Src/main.c:289:9:isSnakePosition	24	static
../Core/Src/main.c:306:9:isApplePosition	24	static
../Core/Src/main.c:320:6:updateJoystickDirection	24	static
../Core/Src/main.c:357:6:restartGame	16	static
../Core/Src/main.c:383:6:displayGameStatus	8	static
../Core/Src/main.c:412:6:initializeSD	8	static
../Core/Src/main.c:420:6:initializeAudio	24	static
../Core/Src/main.c:445:6:extractHeaderInfo	16	static
../Core/Src/main.c:468:6:loadWav	8	static
../Core/Src/main.c:490:5:main	184	static
../Core/Src/main.c:617:6:SystemClock_Config	88	static
../Core/Src/main.c:672:6:PeriphCommonClock_Config	144	static
../Core/Src/main.c:699:13:MX_ADC1_Init	24	static
../Core/Src/main.c:750:13:MX_ADC3_Init	24	static
../Core/Src/main.c:801:13:MX_DMA2D_Init	8	static
../Core/Src/main.c:837:13:MX_LTDC_Init	64	static
../Core/Src/main.c:898:13:MX_SAI2_Init	8	static
../Core/Src/main.c:972:13:MX_SDMMC1_SD_Init	4	static
../Core/Src/main.c:999:13:MX_USART1_UART_Init	8	static
../Core/Src/main.c:1031:13:MX_DMA_Init	16	static
../Core/Src/main.c:1053:13:MX_FMC_Init	40	static
../Core/Src/main.c:1132:13:MX_GPIO_Init	72	static
../Core/Src/main.c:1464:6:BSP_AUDIO_OUT_TransferComplete_CallBack	16	static
../Core/Src/main.c:1470:6:BSP_AUDIO_OUT_HalfTransfer_CallBack	16	static
../Core/Src/main.c:1484:6:StartDefaultTask	16	static
../Core/Src/main.c:1503:6:StartDisplayTask	336	static
../Core/Src/main.c:1683:6:StartManageBodyParts	72	static
../Core/Src/main.c:1947:6:StartTsHandler	16	static
../Core/Src/main.c:2005:6:StartPlaySongTask	32	static
../Core/Src/main.c:2036:6:HAL_TIM_PeriodElapsedCallback	16	static
../Core/Src/main.c:2054:6:Error_Handler	4	static,ignoring_inline_asm
