../Drivers/CMSIS/Include/core_cm7.h:2229:22:SCB_EnableICache	4	static,ignoring_inline_asm
../Drivers/CMSIS/Include/core_cm7.h:2281:22:SCB_EnableDCache	24	static,ignoring_inline_asm
../Core/Src/main.c:211:15:whatBodyPart	16	static
../Core/Src/main.c:285:9:isSnakePosition	24	static
../Core/Src/main.c:302:9:isApplePosition	24	static
../Core/Src/main.c:316:6:updateJoystickDirection	24	static
../Core/Src/main.c:353:6:restartGame	16	static
../Core/Src/main.c:379:6:displayGameStatus	8	static
../Core/Src/main.c:408:6:initializeSD	8	static
../Core/Src/main.c:416:6:initializeAudio	24	static
../Core/Src/main.c:441:6:extractHeaderInfo	16	static
../Core/Src/main.c:464:6:loadWav	8	static
../Core/Src/main.c:479:5:main	184	static
../Core/Src/main.c:606:6:SystemClock_Config	88	static
../Core/Src/main.c:661:6:PeriphCommonClock_Config	144	static
../Core/Src/main.c:688:13:MX_ADC1_Init	24	static
../Core/Src/main.c:739:13:MX_ADC3_Init	24	static
../Core/Src/main.c:790:13:MX_DMA2D_Init	8	static
../Core/Src/main.c:826:13:MX_LTDC_Init	64	static
../Core/Src/main.c:887:13:MX_SAI2_Init	8	static
../Core/Src/main.c:961:13:MX_SDMMC1_SD_Init	4	static
../Core/Src/main.c:988:13:MX_USART1_UART_Init	8	static
../Core/Src/main.c:1020:13:MX_DMA_Init	16	static
../Core/Src/main.c:1042:13:MX_FMC_Init	40	static
../Core/Src/main.c:1121:13:MX_GPIO_Init	72	static
../Core/Src/main.c:1453:6:BSP_AUDIO_OUT_TransferComplete_CallBack	16	static
../Core/Src/main.c:1459:6:BSP_AUDIO_OUT_HalfTransfer_CallBack	16	static
../Core/Src/main.c:1473:6:StartDefaultTask	16	static
../Core/Src/main.c:1492:6:StartDisplayTask	336	static
../Core/Src/main.c:1672:6:StartManageBodyParts	72	static
../Core/Src/main.c:1936:6:StartTsHandler	16	static
../Core/Src/main.c:1994:6:StartPlaySongTask	24	static
../Core/Src/main.c:2033:6:HAL_TIM_PeriodElapsedCallback	16	static
../Core/Src/main.c:2051:6:Error_Handler	4	static,ignoring_inline_asm
