../Core/Src/stm32746g_discovery_audio.c:180:9:BSP_AUDIO_OUT_Init	32	static
../Core/Src/stm32746g_discovery_audio.c:228:9:BSP_AUDIO_OUT_Play	16	static
../Core/Src/stm32746g_discovery_audio.c:247:6:BSP_AUDIO_OUT_ChangeBuffer	16	static
../Core/Src/stm32746g_discovery_audio.c:259:9:BSP_AUDIO_OUT_Pause	8	static
../Core/Src/stm32746g_discovery_audio.c:279:9:BSP_AUDIO_OUT_Resume	8	static
../Core/Src/stm32746g_discovery_audio.c:301:9:BSP_AUDIO_OUT_Stop	16	static
../Core/Src/stm32746g_discovery_audio.c:324:9:BSP_AUDIO_OUT_SetVolume	16	static
../Core/Src/stm32746g_discovery_audio.c:340:9:BSP_AUDIO_OUT_SetMute	16	static
../Core/Src/stm32746g_discovery_audio.c:357:9:BSP_AUDIO_OUT_SetOutputMode	16	static
../Core/Src/stm32746g_discovery_audio.c:374:6:BSP_AUDIO_OUT_SetFrequency	16	static
../Core/Src/stm32746g_discovery_audio.c:400:6:BSP_AUDIO_OUT_SetAudioFrameSlot	16	static
../Core/Src/stm32746g_discovery_audio.c:416:6:BSP_AUDIO_OUT_DeInit	8	static
../Core/Src/stm32746g_discovery_audio.c:427:6:HAL_SAI_TxCpltCallback	16	static
../Core/Src/stm32746g_discovery_audio.c:438:6:HAL_SAI_TxHalfCpltCallback	16	static
../Core/Src/stm32746g_discovery_audio.c:449:6:HAL_SAI_ErrorCallback	24	static
../Core/Src/stm32746g_discovery_audio.c:472:13:BSP_AUDIO_OUT_TransferComplete_CallBack	4	static
../Core/Src/stm32746g_discovery_audio.c:479:13:BSP_AUDIO_OUT_HalfTransfer_CallBack	4	static
../Core/Src/stm32746g_discovery_audio.c:486:13:BSP_AUDIO_OUT_Error_CallBack	4	static
../Core/Src/stm32746g_discovery_audio.c:495:13:BSP_AUDIO_OUT_MspInit	56	static
../Core/Src/stm32746g_discovery_audio.c:577:13:BSP_AUDIO_OUT_MspDeInit	40	static
../Core/Src/stm32746g_discovery_audio.c:620:13:BSP_AUDIO_OUT_ClockConfig	160	static
../Core/Src/stm32746g_discovery_audio.c:668:13:SAIx_Out_Init	16	static
../Core/Src/stm32746g_discovery_audio.c:721:13:SAIx_Out_DeInit	8	static
../Core/Src/stm32746g_discovery_audio.c:746:9:BSP_AUDIO_IN_Init	24	static
../Core/Src/stm32746g_discovery_audio.c:759:9:BSP_AUDIO_IN_InitEx	48	static
../Core/Src/stm32746g_discovery_audio.c:826:9:BSP_AUDIO_IN_OUT_Init	48	static
../Core/Src/stm32746g_discovery_audio.c:900:9:BSP_AUDIO_IN_Record	24	static
../Core/Src/stm32746g_discovery_audio.c:921:9:BSP_AUDIO_IN_Stop	16	static
../Core/Src/stm32746g_discovery_audio.c:942:9:BSP_AUDIO_IN_Pause	8	static
../Core/Src/stm32746g_discovery_audio.c:953:9:BSP_AUDIO_IN_Resume	8	static
../Core/Src/stm32746g_discovery_audio.c:965:9:BSP_AUDIO_IN_SetVolume	16	static
../Core/Src/stm32746g_discovery_audio.c:981:6:BSP_AUDIO_IN_DeInit	8	static
../Core/Src/stm32746g_discovery_audio.c:992:6:HAL_SAI_RxCpltCallback	16	static
../Core/Src/stm32746g_discovery_audio.c:1002:6:HAL_SAI_RxHalfCpltCallback	16	static
../Core/Src/stm32746g_discovery_audio.c:1012:13:BSP_AUDIO_IN_TransferComplete_CallBack	4	static
../Core/Src/stm32746g_discovery_audio.c:1022:13:BSP_AUDIO_IN_HalfTransfer_CallBack	4	static
../Core/Src/stm32746g_discovery_audio.c:1032:13:BSP_AUDIO_IN_Error_CallBack	4	static
../Core/Src/stm32746g_discovery_audio.c:1043:13:BSP_AUDIO_IN_MspInit	56	static
../Core/Src/stm32746g_discovery_audio.c:1115:13:BSP_AUDIO_IN_MspDeInit	40	static
../Core/Src/stm32746g_discovery_audio.c:1154:13:SAIx_In_Init	24	static
../Core/Src/stm32746g_discovery_audio.c:1257:13:SAIx_In_DeInit	8	static
